Microchip MPLAB XC8 Compiler V1.21 ()

Linker command line:

--edf=C:\Programmi\Microchip\xc8\v1.21\dat\en_msgs.txt -cs \
  -h+dist/default/debug\Base.X.debug.sym \
  --cmf=dist/default/debug\Base.X.debug.cmf -z -Q16F1518 \
  -oC:\DOCUME~1\User\IMPOST~1\Temp\s3vo.6 \
  -Mdist/default/debug/Base.X.debug.map -E1 -ver=XC8 -ACONST=00h-0FFhx64 \
  -ACODE=00h-07FFhx8 -ASTRCODE=00h-03FFFh -AENTRY=00h-0FFhx64 \
  -ASTRING=00h-0FFhx64 -ACOMMON=070h-07Fh -ABANK0=020h-06Fh \
  -ABANK1=0A0h-0EFh -ABANK2=0120h-016Fh -ABANK3=01A0h-01EFh \
  -ABANK4=0220h-026Fh -ABANK5=02A0h-02EFh -ABANK6=0320h-036Fh \
  -ABANK7=03A0h-03EFh -ABANK8=0420h-046Fh -ABANK9=04A0h-04EFh \
  -ABANK10=0520h-056Fh -ABANK11=05A0h-05EFh -ABANK12=0620h-064Fh \
  -ABIGRAM=02000h-023EFh \
  -ARAM=020h-06Fh,0A0h-0EFh,0120h-016Fh,01A0h-01EFh,0220h-026Fh,02A0h-02EFh,0320h-036Fh,03A0h-03EFh,0420h-046Fh,04A0h-04EFh,0520h-056Fh,05A0h-05EFh,0620h-064Fh \
  -AABS1=020h-07Fh,0A0h-0EFh,0120h-016Fh,01A0h-01EFh,0220h-026Fh,02A0h-02EFh,0320h-036Fh,03A0h-03EFh,0420h-046Fh,04A0h-04EFh,0520h-056Fh,05A0h-05EFh,0620h-064Fh \
  -ASFR0=00h-01Fh -ASFR1=080h-09Fh -ASFR2=0100h-011Fh -ASFR3=0180h-019Fh \
  -ASFR4=0200h-021Fh -ASFR5=0280h-029Fh -ASFR6=0300h-031Fh \
  -ASFR7=0380h-039Fh -ASFR8=0400h-041Fh -ASFR9=0480h-049Fh \
  -ASFR10=0500h-051Fh -ASFR11=0580h-059Fh -ASFR12=0600h-061Fh \
  -ASFR13=0680h-06EFh -ASFR14=0700h-076Fh -ASFR15=0780h-07EFh \
  -ASFR16=0800h-086Fh -ASFR17=0880h-08EFh -ASFR18=0900h-096Fh \
  -ASFR19=0980h-09EFh -ASFR20=0A00h-0A6Fh -ASFR21=0A80h-0AEFh \
  -ASFR22=0B00h-0B6Fh -ASFR23=0B80h-0BEFh -ASFR24=0C00h-0C6Fh \
  -ASFR25=0C80h-0CEFh -ASFR26=0D00h-0D6Fh -ASFR27=0D80h-0DEFh \
  -ASFR28=0E00h-0E6Fh -ASFR29=0E80h-0EEFh -ASFR30=0F00h-0F6Fh \
  -ASFR31=0F80h-0FEFh -preset_vec=00h,intentry=04h,init,end_init \
  -ppowerup=CODE -pcinit=CODE -pfunctab=CODE -ACONFIG=08007h-08008h \
  -pconfig=CONFIG -DCONFIG=2 -AIDLOC=08000h-08003h -pidloc=IDLOC -DIDLOC=2 \
  -DCODE=2 -DSTRCODE=2 -DSTRING=2 -DCONST=2 -DENTRY=2 -k \
  C:\DOCUME~1\User\IMPOST~1\Temp\s3vo.obj \
  dist/default/debug\Base.X.debug.obj 

Object code version is 3.11

Machine type is 16F1518



                Name                               Link     Load   Length Selector   Space Scale
C:\DOCUME~1\User\IMPOST~1\Temp\s3vo.obj
                end_init                             11       11        2        8       0
                reset_vec                             0        0        3        0       0
                config                             8007     8007        2    1000E       0
dist/default/debug\Base.X.debug.obj
                cinit                                13       13       2D        8       0
                intentry                              4        4        D        8       0
                text73                             1498     1498        6     2930       0
                text71                             15D3     15D3       17     2BA6       0
                text70                              839      839       17     1072       0
                text69                             16A8     16A8       1E     2D50       0
                text68                             166E     166E       1D     2CDC       0
                text67                             1594     1594       14     2B28       0
                text66                             16C6     16C6       1F     2D8C       0
                text65                              9AA      9AA       32     1354       0
                text64                             14D1     14D1        B     29A2       0
                text63                             1536     1536       12     2A6C       0
                text62                             178D     178D       26     2F1A       0
                text61                             15EA     15EA       19     2BD4       0
                text60                             1652     1652       1C     2CA4       0
                text59                             1514     1514       11     2A28       0
                text58                              9DC      9DC       32     13B8       0
                text57                              CAD      CAD       56     195A       0
                text56                              8F5      8F5       2C     11EA       0
                text55                              AB2      AB2       3E     1564       0
                text54                             1548     1548       13     2A90       0
                text53                             17D9     17D9       27     2FB2       0
                text52                             155B     155B       13     2AB6       0
                text51                              651      651       BF        8       0
                text50                             156E     156E       13     2ADC       0
                text49                             1581     1581       13     2B02       0
                text48                             14DC     14DC        C     29B8       0
                text47                             161C     161C       1B     2C38       0
                text46                             15BD     15BD       16     2B7A       0
                text45                             14BE     14BE        9     297C       0
                text44                              AF0      AF0       40     15E0       0
                text43                              B73      B73       46     16E6       0
                text42                              A41      A41       36     1482       0
                text41                              94D      94D       2E     129A       0
                text40                              DBA      DBA       74     1B74       0
                text39                              850      850       28     10A0       0
                text38                             14E8     14E8        E     29D0       0
                text37                              C07      C07       53     180E       0
                text36                              B30      B30       43     1660       0
                text35                             168B     168B       1D     2D16       0
                text34                              2B9      2B9      1DC        8       0
                text33                              A77      A77       3B     14EE       0
                text32                              D5A      D5A       60     1AB4       0
                text31                              710      710       B4        8       0
                text30                             14B6     14B6        8     296C       0
                text29                              495      495       F6        8       0
                text28                             1603     1603       19     2C06       0
                text27                              E2E      E2E       87     1C5C       0
                text26                              8CA      8CA       2B     1194       0
                text25                              EB5      EB5       A3     1D6A       0
                text24                              C5A      C5A       53     18B4       0
                text23                              58B      58B       C6        8       0
                text22                               40       40      279        8       0
                text21                              8A0      8A0       2A     1140       0
                text20                             149E     149E        6     293C       0
                text19                             17B3     17B3       26     2F66       0
                text18                             1769     1769       24     2ED2       0
                text17                              921      921       2C     1242       0
                text16                             14F6     14F6        E     29EC       0
                text15                              D03      D03       57     1A06       0
                text14                             1724     1724       22     2E48       0
                text13                              F58      F58       A8     1EB0       0
                text12                             14A4     14A4        6     2948       0
                text11                             1746     1746       23     2E8C       0
                text10                              878      878       28     10F0       0
                text9                              14C7     14C7        A     298E       0
                text8                              1504     1504       10     2A08       0
                text7                              15A8     15A8       15     2B50       0
                text6                              1704     1704       20     2E08       0
                text5                              16E5     16E5       1F     2DCA       0
                text4                               7C4      7C4       3B        8       0
                text3                              1637     1637       1B     2C6E       0
                text2                              1493     1493        5     2926       0
                text1                               A0E      A0E       33     141C       0
                maintext                            BB9      BB9       4E     1772       0
                cstackBANK0                          20       20       4E       20       1
                cstackCOMMON                         70       70        C       70       1
                cstackBANK1                          A0       A0       40       A0       1
                inittext                           14AA     14AA        6     2954       0
                clrtext                            14B0     14B0        6     2960       0
                dataBANK3                           1A0      1A0       2F      1A0       1
                dataBANK2                           154      154       11      120       1
                bssBANK2                            120      120       34      120       1
                bssBANK1                             E0       E0        F       A0       1
                bssBANK0                             6E       6E        2       20       1
                bssCOMMON                            7C       7C        1       70       1
                strings                             800      800       39     1000       0
                idataBANK3                          97B      97B       2F     12F6       0
                idataBANK2                         1525     1525       11     2A4A       0

TOTAL           Name                               Link     Load   Length     Space
        CLASS   CONST          

        CLASS   CODE           
                end_init                             11       11        2         0
                cinit                                13       13       2D         0
                intentry                              4        4        D         0
                reset_vec                             0        0        3         0
                text73                             1498     1498        6         0
                text71                             15D3     15D3       17         0
                text70                              839      839       17         0
                text69                             16A8     16A8       1E         0
                text68                             166E     166E       1D         0
                text67                             1594     1594       14         0
                text66                             16C6     16C6       1F         0
                text65                              9AA      9AA       32         0
                text64                             14D1     14D1        B         0
                text63                             1536     1536       12         0
                text62                             178D     178D       26         0
                text61                             15EA     15EA       19         0
                text60                             1652     1652       1C         0
                text59                             1514     1514       11         0
                text58                              9DC      9DC       32         0
                text57                              CAD      CAD       56         0
                text56                              8F5      8F5       2C         0
                text55                              AB2      AB2       3E         0
                text54                             1548     1548       13         0
                text53                             17D9     17D9       27         0
                text52                             155B     155B       13         0
                text51                              651      651       BF         0
                text50                             156E     156E       13         0
                text49                             1581     1581       13         0
                text48                             14DC     14DC        C         0
                text47                             161C     161C       1B         0
                text46                             15BD     15BD       16         0
                text45                             14BE     14BE        9         0
                text44                              AF0      AF0       40         0
                text43                              B73      B73       46         0
                text42                              A41      A41       36         0
                text41                              94D      94D       2E         0
                text40                              DBA      DBA       74         0
                text39                              850      850       28         0
                text38                             14E8     14E8        E         0
                text37                              C07      C07       53         0
                text36                              B30      B30       43         0
                text35                             168B     168B       1D         0
                text34                              2B9      2B9      1DC         0
                text33                              A77      A77       3B         0
                text32                              D5A      D5A       60         0
                text31                              710      710       B4         0
                text30                             14B6     14B6        8         0
                text29                              495      495       F6         0
                text28                             1603     1603       19         0
                text27                              E2E      E2E       87         0
                text26                              8CA      8CA       2B         0
                text25                              EB5      EB5       A3         0
                text24                              C5A      C5A       53         0
                text23                              58B      58B       C6         0
                text22                               40       40      279         0
                text21                              8A0      8A0       2A         0
                text20                             149E     149E        6         0
                text19                             17B3     17B3       26         0
                text18                             1769     1769       24         0
                text17                              921      921       2C         0
                text16                             14F6     14F6        E         0
                text15                              D03      D03       57         0
                text14                             1724     1724       22         0
                text13                              F58      F58       A8         0
                text12                             14A4     14A4        6         0
                text11                             1746     1746       23         0
                text10                              878      878       28         0
                text9                              14C7     14C7        A         0
                text8                              1504     1504       10         0
                text7                              15A8     15A8       15         0
                text6                              1704     1704       20         0
                text5                              16E5     16E5       1F         0
                text4                               7C4      7C4       3B         0
                text3                              1637     1637       1B         0
                text2                              1493     1493        5         0
                text1                               A0E      A0E       33         0
                maintext                            BB9      BB9       4E         0
                inittext                           14AA     14AA        6         0
                clrtext                            14B0     14B0        6         0
                idataBANK3                          97B      97B       2F         0
                idataBANK2                         1525     1525       11         0

        CLASS   STRCODE        

        CLASS   ENTRY          

        CLASS   STRING         
                strings                             800      800       39         0

        CLASS   COMMON         
                cstackCOMMON                         70       70        C         1
                bssCOMMON                            7C       7C        1         1

        CLASS   BANK0          
                cstackBANK0                          20       20       4E         1
                bssBANK0                             6E       6E        2         1

        CLASS   BANK1          
                cstackBANK1                          A0       A0       40         1
                bssBANK1                             E0       E0        F         1

        CLASS   BANK2          
                dataBANK2                           154      154       11         1
                bssBANK2                            120      120       34         1

        CLASS   BANK3          
                dataBANK3                           1A0      1A0       2F         1

        CLASS   BANK4          

        CLASS   BANK5          

        CLASS   BANK6          

        CLASS   BANK7          

        CLASS   BANK8          

        CLASS   BANK9          

        CLASS   BANK10         

        CLASS   BANK11         

        CLASS   BANK12         

        CLASS   BIGRAM         

        CLASS   RAM            

        CLASS   ABS1           
                abs_s1                               7E       7E        2         1

        CLASS   SFR0           

        CLASS   SFR1           

        CLASS   SFR2           

        CLASS   SFR3           

        CLASS   SFR4           

        CLASS   SFR5           

        CLASS   SFR6           

        CLASS   SFR7           

        CLASS   SFR8           

        CLASS   SFR9           

        CLASS   SFR10          

        CLASS   SFR11          

        CLASS   SFR12          

        CLASS   SFR13          

        CLASS   SFR14          

        CLASS   SFR15          

        CLASS   SFR16          

        CLASS   SFR17          

        CLASS   SFR18          

        CLASS   SFR19          

        CLASS   SFR20          

        CLASS   SFR21          

        CLASS   SFR22          

        CLASS   SFR23          

        CLASS   SFR24          

        CLASS   SFR25          

        CLASS   SFR26          

        CLASS   SFR27          

        CLASS   SFR28          

        CLASS   SFR29          

        CLASS   SFR30          

        CLASS   SFR31          

        CLASS   CONFIG         
                config                             8007     8007        2         0

        CLASS   IDLOC          

        CLASS   BANK31         

        CLASS   BANK30         

        CLASS   BANK29         

        CLASS   BANK28         

        CLASS   BANK27         

        CLASS   BANK26         

        CLASS   BANK25         

        CLASS   BANK24         

        CLASS   BANK23         

        CLASS   BANK22         

        CLASS   BANK21         

        CLASS   BANK20         

        CLASS   BANK19         

        CLASS   BANK18         

        CLASS   BANK17         

        CLASS   BANK16         

        CLASS   BANK15         

        CLASS   BANK14         

        CLASS   BANK13         

        CLASS   EEDATA         



SEGMENTS        Name                           Load    Length   Top    Selector   Space  Class     Delta

                reset_vec                      000000  000003  000003         0       0  CODE        2
                intentry                       000004  0007FB  0007FF         8       0  CODE        2
                cstackBANK0                    000020  000050  000070        20       1  BANK0       1
                cstackCOMMON                   000070  00000D  00007D        70       1  COMMON      1
                cstackBANK1                    0000A0  00004F  0000EF        A0       1  BANK1       1
                bssBANK2                       000120  000045  000165       120       1  BANK2       1
                dataBANK3                      0001A0  00002F  0001CF       1A0       1  BANK3       1
                strings                        000800  000039  000839      1000       0  STRING      2
                text70                         000839  000017  000850      1072       0  CODE        2
                text39                         000850  000028  000878      10A0       0  CODE        2
                text10                         000878  000028  0008A0      10F0       0  CODE        2
                text21                         0008A0  00002A  0008CA      1140       0  CODE        2
                text26                         0008CA  00002B  0008F5      1194       0  CODE        2
                text56                         0008F5  00002C  000921      11EA       0  CODE        2
                text17                         000921  00002C  00094D      1242       0  CODE        2
                text41                         00094D  00002E  00097B      129A       0  CODE        2
                idataBANK3                     00097B  00002F  0009AA      12F6       0  CODE        2
                text65                         0009AA  000032  0009DC      1354       0  CODE        2
                text58                         0009DC  000032  000A0E      13B8       0  CODE        2
                text1                          000A0E  000033  000A41      141C       0  CODE        2
                text42                         000A41  000036  000A77      1482       0  CODE        2
                text33                         000A77  00003B  000AB2      14EE       0  CODE        2
                text55                         000AB2  00003E  000AF0      1564       0  CODE        2
                text44                         000AF0  000040  000B30      15E0       0  CODE        2
                text36                         000B30  000043  000B73      1660       0  CODE        2
                text43                         000B73  000046  000BB9      16E6       0  CODE        2
                maintext                       000BB9  00004E  000C07      1772       0  CODE        2
                text37                         000C07  000053  000C5A      180E       0  CODE        2
                text24                         000C5A  000053  000CAD      18B4       0  CODE        2
                text57                         000CAD  000056  000D03      195A       0  CODE        2
                text15                         000D03  000057  000D5A      1A06       0  CODE        2
                text32                         000D5A  000060  000DBA      1AB4       0  CODE        2
                text40                         000DBA  000074  000E2E      1B74       0  CODE        2
                text27                         000E2E  000087  000EB5      1C5C       0  CODE        2
                text25                         000EB5  0000A3  000F58      1D6A       0  CODE        2
                text13                         000F58  0000A8  001000      1EB0       0  CODE        2
                text2                          001493  000005  001498      2926       0  CODE        2
                text73                         001498  000006  00149E      2930       0  CODE        2
                text20                         00149E  000006  0014A4      293C       0  CODE        2
                text12                         0014A4  000006  0014AA      2948       0  CODE        2
                inittext                       0014AA  000006  0014B0      2954       0  CODE        2
                clrtext                        0014B0  000006  0014B6      2960       0  CODE        2
                text30                         0014B6  000008  0014BE      296C       0  CODE        2
                text45                         0014BE  000009  0014C7      297C       0  CODE        2
                text9                          0014C7  00000A  0014D1      298E       0  CODE        2
                text64                         0014D1  00000B  0014DC      29A2       0  CODE        2
                text48                         0014DC  00000C  0014E8      29B8       0  CODE        2
                text38                         0014E8  00000E  0014F6      29D0       0  CODE        2
                text16                         0014F6  00000E  001504      29EC       0  CODE        2
                text8                          001504  000010  001514      2A08       0  CODE        2
                text59                         001514  000011  001525      2A28       0  CODE        2
                idataBANK2                     001525  000011  001536      2A4A       0  CODE        2
                text63                         001536  000012  001548      2A6C       0  CODE        2
                text54                         001548  000013  00155B      2A90       0  CODE        2
                text52                         00155B  000013  00156E      2AB6       0  CODE        2
                text50                         00156E  000013  001581      2ADC       0  CODE        2
                text49                         001581  000013  001594      2B02       0  CODE        2
                text67                         001594  000014  0015A8      2B28       0  CODE        2
                text7                          0015A8  000015  0015BD      2B50       0  CODE        2
                text46                         0015BD  000016  0015D3      2B7A       0  CODE        2
                text71                         0015D3  000017  0015EA      2BA6       0  CODE        2
                text61                         0015EA  000019  001603      2BD4       0  CODE        2
                text28                         001603  000019  00161C      2C06       0  CODE        2
                text47                         00161C  00001B  001637      2C38       0  CODE        2
                text3                          001637  00001B  001652      2C6E       0  CODE        2
                text60                         001652  00001C  00166E      2CA4       0  CODE        2
                text68                         00166E  00001D  00168B      2CDC       0  CODE        2
                text35                         00168B  00001D  0016A8      2D16       0  CODE        2
                text69                         0016A8  00001E  0016C6      2D50       0  CODE        2
                text66                         0016C6  00001F  0016E5      2D8C       0  CODE        2
                text5                          0016E5  00001F  001704      2DCA       0  CODE        2
                text6                          001704  000020  001724      2E08       0  CODE        2
                text14                         001724  000022  001746      2E48       0  CODE        2
                text11                         001746  000023  001769      2E8C       0  CODE        2
                text18                         001769  000024  00178D      2ED2       0  CODE        2
                text62                         00178D  000026  0017B3      2F1A       0  CODE        2
                text19                         0017B3  000026  0017D9      2F66       0  CODE        2
                text53                         0017D9  000027  001800      2FB2       0  CODE        2
                config                         008007  000002  008009     1000E       0  CONFIG      2


UNUSED ADDRESS RANGES

        Name                Unused          Largest block    Delta
        BANK1            000EF-000EF               1           1
        BANK10           00520-0056F              50           1
        BANK11           005A0-005EF              50           1
        BANK12           00620-0064F              30           1
        BANK2            00165-0016F               B           1
        BANK3            001CF-001EF              21           1
        BANK4            00220-0026F              50           1
        BANK5            002A0-002EF              50           1
        BANK6            00320-0036F              50           1
        BANK7            003A0-003EF              50           1
        BANK8            00420-0046F              50           1
        BANK9            004A0-004EF              50           1
        BIGRAM           02000-023EF             3F0           1
        CODE             00003-00003               1           2
                         007FF-007FF               1
                         01000-01492             493
                         01800-03FFF             800
        COMMON           0007D-0007D               1           1
        CONST            00003-00003               1           2
                         007FF-007FF               1
                         01000-01492             100
                         01800-03FFF             100
        ENTRY            00003-00003               1           2
                         007FF-007FF               1
                         01000-01492             100
                         01800-03FFF             100
        IDLOC            08000-08003               4           2
        RAM              000EF-000EF               1           1
                         00165-0016F               B
                         001CF-001EF              21
                         00220-0026F              50
                         002A0-002EF              50
                         00320-0036F              50
                         003A0-003EF              50
                         00420-0046F              50
                         004A0-004EF              50
                         00520-0056F              50
                         005A0-005EF              50
                         00620-0064F              30
        SFR0             00000-0001F              20           1
        SFR1             00080-0009F              20           1
        SFR10            00500-0051F              20           1
        SFR11            00580-0059F              20           1
        SFR12            00600-0061F              20           1
        SFR13            00680-006EF              70           1
        SFR14            00700-0076F              70           1
        SFR15            00780-007EF              70           1
        SFR16            00800-0086F              70           1
        SFR17            00880-008EF              70           1
        SFR18            00900-0096F              70           1
        SFR19            00980-009EF              70           1
        SFR2             00100-0011F              20           1
        SFR20            00A00-00A6F              70           1
        SFR21            00A80-00AEF              70           1
        SFR22            00B00-00B6F              70           1
        SFR23            00B80-00BEF              70           1
        SFR24            00C00-00C6F              70           1
        SFR25            00C80-00CEF              70           1
        SFR26            00D00-00D6F              70           1
        SFR27            00D80-00DEF              70           1
        SFR28            00E00-00E6F              70           1
        SFR29            00E80-00EEF              70           1
        SFR3             00180-0019F              20           1
        SFR30            00F00-00F6F              70           1
        SFR31            00F80-00FEF              70           1
        SFR4             00200-0021F              20           1
        SFR5             00280-0029F              20           1
        SFR6             00300-0031F              20           1
        SFR7             00380-0039F              20           1
        SFR8             00400-0041F              20           1
        SFR9             00480-0049F              20           1
        STRCODE          00003-00003               1           2
                         007FF-007FF               1
                         01000-01492             493
                         01800-03FFF            2800
        STRING           00003-00003               1           2
                         007FF-007FF               1
                         01000-01492             100
                         01800-03FFF             100

                                  Symbol Table

?_CC1Read                     cstackBANK0  00020
?_CC1Write                    cstackCOMMON 00077
?_DLYDelay_ms                 cstackCOMMON 00071
?_DLYDelay_us                 cstackCOMMON 00071
?_DPYDrawChar                 cstackCOMMON 00078
?_DPYSendStr                  cstackBANK0  00020
?_DPYSetCur                   cstackCOMMON 00078
?_DPYWriteByte                cstackCOMMON 00075
?_DPYWriteNibble              cstackCOMMON 00075
?_NVMRead                     cstackCOMMON 00071
?_NVMWrite                    cstackCOMMON 00071
?_RTXRcvPkt                   cstackCOMMON 0007B
?_RTXSndPkt                   cstackBANK0  00025
?_RTXVisDec                   cstackBANK0  00055
?_SPIRead                     cstackCOMMON 00071
?_SPIWrite                    cstackCOMMON 00071
?___awdiv                     cstackCOMMON 00071
?___ftadd                     cstackBANK0  00020
?___ftge                      cstackCOMMON 00071
?___ftmul                     cstackBANK0  00020
?___ftneg                     cstackCOMMON 00071
?___ftpack                    cstackCOMMON 00071
?___ftsub                     cstackBANK0  0002A
?___fttol                     cstackBANK0  00030
?___lldiv                     cstackCOMMON 00071
?___llmod                     cstackBANK0  00025
?___lltoft                    cstackBANK0  00020
?___lwdiv                     cstackCOMMON 00071
?___lwmod                     cstackCOMMON 00071
?___wmul                      cstackCOMMON 00071
?_ftoa                        cstackBANK0  00047
?_itoa                        cstackBANK0  00028
?_sprintf                     cstackBANK0  0002D
?_utoa                        cstackBANK0  00020
CC1Init@state                 cstackBANK0  00022
CC1Read@addr                  cstackBANK0  00023
CC1Read@cc1Addr               cstackBANK0  00024
CC1Read@dst                   cstackBANK0  00020
CC1Read@len                   cstackBANK0  00022
CC1Strobe@cc1Stb              cstackCOMMON 00079
CC1Strobe@e_stb               cstackCOMMON 00078
CC1Write@addr                 cstackCOMMON 0007A
CC1Write@cc1Addr              cstackCOMMON 0007B
CC1Write@len                  cstackCOMMON 00078
CC1Write@src                  cstackCOMMON 00077
DINInit@sta                   cstackCOMMON 00071
DLYDelay_ms@i                 cstackCOMMON 00075
DLYDelay_ms@val               cstackCOMMON 00071
DLYDelay_us@i                 cstackCOMMON 00073
DLYDelay_us@val               cstackCOMMON 00071
DPYDrawChar@addr              cstackBANK0  00020
DPYDrawChar@i                 cstackBANK0  00022
DPYDrawChar@p                 cstackCOMMON 00078
DPYDrawChar@tmpAddr           cstackBANK0  00021
DPYInit@sta                   cstackBANK0  00024
DPYInitDisplay@tmp            cstackBANK0  00023
DPYIsBusy@bf                  cstackCOMMON 00076
DPYSendChar@c                 cstackCOMMON 00079
DPYSendStr@col                cstackBANK0  00020
DPYSendStr@data               cstackBANK0  00021
DPYSendStr@i                  cstackBANK0  00024
DPYSendStr@len                cstackBANK0  00022
DPYSendStr@row                cstackBANK0  00025
DPYSetCur@addr                cstackCOMMON 0007B
DPYSetCur@col                 cstackCOMMON 00078
DPYSetCur@row                 cstackCOMMON 0007A
DPYWriteByte@rs               cstackCOMMON 00077
DPYWriteByte@val              cstackCOMMON 00075
DPYWriteNibble@rs             cstackCOMMON 00076
DPYWriteNibble@val            cstackCOMMON 00075
INInit@sta                    cstackCOMMON 00072
NVMInit@sta                   cstackCOMMON 00071
NVMRead@addr                  cstackCOMMON 00071
NVMRead@dest                  cstackCOMMON 00073
NVMRead@i                     cstackCOMMON 00077
NVMRead@len                   cstackCOMMON 00074
NVMWrite@addr                 cstackCOMMON 00071
NVMWrite@bufTmpRow            cstackBANK0  00020
NVMWrite@i                    cstackBANK0  00062
NVMWrite@j                    cstackBANK0  00064
NVMWrite@latchAddr            cstackBANK0  00063
NVMWrite@len                  cstackCOMMON 00074
NVMWrite@rowAddr              cstackBANK0  00060
NVMWrite@source               cstackCOMMON 00073
OUTInit@sta                   cstackCOMMON 00072
OUTSetHTCDataNibble@dataToSet cstackCOMMON 00073
OUTSetHTCDataNibble@val       cstackCOMMON 00072
PGMInit@state                 cstackBANK0  00066
RTXInit@state                 cstackBANK0  00061
RTXRcvPkt@dst                 cstackBANK0  00026
RTXRcvPkt@len                 cstackCOMMON 0007B
RTXReadPkt@valBatt            cstackBANK0  00069
RTXReadPkt@valTemp            cstackBANK0  00066
RTXSndPkt@len                 cstackBANK0  00025
RTXSndPkt@src                 cstackBANK0  00028
RTXUpdateDisplay@charIdSens   cstackBANK1  000B8
RTXUpdateDisplay@curPos       cstackBANK1  000DD
RTXUpdateDisplay@i            cstackBANK1  000DF
RTXUpdateDisplay@maxDigit     cstackBANK1  000CC
RTXUpdateDisplay@strText      cstackBANK1  000BC
RTXUpdateDisplay@strTitle     cstackBANK1  000CD
RTXUpdateDisplay@val          cstackBANK1  000DE
RTXVisDec@buff                cstackBANK0  00058
RTXVisDec@i                   cstackBANK1  000B7
RTXVisDec@isDec               cstackBANK1  000B3
RTXVisDec@j                   cstackBANK1  000B6
RTXVisDec@maxDigit            cstackBANK0  00059
RTXVisDec@offset              cstackBANK1  000B4
RTXVisDec@p                   cstackBANK1  000B5
RTXVisDec@posDec              cstackBANK1  000B2
RTXVisDec@status              cstackBANK1  000B0
RTXVisDec@strTmp              cstackBANK1  000A0
RTXVisDec@val                 cstackBANK0  00055
SPIInit@state                 cstackCOMMON 00072
SPIRead@dstPtr                cstackCOMMON 00071
SPIRead@i                     cstackCOMMON 00079
SPIRead@len                   cstackCOMMON 00073
SPIWrite@i                    cstackCOMMON 00076
SPIWrite@len                  cstackCOMMON 00073
SPIWrite@srcPtr               cstackCOMMON 00071
SYSInit@state                 cstackCOMMON 00072
_ANSELA                       (abs)        0018C
_ANSELB                       (abs)        0018D
_ANSELC                       (abs)        0018E
_CC1Init                      text65       009AA
_CC1Read                      text18       01769
_CC1Strobe                    text67       01594
_CC1Write                     text66       016C6
_DINInit                      text63       01536
_DINTask                      text62       0178D
_DINTick                      text10       00878
_DLYDelay_ms                  text61       015EA
_DLYDelay_us                  text59       01514
_DPYDrawChar                  text56       008F5
_DPYInit                      text54       01548
_DPYInitDisplay               text55       00AB2
_DPYIsBusy                    text44       00AF0
_DPYSendChar                  text45       014BE
_DPYSendStr                   text43       00B73
_DPYSetCur                    text46       015BD
_DPYWriteByte                 text57       00CAD
_DPYWriteNibble               text58       009DC
_INInit                       text71       015D3
_INTCON                       (abs)        0000B
_INTCONbits                   (abs)        0000B
_INTIsr                       intentry     00004
_IOCBN                        (abs)        00395
_IOCBP                        (abs)        00394
_LATA                         (abs)        0010C
_LATAbits                     (abs)        0010C
_NVMInit                      text64       014D1
_NVMRead                      text53       017D9
_NVMWrite                     text51       00651
_OPTION_REG                   (abs)        00095
_OSCCON                       (abs)        00099
_OUTInit                      text70       00839
_OUTSetHTCDataNibble          text60       01652
_PGMCheckNvm                  text48       014DC
_PGMInit                      text47       0161C
_PGMNvmReset                  text49       01581
_PGMPgmOff                    text9        014C7
_PGMReadNvm                   text52       0155B
_PGMSelDown                   text7        015A8
_PGMSelLong                   text6        01704
_PGMTick                      text8        01504
_PGMWriteNvm                  text50       0156E
_PIE1                         (abs)        00091
_PIE2                         (abs)        00092
_PIR1                         (abs)        00011
_PIR1bits                     (abs)        00011
_PIR2                         (abs)        00012
_PMADR                        (abs)        00191
_PMCON1                       (abs)        00195
_PMCON1bits                   (abs)        00195
_PMCON2                       (abs)        00196
_PMDAT                        (abs)        00193
_PORTAbits                    (abs)        0000C
_PORTBbits                    (abs)        0000D
_RTXInit                      text21       008A0
_RTXPgmOff                    text20       0149E
_RTXPgmOn                     text2        01493
_RTXRcvPkt                    text16       014F6
_RTXReadPkt                   text13       00F58
_RTXSelDown                   text3        01637
_RTXSendPgm                   text5        016E5
_RTXSendRData                 text14       01724
_RTXSndPkt                    text15       00D03
_RTXSup                       text17       00921
_RTXTask                      text12       014A4
_RTXTick                      text4        007C4
_RTXUpdateDisplay             text22       00040
_RTXVisDec                    text23       0058B
_SPIInit                      text69       016A8
_SPIRead                      text19       017B3
_SPIWrite                     text68       0166E
_SSPBUF                       (abs)        00211
_SSPCON1                      (abs)        00215
_SSPCON2                      (abs)        00216
_SSPCONbits                   (abs)        00215
_SSPSTAT                      (abs)        00214
_SYSInit                      text11       01746
_SYSInt                       text73       01498
_SYSTask                      text1        00A0E
_T1CON                        (abs)        00018
_TMR0                         (abs)        00015
_TMR1H                        (abs)        00017
_TMR1L                        (abs)        00016
_TRISA                        (abs)        0008C
_TRISB                        (abs)        0008D
_TRISC                        (abs)        0008E
_WDTCON                       (abs)        00097
_WPUB                         (abs)        0020D
__CFG_BOREN$ON                (abs)        00000
__CFG_BORV$LO                 (abs)        00000
__CFG_CLKOUTEN$OFF            (abs)        00000
__CFG_CP$ON                   (abs)        00000
__CFG_FCMEN$ON                (abs)        00000
__CFG_FOSC$INTOSC             (abs)        00000
__CFG_IESO$OFF                (abs)        00000
__CFG_LPBOR$ON                (abs)        00000
__CFG_LVP$OFF                 (abs)        00000
__CFG_MCLRE$OFF               (abs)        00000
__CFG_PWRTE$ON                (abs)        00000
__CFG_STVREN$ON               (abs)        00000
__CFG_VCAPEN$OFF              (abs)        00000
__CFG_WDTE$ON                 (abs)        00000
__CFG_WRT$OFF                 (abs)        00000
__Habs1                       abs1         00000
__Hbank0                      bank0        00000
__Hbank1                      bank1        00000
__Hbank10                     bank10       00000
__Hbank11                     bank11       00000
__Hbank12                     bank12       00000
__Hbank13                     bank13       00000
__Hbank14                     bank14       00000
__Hbank15                     bank15       00000
__Hbank16                     bank16       00000
__Hbank17                     bank17       00000
__Hbank18                     bank18       00000
__Hbank19                     bank19       00000
__Hbank2                      bank2        00000
__Hbank20                     bank20       00000
__Hbank21                     bank21       00000
__Hbank22                     bank22       00000
__Hbank23                     bank23       00000
__Hbank24                     bank24       00000
__Hbank25                     bank25       00000
__Hbank26                     bank26       00000
__Hbank27                     bank27       00000
__Hbank28                     bank28       00000
__Hbank29                     bank29       00000
__Hbank3                      bank3        00000
__Hbank30                     bank30       00000
__Hbank31                     bank31       00000
__Hbank4                      bank4        00000
__Hbank5                      bank5        00000
__Hbank6                      bank6        00000
__Hbank7                      bank7        00000
__Hbank8                      bank8        00000
__Hbank9                      bank9        00000
__Hbigram                     bigram       00000
__HbssBANK0                   bssBANK0     00000
__HbssBANK1                   bssBANK1     00000
__HbssBANK2                   bssBANK2     00000
__HbssCOMMON                  bssCOMMON    00000
__Hcinit                      cinit        00040
__Hclrtext                    clrtext      00000
__Hcode                       code         00000
__Hcommon                     common       00000
__Hconfig                     config       08009
__HcstackBANK0                cstackBANK0  00000
__HcstackBANK1                cstackBANK1  00000
__HcstackCOMMON               cstackCOMMON 00000
__HdataBANK2                  dataBANK2    00000
__HdataBANK3                  dataBANK3    00000
__Heeprom_data                eeprom_data  00000
__Hend_init                   end_init     00013
__Hfunctab                    functab      00000
__HidataBANK2                 idataBANK2   00000
__HidataBANK3                 idataBANK3   00000
__Hidloc                      idloc        00000
__Hinit                       init         00011
__Hinittext                   inittext     00000
__Hintentry                   intentry     00011
__Hmaintext                   maintext     00000
__Hpowerup                    powerup      00000
__Hram                        ram          00000
__Hreset_vec                  reset_vec    00003
__Hsfr0                       sfr0         00000
__Hsfr1                       sfr1         00000
__Hsfr10                      sfr10        00000
__Hsfr11                      sfr11        00000
__Hsfr12                      sfr12        00000
__Hsfr13                      sfr13        00000
__Hsfr14                      sfr14        00000
__Hsfr15                      sfr15        00000
__Hsfr16                      sfr16        00000
__Hsfr17                      sfr17        00000
__Hsfr18                      sfr18        00000
__Hsfr19                      sfr19        00000
__Hsfr2                       sfr2         00000
__Hsfr20                      sfr20        00000
__Hsfr21                      sfr21        00000
__Hsfr22                      sfr22        00000
__Hsfr23                      sfr23        00000
__Hsfr24                      sfr24        00000
__Hsfr25                      sfr25        00000
__Hsfr26                      sfr26        00000
__Hsfr27                      sfr27        00000
__Hsfr28                      sfr28        00000
__Hsfr29                      sfr29        00000
__Hsfr3                       sfr3         00000
__Hsfr30                      sfr30        00000
__Hsfr31                      sfr31        00000
__Hsfr4                       sfr4         00000
__Hsfr5                       sfr5         00000
__Hsfr6                       sfr6         00000
__Hsfr7                       sfr7         00000
__Hsfr8                       sfr8         00000
__Hsfr9                       sfr9         00000
__Hstrings                    strings      00000
__Htext                       text         00000
__Labs1                       abs1         00000
__Lbank0                      bank0        00000
__Lbank1                      bank1        00000
__Lbank10                     bank10       00000
__Lbank11                     bank11       00000
__Lbank12                     bank12       00000
__Lbank13                     bank13       00000
__Lbank14                     bank14       00000
__Lbank15                     bank15       00000
__Lbank16                     bank16       00000
__Lbank17                     bank17       00000
__Lbank18                     bank18       00000
__Lbank19                     bank19       00000
__Lbank2                      bank2        00000
__Lbank20                     bank20       00000
__Lbank21                     bank21       00000
__Lbank22                     bank22       00000
__Lbank23                     bank23       00000
__Lbank24                     bank24       00000
__Lbank25                     bank25       00000
__Lbank26                     bank26       00000
__Lbank27                     bank27       00000
__Lbank28                     bank28       00000
__Lbank29                     bank29       00000
__Lbank3                      bank3        00000
__Lbank30                     bank30       00000
__Lbank31                     bank31       00000
__Lbank4                      bank4        00000
__Lbank5                      bank5        00000
__Lbank6                      bank6        00000
__Lbank7                      bank7        00000
__Lbank8                      bank8        00000
__Lbank9                      bank9        00000
__Lbigram                     bigram       00000
__LbssBANK0                   bssBANK0     00000
__LbssBANK1                   bssBANK1     00000
__LbssBANK2                   bssBANK2     00000
__LbssCOMMON                  bssCOMMON    00000
__Lcinit                      cinit        00013
__Lclrtext                    clrtext      00000
__Lcode                       code         00000
__Lcommon                     common       00000
__Lconfig                     config       08007
__LcstackBANK0                cstackBANK0  00000
__LcstackBANK1                cstackBANK1  00000
__LcstackCOMMON               cstackCOMMON 00000
__LdataBANK2                  dataBANK2    00000
__LdataBANK3                  dataBANK3    00000
__Leeprom_data                eeprom_data  00000
__Lend_init                   end_init     00011
__Lfunctab                    functab      00000
__LidataBANK2                 idataBANK2   00000
__LidataBANK3                 idataBANK3   00000
__Lidloc                      idloc        00000
__Linit                       init         00011
__Linittext                   inittext     00000
__Lintentry                   intentry     00004
__Lmaintext                   maintext     00000
__Lpowerup                    powerup      00000
__Lram                        ram          00000
__Lreset_vec                  reset_vec    00000
__Lsfr0                       sfr0         00000
__Lsfr1                       sfr1         00000
__Lsfr10                      sfr10        00000
__Lsfr11                      sfr11        00000
__Lsfr12                      sfr12        00000
__Lsfr13                      sfr13        00000
__Lsfr14                      sfr14        00000
__Lsfr15                      sfr15        00000
__Lsfr16                      sfr16        00000
__Lsfr17                      sfr17        00000
__Lsfr18                      sfr18        00000
__Lsfr19                      sfr19        00000
__Lsfr2                       sfr2         00000
__Lsfr20                      sfr20        00000
__Lsfr21                      sfr21        00000
__Lsfr22                      sfr22        00000
__Lsfr23                      sfr23        00000
__Lsfr24                      sfr24        00000
__Lsfr25                      sfr25        00000
__Lsfr26                      sfr26        00000
__Lsfr27                      sfr27        00000
__Lsfr28                      sfr28        00000
__Lsfr29                      sfr29        00000
__Lsfr3                       sfr3         00000
__Lsfr30                      sfr30        00000
__Lsfr31                      sfr31        00000
__Lsfr4                       sfr4         00000
__Lsfr5                       sfr5         00000
__Lsfr6                       sfr6         00000
__Lsfr7                       sfr7         00000
__Lsfr8                       sfr8         00000
__Lsfr9                       sfr9         00000
__Lstrings                    strings      00000
__Ltext                       text         00000
__S0                          (abs)        08009
__S1                          (abs)        001CF
___awdiv                      text24       00C5A
___awdiv@counter              cstackCOMMON 00076
___awdiv@dividend             cstackCOMMON 00073
___awdiv@divisor              cstackCOMMON 00071
___awdiv@quotient             cstackCOMMON 00078
___awdiv@sign                 cstackCOMMON 00077
___ftadd                      text29       00495
___ftadd@exp1                 cstackCOMMON 0007B
___ftadd@exp2                 cstackCOMMON 0007A
___ftadd@f1                   cstackBANK0  00020
___ftadd@f2                   cstackBANK0  00023
___ftadd@sign                 cstackCOMMON 00079
___ftge                       text33       00A77
___ftge@ff1                   cstackCOMMON 00071
___ftge@ff2                   cstackCOMMON 00074
___ftmul                      text31       00710
___ftmul@cntr                 cstackBANK0  0002E
___ftmul@exp                  cstackBANK0  0002A
___ftmul@f1                   cstackBANK0  00020
___ftmul@f2                   cstackBANK0  00023
___ftmul@f3_as_product        cstackBANK0  0002B
___ftmul@sign                 cstackBANK0  0002F
___ftneg                      text30       014B6
___ftneg@f1                   cstackCOMMON 00071
___ftpack                     text32       00D5A
___ftpack@arg                 cstackCOMMON 00071
___ftpack@exp                 cstackCOMMON 00074
___ftpack@sign                cstackCOMMON 00075
___ftsub                      text28       01603
___ftsub@f1                   cstackBANK0  0002D
___ftsub@f2                   cstackBANK0  0002A
___fttol                      text27       00E2E
___fttol@exp1                 cstackBANK0  0003D
___fttol@f1                   cstackBANK0  00030
___fttol@lval                 cstackBANK0  00039
___fttol@sign1                cstackBANK0  00038
___latbits                    (abs)        00003
___lldiv                      text37       00C07
___lldiv@counter              cstackBANK0  00024
___lldiv@dividend             cstackCOMMON 00075
___lldiv@divisor              cstackCOMMON 00071
___lldiv@quotient             cstackBANK0  00020
___llmod                      text36       00B30
___llmod@counter              cstackCOMMON 0007B
___llmod@dividend             cstackBANK0  00029
___llmod@divisor              cstackBANK0  00025
___lltoft                     text26       008CA
___lltoft@c                   cstackBANK0  00020
___lltoft@exp                 cstackCOMMON 0007A
___lwdiv                      text42       00A41
___lwdiv@counter              cstackCOMMON 00078
___lwdiv@dividend             cstackCOMMON 00073
___lwdiv@divisor              cstackCOMMON 00071
___lwdiv@quotient             cstackCOMMON 00076
___lwmod                      text41       0094D
___lwmod@counter              cstackCOMMON 00076
___lwmod@dividend             cstackCOMMON 00073
___lwmod@divisor              cstackCOMMON 00071
___wmul                       text35       0168B
___wmul@multiplicand          cstackCOMMON 00073
___wmul@multiplier            cstackCOMMON 00071
___wmul@product               cstackCOMMON 00075
__end_of_CC1Init              text65       009DC
__end_of_CC1Read              text18       0178D
__end_of_CC1Strobe            text67       015A8
__end_of_CC1Write             text66       016E5
__end_of_DINInit              text63       01548
__end_of_DINTask              text62       017B3
__end_of_DINTick              text10       008A0
__end_of_DLYDelay_ms          text61       01603
__end_of_DLYDelay_us          text59       01525
__end_of_DPYDrawChar          text56       00921
__end_of_DPYInit              text54       0155B
__end_of_DPYInitDisplay       text55       00AF0
__end_of_DPYIsBusy            text44       00B30
__end_of_DPYSendChar          text45       014C7
__end_of_DPYSendStr           text43       00BB9
__end_of_DPYSetCur            text46       015D3
__end_of_DPYWriteByte         text57       00D03
__end_of_DPYWriteNibble       text58       00A0E
__end_of_INInit               text71       015EA
__end_of_INTIsr               intentry     00011
__end_of_NVMInit              text64       014DC
__end_of_NVMRead              text53       01800
__end_of_NVMWrite             text51       00710
__end_of_OUTInit              text70       00850
__end_of_OUTSetHTCDataNibble  text60       0166E
__end_of_PGMCheckNvm          text48       014E8
__end_of_PGMInit              text47       01637
__end_of_PGMNvmReset          text49       01594
__end_of_PGMPgmOff            text9        014D1
__end_of_PGMReadNvm           text52       0156E
__end_of_PGMSelDown           text7        015BD
__end_of_PGMSelLong           text6        01724
__end_of_PGMTick              text8        01514
__end_of_PGMWriteNvm          text50       01581
__end_of_RTXInit              text21       008CA
__end_of_RTXPgmOff            text20       014A4
__end_of_RTXPgmOn             text2        01498
__end_of_RTXRcvPkt            text16       01504
__end_of_RTXReadPkt           text13       01000
__end_of_RTXSelDown           text3        01652
__end_of_RTXSendPgm           text5        01704
__end_of_RTXSendRData         text14       01746
__end_of_RTXSndPkt            text15       00D5A
__end_of_RTXSup               text17       0094D
__end_of_RTXTask              text12       014AA
__end_of_RTXTick              text4        007FF
__end_of_RTXUpdateDisplay     text22       002B9
__end_of_RTXVisDec            text23       00651
__end_of_SPIInit              text69       016C6
__end_of_SPIRead              text19       017D9
__end_of_SPIWrite             text68       0168B
__end_of_SYSInit              text11       01769
__end_of_SYSInt               text73       0149E
__end_of_SYSTask              text1        00A41
__end_of___awdiv              text24       00CAD
__end_of___ftadd              text29       0058B
__end_of___ftge               text33       00AB2
__end_of___ftmul              text31       007C4
__end_of___ftneg              text30       014BE
__end_of___ftpack             text32       00DBA
__end_of___ftsub              text28       0161C
__end_of___fttol              text27       00EB5
__end_of___lldiv              text37       00C5A
__end_of___llmod              text36       00B73
__end_of___lltoft             text26       008F5
__end_of___lwdiv              text42       00A77
__end_of___lwmod              text41       0097B
__end_of___wmul               text35       016A8
__end_of__initialization      cinit        0003D
__end_of__stringdata          strings      00839
__end_of__stringtab           strings      00801
__end_of_dpowers              strings      00829
__end_of_ftoa                 text25       00F58
__end_of_isdigit              text38       014F6
__end_of_itoa                 text39       00878
__end_of_main                 maintext     00C07
__end_of_nvm_pgm_cfg          strings      0082E
__end_of_sprintf              text34       00495
__end_of_utoa                 text40       00E2E
__initialization              cinit        00013
__pbssBANK0                   bssBANK0     0006E
__pbssBANK1                   bssBANK1     000E0
__pbssBANK2                   bssBANK2     00120
__pbssCOMMON                  bssCOMMON    0007C
__pcstackBANK0                cstackBANK0  00020
__pcstackBANK1                cstackBANK1  000A0
__pcstackCOMMON               cstackCOMMON 00070
__pdataBANK2                  dataBANK2    00154
__pdataBANK3                  dataBANK3    001A0
__pidataBANK2                 idataBANK2   01525
__pidataBANK3                 idataBANK3   0097B
__pintentry                   intentry     00004
__pmaintext                   maintext     00BB9
__pstrings                    strings      00800
__ptext1                      text1        00A0E
__ptext10                     text10       00878
__ptext11                     text11       01746
__ptext12                     text12       014A4
__ptext13                     text13       00F58
__ptext14                     text14       01724
__ptext15                     text15       00D03
__ptext16                     text16       014F6
__ptext17                     text17       00921
__ptext18                     text18       01769
__ptext19                     text19       017B3
__ptext2                      text2        01493
__ptext20                     text20       0149E
__ptext21                     text21       008A0
__ptext22                     text22       00040
__ptext23                     text23       0058B
__ptext24                     text24       00C5A
__ptext25                     text25       00EB5
__ptext26                     text26       008CA
__ptext27                     text27       00E2E
__ptext28                     text28       01603
__ptext29                     text29       00495
__ptext3                      text3        01637
__ptext30                     text30       014B6
__ptext31                     text31       00710
__ptext32                     text32       00D5A
__ptext33                     text33       00A77
__ptext34                     text34       002B9
__ptext35                     text35       0168B
__ptext36                     text36       00B30
__ptext37                     text37       00C07
__ptext38                     text38       014E8
__ptext39                     text39       00850
__ptext4                      text4        007C4
__ptext40                     text40       00DBA
__ptext41                     text41       0094D
__ptext42                     text42       00A41
__ptext43                     text43       00B73
__ptext44                     text44       00AF0
__ptext45                     text45       014BE
__ptext46                     text46       015BD
__ptext47                     text47       0161C
__ptext48                     text48       014DC
__ptext49                     text49       01581
__ptext5                      text5        016E5
__ptext50                     text50       0156E
__ptext51                     text51       00651
__ptext52                     text52       0155B
__ptext53                     text53       017D9
__ptext54                     text54       01548
__ptext55                     text55       00AB2
__ptext56                     text56       008F5
__ptext57                     text57       00CAD
__ptext58                     text58       009DC
__ptext59                     text59       01514
__ptext6                      text6        01704
__ptext60                     text60       01652
__ptext61                     text61       015EA
__ptext62                     text62       0178D
__ptext63                     text63       01536
__ptext64                     text64       014D1
__ptext65                     text65       009AA
__ptext66                     text66       016C6
__ptext67                     text67       01594
__ptext68                     text68       0166E
__ptext69                     text69       016A8
__ptext7                      text7        015A8
__ptext70                     text70       00839
__ptext71                     text71       015D3
__ptext73                     text73       01498
__ptext8                      text8        01504
__ptext9                      text9        014C7
__size_of_CC1Init             (abs)        00000
__size_of_CC1Read             (abs)        00000
__size_of_CC1Strobe           (abs)        00000
__size_of_CC1Write            (abs)        00000
__size_of_DINInit             (abs)        00000
__size_of_DINTask             (abs)        00000
__size_of_DINTick             (abs)        00000
__size_of_DLYDelay_ms         (abs)        00000
__size_of_DLYDelay_us         (abs)        00000
__size_of_DPYDrawChar         (abs)        00000
__size_of_DPYInit             (abs)        00000
__size_of_DPYInitDisplay      (abs)        00000
__size_of_DPYIsBusy           (abs)        00000
__size_of_DPYSendChar         (abs)        00000
__size_of_DPYSendStr          (abs)        00000
__size_of_DPYSetCur           (abs)        00000
__size_of_DPYWriteByte        (abs)        00000
__size_of_DPYWriteNibble      (abs)        00000
__size_of_INInit              (abs)        00000
__size_of_INTIsr              (abs)        00000
__size_of_NVMInit             (abs)        00000
__size_of_NVMRead             (abs)        00000
__size_of_NVMWrite            (abs)        00000
__size_of_OUTInit             (abs)        00000
__size_of_OUTSetHTCDataNibble (abs)        00000
__size_of_PGMCheckNvm         (abs)        00000
__size_of_PGMInit             (abs)        00000
__size_of_PGMNvmReset         (abs)        00000
__size_of_PGMPgmOff           (abs)        00000
__size_of_PGMReadNvm          (abs)        00000
__size_of_PGMSelDown          (abs)        00000
__size_of_PGMSelLong          (abs)        00000
__size_of_PGMTick             (abs)        00000
__size_of_PGMWriteNvm         (abs)        00000
__size_of_RTXInit             (abs)        00000
__size_of_RTXPgmOff           (abs)        00000
__size_of_RTXPgmOn            (abs)        00000
__size_of_RTXRcvPkt           (abs)        00000
__size_of_RTXReadPkt          (abs)        00000
__size_of_RTXSelDown          (abs)        00000
__size_of_RTXSendPgm          (abs)        00000
__size_of_RTXSendRData        (abs)        00000
__size_of_RTXSndPkt           (abs)        00000
__size_of_RTXSup              (abs)        00000
__size_of_RTXTask             (abs)        00000
__size_of_RTXTick             (abs)        00000
__size_of_RTXUpdateDisplay    (abs)        00000
__size_of_RTXVisDec           (abs)        00000
__size_of_SPIInit             (abs)        00000
__size_of_SPIRead             (abs)        00000
__size_of_SPIWrite            (abs)        00000
__size_of_SYSInit             (abs)        00000
__size_of_SYSInt              (abs)        00000
__size_of_SYSTask             (abs)        00000
__size_of___awdiv             (abs)        00000
__size_of___ftadd             (abs)        00000
__size_of___ftge              (abs)        00000
__size_of___ftmul             (abs)        00000
__size_of___ftneg             (abs)        00000
__size_of___ftpack            (abs)        00000
__size_of___ftsub             (abs)        00000
__size_of___fttol             (abs)        00000
__size_of___lldiv             (abs)        00000
__size_of___llmod             (abs)        00000
__size_of___lltoft            (abs)        00000
__size_of___lwdiv             (abs)        00000
__size_of___lwmod             (abs)        00000
__size_of___wmul              (abs)        00000
__size_of_ftoa                (abs)        00000
__size_of_isdigit             (abs)        00000
__size_of_itoa                (abs)        00000
__size_of_main                (abs)        00000
__size_of_sprintf             (abs)        00000
__size_of_utoa                (abs)        00000
__stringdata                  strings      0082E
__stringtab                   strings      00800
_batt                         bssBANK2     00120
_cc1InitVal                   dataBANK3    001A0
_cc1PaTable                   dataBANK2    0015D
_dpowers                      strings      00801
_ftoa                         text25       00EB5
_isdigit                      text38       014E8
_isdigit$1094                 cstackCOMMON 00071
_itoa                         text39       00850
_main                         maintext     00BB9
_numRxByte                    bssBANK0     0006F
_numTxByte                    bssBANK1     000EE
_nvm_pgm_cfg                  strings      00829
_pgm_cfg                      bssBANK2     0014F
_pgm_flg                      bssBANK1     000E2
_picBatt                      dataBANK2    00154
_pktRx                        bssBANK2     0013D
_pktTx                        bssBANK2     00146
_rtx_flg                      bssBANK1     000E3
_s_CC1_FLG                    bssBANK1     000E4
_sprintf                      text34       002B9
_sta                          bssCOMMON    0007C
_sys_pgm_sta                  bssBANK1     000E5
_temp                         bssBANK2     00123
_tmrCalibration               bssBANK2     00126
_tmrDbncSel                   bssBANK1     000E6
_tmrLongSel                   bssBANK2     00128
_tmrPgm                       bssBANK2     0012A
_tmrRcvPkt                    bssBANK1     000E7
_tmrVisBatt                   bssBANK1     000E0
_u_SYS_STA                    bssBANK1     000E8
_u_flg_din                    bssBANK1     000E9
_u_in_ev_down                 bssBANK1     000EA
_u_in_ev_long                 bssBANK1     000EB
_u_in_ev_up                   bssBANK1     000EC
_u_in_sta_currTask            bssBANK0     0006E
_u_in_sta_tmpTask             bssBANK1     000ED
_utoa                         text40       00DBA
btemp                         (abs)        0007E
clear_ram0                    clrtext      014B0
end_of_initialization         cinit        0003D
ftoa@buf                      bssBANK2     0012C
ftoa@cp                       cstackBANK0  00054
ftoa@f                        cstackBANK0  00047
ftoa@l                        cstackBANK0  00050
ftoa@rem                      cstackBANK0  0004C
init_ram                      inittext     014AA
intlevel0                     functab      00000
intlevel1                     functab      00000
intlevel2                     functab      00000
intlevel3                     functab      00000
intlevel4                     functab      00000
intlevel5                     functab      00000
isdigit@c                     cstackCOMMON 00072
itoa@base                     cstackBANK0  0002A
itoa@buf                      cstackBANK0  0002D
itoa@cp                       cstackBANK0  0002C
itoa@val                      cstackBANK0  00028
main@i                        cstackBANK0  0006D
reset_vec                     reset_vec    00000
sprintf@_val                  cstackBANK0  0003D
sprintf@ap                    cstackBANK0  0003C
sprintf@c                     cstackBANK0  00046
sprintf@f                     cstackBANK0  0002D
sprintf@flag                  cstackBANK0  0003B
sprintf@prec                  cstackBANK0  00044
sprintf@sp                    cstackBANK0  00041
sprintf@width                 cstackBANK0  00042
start                         init         00011
start_initialization          cinit        00013
utoa@base                     cstackBANK0  00022
utoa@buf                      cstackBANK0  00027
utoa@c                        cstackBANK0  00026
utoa@v                        cstackBANK0  00024
utoa@val                      cstackBANK0  00020
wtemp0                        (abs)        0007E


FUNCTION INFORMATION:

 *************** function _main *****************
 Defined at:
		line 51 in file "Base.c"
 Parameters:    Size  Location     Type
		None
 Auto vars:     Size  Location     Type
  i               1   77[BANK0 ] unsigned char 
 Return value:  Size  Location     Type
		None               void
 Registers used:
		wreg, fsr0l, fsr0h, fsr1l, fsr1h, fsr1l, fsr1h, status,2, status,0, btemp+1, pclath, cstack
 Tracked objects:
		On entry : 
		On exit  : 
		Unchanged: 
 Data sizes:     COMMON   BANK0   BANK1   BANK2   BANK3   BANK4   BANK5   BANK6   BANK7   BANK8   BANK9  BANK10  BANK11  BANK12
      Params:         0       0       0       0       0       0       0       0       0       0       0       0       0       0
      Locals:         0       1       0       0       0       0       0       0       0       0       0       0       0       0
      Temps:          0       1       0       0       0       0       0       0       0       0       0       0       0       0
      Totals:         0       2       0       0       0       0       0       0       0       0       0       0       0       0
Total ram usage:        2 bytes
 Hardware stack levels required when called:   11
 This function calls:
		_INInit
		_OUTInit
		_SPIInit
		_CC1Init
		_NVMInit
		_DINInit
		_DINTask
		_DPYInit
		_PGMInit
		_RTXInit
		_RTXTask
		_SYSInit
		_SYSTask
 This function is called by:
		Startup code after reset
 This function uses a non-reentrant model


 *************** function _SYSTask *****************
 Defined at:
		line 42 in file "SYS.c"
 Parameters:    Size  Location     Type
		None
 Auto vars:     Size  Location     Type
		None
 Return value:  Size  Location     Type
		None               void
 Registers used:
		wreg, fsr0l, fsr0h, fsr1l, fsr1h, fsr1l, fsr1h, status,2, status,0, btemp+1, pclath, cstack
 Tracked objects:
		On entry : 
		On exit  : 
		Unchanged: 
 Data sizes:     COMMON   BANK0   BANK1   BANK2   BANK3   BANK4   BANK5   BANK6   BANK7   BANK8   BANK9  BANK10  BANK11  BANK12
      Params:         0       0       0       0       0       0       0       0       0       0       0       0       0       0
      Locals:         0       0       0       0       0       0       0       0       0       0       0       0       0       0
      Temps:          0       0       0       0       0       0       0       0       0       0       0       0       0       0
      Totals:         0       0       0       0       0       0       0       0       0       0       0       0       0       0
Total ram usage:        0 bytes
 Hardware stack levels used:    1
 Hardware stack levels required when called:   10
 This function calls:
		_DINTick
		_PGMTick
		_PGMPgmOff
		_PGMSelDown
		_PGMSelLong
		_RTXPgmOff
		_RTXTick
		_RTXSelDown
		_RTXPgmOn
 This function is called by:
		_main
 This function uses a non-reentrant model


 *************** function _RTXPgmOn *****************
 Defined at:
		line 465 in file "RTX.c"
 Parameters:    Size  Location     Type
		None
 Auto vars:     Size  Location     Type
		None
 Return value:  Size  Location     Type
		None               void
 Registers used:
		wreg, fsr1l, fsr1h, status,2, status,0, pclath, cstack
 Tracked objects:
		On entry : 
		On exit  : 
		Unchanged: 
 Data sizes:     COMMON   BANK0   BANK1   BANK2   BANK3   BANK4   BANK5   BANK6   BANK7   BANK8   BANK9  BANK10  BANK11  BANK12
      Params:         0       0       0       0       0       0       0       0       0       0       0       0       0       0
      Locals:         0       0       0       0       0       0       0       0       0       0       0       0       0       0
      Temps:          0       0       0       0       0       0       0       0       0       0       0       0       0       0
      Totals:         0       0       0       0       0       0       0       0       0       0       0       0       0       0
Total ram usage:        0 bytes
 Hardware stack levels used:    1
 Hardware stack levels required when called:    6
 This function calls:
		_RTXSendPgm
 This function is called by:
		_SYSTask
 This function uses a non-reentrant model


 *************** function _RTXSelDown *****************
 Defined at:
		line 306 in file "RTX.c"
 Parameters:    Size  Location     Type
		None
 Auto vars:     Size  Location     Type
		None
 Return value:  Size  Location     Type
		None               void
 Registers used:
		wreg, fsr0l, fsr0h, fsr1l, fsr1h, fsr1l, fsr1h, status,2, status,0, btemp+1, pclath, cstack
 Tracked objects:
		On entry : 
		On exit  : 
		Unchanged: 
 Data sizes:     COMMON   BANK0   BANK1   BANK2   BANK3   BANK4   BANK5   BANK6   BANK7   BANK8   BANK9  BANK10  BANK11  BANK12
      Params:         0       0       0       0       0       0       0       0       0       0       0       0       0       0
      Locals:         0       0       0       0       0       0       0       0       0       0       0       0       0       0
      Temps:          0       0       0       0       0       0       0       0       0       0       0       0       0       0
      Totals:         0       0       0       0       0       0       0       0       0       0       0       0       0       0
Total ram usage:        0 bytes
 Hardware stack levels used:    1
 Hardware stack levels required when called:    8
 This function calls:
		_RTXUpdateDisplay
 This function is called by:
		_SYSTask
 This function uses a non-reentrant model


 *************** function _RTXTick *****************
 Defined at:
		line 83 in file "RTX.c"
 Parameters:    Size  Location     Type
		None
 Auto vars:     Size  Location     Type
		None
 Return value:  Size  Location     Type
		None               void
 Registers used:
		wreg, fsr0l, fsr0h, fsr1l, fsr1h, fsr1l, fsr1h, status,2, status,0, btemp+1, pclath, cstack
 Tracked objects:
		On entry : 
		On exit  : 
		Unchanged: 
 Data sizes:     COMMON   BANK0   BANK1   BANK2   BANK3   BANK4   BANK5   BANK6   BANK7   BANK8   BANK9  BANK10  BANK11  BANK12
      Params:         0       0       0       0       0       0       0       0       0       0       0       0       0       0
      Locals:         0       0       0       0       0       0       0       0       0       0       0       0       0       0
      Temps:          0       0       0       0       0       0       0       0       0       0       0       0       0       0
      Totals:         0       0       0       0       0       0       0       0       0       0       0       0       0       0
Total ram usage:        0 bytes
 Hardware stack levels used:    1
[...]
  sta             1    1[COMMON] unsigned char 
 Return value:  Size  Location     Type
		None               void
 Registers used:
		wreg, fsr0l, fsr0h, status,2, status,0
 Tracked objects:
		On entry : 
		On exit  : 
		Unchanged: 
 Data sizes:     COMMON   BANK0   BANK1   BANK2   BANK3   BANK4   BANK5   BANK6   BANK7   BANK8   BANK9  BANK10  BANK11  BANK12
      Params:         0       0       0       0       0       0       0       0       0       0       0       0       0       0
      Locals:         1       0       0       0       0       0       0       0       0       0       0       0       0       0
      Temps:          0       0       0       0       0       0       0       0       0       0       0       0       0       0
      Totals:         1       0       0       0       0       0       0       0       0       0       0       0       0       0
Total ram usage:        1 bytes
 Hardware stack levels used:    1
 Hardware stack levels required when called:    2
 This function calls:
		Nothing
 This function is called by:
		_main
 This function uses a non-reentrant model


 *************** function _CC1Init *****************
 Defined at:
		line 77 in file "CC1.c"
 Parameters:    Size  Location     Type
  state           1    wreg     unsigned char 
 Auto vars:     Size  Location     Type
  state           1    2[BANK0 ] unsigned char 
 Return value:  Size  Location     Type
		None               void
 Registers used:
		wreg, fsr0l, fsr0h, fsr1l, fsr1h, status,2, status,0, pclath, cstack
 Tracked objects:
		On entry : 
		On exit  : 
		Unchanged: 
 Data sizes:     COMMON   BANK0   BANK1   BANK2   BANK3   BANK4   BANK5   BANK6   BANK7   BANK8   BANK9  BANK10  BANK11  BANK12
      Params:         0       0       0       0       0       0       0       0       0       0       0       0       0       0
      Locals:         0       1       0       0       0       0       0       0       0       0       0       0       0       0
      Temps:          0       2       0       0       0       0       0       0       0       0       0       0       0       0
      Totals:         0       3       0       0       0       0       0       0       0       0       0       0       0       0
Total ram usage:        3 bytes
 Hardware stack levels used:    1
 Hardware stack levels required when called:    4
 This function calls:
		_CC1Strobe
		_CC1Write
 This function is called by:
		_main
 This function uses a non-reentrant model


 *************** function _CC1Write *****************
 Defined at:
		line 131 in file "CC1.c"
 Parameters:    Size  Location     Type
  addr            1    wreg     unsigned char 
  src             1    7[COMMON] PTR unsigned char 
		 -> pktTx(9), cc1PaTable(8), cc1InitVal(47), 
  len             1    8[COMMON] unsigned char 
 Auto vars:     Size  Location     Type
  addr            1   10[COMMON] unsigned char 
  cc1Addr         1   11[COMMON] unsigned char 
 Return value:  Size  Location     Type
		None               void
 Registers used:
		wreg, fsr1l, fsr1h, status,2, status,0, pclath, cstack
 Tracked objects:
		On entry : 
		On exit  : 
		Unchanged: 
 Data sizes:     COMMON   BANK0   BANK1   BANK2   BANK3   BANK4   BANK5   BANK6   BANK7   BANK8   BANK9  BANK10  BANK11  BANK12
      Params:         2       0       0       0       0       0       0       0       0       0       0       0       0       0
      Locals:         2       0       0       0       0       0       0       0       0       0       0       0       0       0
      Temps:          1       0       0       0       0       0       0       0       0       0       0       0       0       0
      Totals:         5       0       0       0       0       0       0       0       0       0       0       0       0       0
Total ram usage:        5 bytes
 Hardware stack levels used:    1
 Hardware stack levels required when called:    3
 This function calls:
		_SPIWrite
 This function is called by:
		_CC1Init
		_RTXSndPkt
 This function uses a non-reentrant model


 *************** function _CC1Strobe *****************
 Defined at:
		line 98 in file "CC1.c"
 Parameters:    Size  Location     Type
  e_stb           1    wreg     enum E1827
 Auto vars:     Size  Location     Type
  e_stb           1    8[COMMON] enum E1827
  cc1Stb          1    9[COMMON] unsigned char 
  i               1    0        unsigned char 
 Return value:  Size  Location     Type
		None               void
 Registers used:
		wreg, fsr1l, fsr1h, status,2, status,0, pclath, cstack
 Tracked objects:
		On entry : 
		On exit  : 
		Unchanged: 
 Data sizes:     COMMON   BANK0   BANK1   BANK2   BANK3   BANK4   BANK5   BANK6   BANK7   BANK8   BANK9  BANK10  BANK11  BANK12
      Params:         0       0       0       0       0       0       0       0       0       0       0       0       0       0
      Locals:         2       0       0       0       0       0       0       0       0       0       0       0       0       0
      Temps:          1       0       0       0       0       0       0       0       0       0       0       0       0       0
      Totals:         3       0       0       0       0       0       0       0       0       0       0       0       0       0
Total ram usage:        3 bytes
 Hardware stack levels used:    1
 Hardware stack levels required when called:    3
 This function calls:
		_SPIWrite
 This function is called by:
		_CC1Init
		_RTXInit
		_RTXTick
		_RTXSup
		_RTXSndPkt
 This function uses a non-reentrant model


 *************** function _SPIWrite *****************
 Defined at:
		line 40 in file "SPI.c"
 Parameters:    Size  Location     Type
  srcPtr          2    1[COMMON] PTR unsigned char 
		 -> pktTx(9), CC1Write@cc1Addr(1), CC1Read@cc1Addr(1), CC1Strobe@cc1Stb(1), 
		 -> cc1PaTable(8), cc1InitVal(47), 
  len             1    3[COMMON] unsigned char 
 Auto vars:     Size  Location     Type
  i               1    6[COMMON] unsigned char 
 Return value:  Size  Location     Type
		None               void
 Registers used:
		wreg, fsr1l, fsr1h, status,2, status,0
 Tracked objects:
		On entry : 
		On exit  : 
		Unchanged: 
 Data sizes:     COMMON   BANK0   BANK1   BANK2   BANK3   BANK4   BANK5   BANK6   BANK7   BANK8   BANK9  BANK10  BANK11  BANK12
      Params:         3       0       0       0       0       0       0       0       0       0       0       0       0       0
      Locals:         1       0       0       0       0       0       0       0       0       0       0       0       0       0
      Temps:          2       0       0       0       0       0       0       0       0       0       0       0       0       0
      Totals:         6       0       0       0       0       0       0       0       0       0       0       0       0       0
Total ram usage:        6 bytes
 Hardware stack levels used:    1
 Hardware stack levels required when called:    2
 This function calls:
		Nothing
 This function is called by:
		_CC1Strobe
		_CC1Read
		_CC1Write
 This function uses a non-reentrant model


 *************** function _SPIInit *****************
 Defined at:
		line 9 in file "SPI.c"
 Parameters:    Size  Location     Type
  state           1    wreg     unsigned char 
 Auto vars:     Size  Location     Type
  state           1    2[COMMON] unsigned char 
 Return value:  Size  Location     Type
		None               void
 Registers used:
		wreg, fsr0l, fsr0h, status,2, status,0
 Tracked objects:
		On entry : 
		On exit  : 
		Unchanged: 
 Data sizes:     COMMON   BANK0   BANK1   BANK2   BANK3   BANK4   BANK5   BANK6   BANK7   BANK8   BANK9  BANK10  BANK11  BANK12
      Params:         0       0       0       0       0       0       0       0       0       0       0       0       0       0
      Locals:         1       0       0       0       0       0       0       0       0       0       0       0       0       0
      Temps:          1       0       0       0       0       0       0       0       0       0       0       0       0       0
      Totals:         2       0       0       0       0       0       0       0       0       0       0       0       0       0
Total ram usage:        2 bytes
 Hardware stack levels used:    1
 Hardware stack levels required when called:    2
 This function calls:
		Nothing
 This function is called by:
		_main
 This function uses a non-reentrant model


 *************** function _OUTInit *****************
 Defined at:
		line 7 in file "OUT.c"
 Parameters:    Size  Location     Type
  sta             1    wreg     unsigned char 
 Auto vars:     Size  Location     Type
  sta             1    2[COMMON] unsigned char 
 Return value:  Size  Location     Type
		None               void
 Registers used:
		wreg, fsr0l, fsr0h, status,2, status,0
 Tracked objects:
		On entry : 
		On exit  : 
		Unchanged: 
 Data sizes:     COMMON   BANK0   BANK1   BANK2   BANK3   BANK4   BANK5   BANK6   BANK7   BANK8   BANK9  BANK10  BANK11  BANK12
      Params:         0       0       0       0       0       0       0       0       0       0       0       0       0       0
      Locals:         1       0       0       0       0       0       0       0       0       0       0       0       0       0
      Temps:          1       0       0       0       0       0       0       0       0       0       0       0       0       0
      Totals:         2       0       0       0       0       0       0       0       0       0       0       0       0       0
Total ram usage:        2 bytes
 Hardware stack levels used:    1
 Hardware stack levels required when called:    2
 This function calls:
		Nothing
 This function is called by:
		_main
 This function uses a non-reentrant model


 *************** function _INInit *****************
 Defined at:
		line 7 in file "IN.c"
 Parameters:    Size  Location     Type
  sta             1    wreg     unsigned char 
 Auto vars:     Size  Location     Type
  sta             1    2[COMMON] unsigned char 
 Return value:  Size  Location     Type
		None               void
 Registers used:
		wreg, fsr0l, fsr0h, status,2, status,0
 Tracked objects:
		On entry : 
		On exit  : 
		Unchanged: 
 Data sizes:     COMMON   BANK0   BANK1   BANK2   BANK3   BANK4   BANK5   BANK6   BANK7   BANK8   BANK9  BANK10  BANK11  BANK12
      Params:         0       0       0       0       0       0       0       0       0       0       0       0       0       0
      Locals:         1       0       0       0       0       0       0       0       0       0       0       0       0       0
      Temps:          1       0       0       0       0       0       0       0       0       0       0       0       0       0
      Totals:         2       0       0       0       0       0       0       0       0       0       0       0       0       0
Total ram usage:        2 bytes
 Hardware stack levels used:    1
 Hardware stack levels required when called:    2
 This function calls:
		Nothing
 This function is called by:
		_main
 This function uses a non-reentrant model


 *************** function _INTIsr *****************
 Defined at:
		line 38 in file "Base.c"
 Parameters:    Size  Location     Type
		None
 Auto vars:     Size  Location     Type
		None
 Return value:  Size  Location     Type
		None               void
 Registers used:
		wreg, status,2, status,0, pclath, cstack
 Tracked objects:
		On entry : 
		On exit  : 
		Unchanged: 
 Data sizes:     COMMON   BANK0   BANK1   BANK2   BANK3   BANK4   BANK5   BANK6   BANK7   BANK8   BANK9  BANK10  BANK11  BANK12
      Params:         0       0       0       0       0       0       0       0       0       0       0       0       0       0
      Locals:         0       0       0       0       0       0       0       0       0       0       0       0       0       0
      Temps:          1       0       0       0       0       0       0       0       0       0       0       0       0       0
      Totals:         1       0       0       0       0       0       0       0       0       0       0       0       0       0
Total ram usage:        1 bytes
 Hardware stack levels used:    1
 Hardware stack levels required when called:    1
 This function calls:
		_SYSInt
 This function is called by:
		Interrupt level 1
 This function uses a non-reentrant model


 *************** function _SYSInt *****************
 Defined at:
		line 33 in file "SYS.c"
 Parameters:    Size  Location     Type
		None
 Auto vars:     Size  Location     Type
		None
 Return value:  Size  Location     Type
		None               void
 Registers used:
		wreg
 Tracked objects:
		On entry : 
		On exit  : 
		Unchanged: 
 Data sizes:     COMMON   BANK0   BANK1   BANK2   BANK3   BANK4   BANK5   BANK6   BANK7   BANK8   BANK9  BANK10  BANK11  BANK12
      Params:         0       0       0       0       0       0       0       0       0       0       0       0       0       0
      Locals:         0       0       0       0       0       0       0       0       0       0       0       0       0       0
      Temps:          0       0       0       0       0       0       0       0       0       0       0       0       0       0
      Totals:         0       0       0       0       0       0       0       0       0       0       0       0       0       0
Total ram usage:        0 bytes
 Hardware stack levels used:    1
 This function calls:
		Nothing
 This function is called by:
		_INTIsr
 This function uses a non-reentrant model



MODULE INFORMATION

Module		Function		Class		Link	Load	Size
IN.c
		_INInit        		CODE           	15D3	0000	23

IN.c estimated size: 23

C:\Programmi\Microchip\xc8\v1.21\sources\pic\lltoft.c
		___lltoft      		CODE           	08CA	0000	43

C:\Programmi\Microchip\xc8\v1.21\sources\pic\lltoft.c estimated size: 43

C:\Programmi\Microchip\xc8\v1.21\sources\pic\lwmod.c
		___lwmod       		CODE           	094D	0000	46

C:\Programmi\Microchip\xc8\v1.21\sources\pic\lwmod.c estimated size: 46

C:\Programmi\Microchip\xc8\v1.21\sources\pic\awdiv.c
		___awdiv       		CODE           	0C5A	0000	83

C:\Programmi\Microchip\xc8\v1.21\sources\pic\awdiv.c estimated size: 83

C:\Programmi\Microchip\xc8\v1.21\sources\pic\ftadd.c
		___ftadd       		CODE           	0495	0000	246

C:\Programmi\Microchip\xc8\v1.21\sources\pic\ftadd.c estimated size: 246

C:\Programmi\Microchip\xc8\v1.21\sources\pic\lwdiv.c
		___lwdiv       		CODE           	0A41	0000	54

C:\Programmi\Microchip\xc8\v1.21\sources\pic\lwdiv.c estimated size: 54

DIN.c
		_DINTick       		CODE           	0878	0000	40
		_DINTask       		CODE           	178D	0000	38
		_DINInit       		CODE           	1536	0000	18

DIN.c estimated size: 96

C:\Programmi\Microchip\xc8\v1.21\sources\pic\float.c
		___ftpack      		CODE           	0D5A	0000	96

C:\Programmi\Microchip\xc8\v1.21\sources\pic\float.c estimated size: 96

shared
		__stringtab    		STRING         	0800	0000	1
		__stringdata   		STRING         	082E	0000	11
		_dpowers       		STRING         	0801	0000	40
		_nvm_pgm_cfg   		STRING         	0829	0000	5
		__initializatio		CODE           	0013	0000	42

shared estimated size: 99

C:\Programmi\Microchip\xc8\v1.21\sources\common\doprnt.c
		_sprintf       		CODE           	02B9	0000	476

C:\Programmi\Microchip\xc8\v1.21\sources\common\doprnt.c estimated size: 476

DLY.c
		_DLYDelay_ms   		CODE           	15EA	0000	25
		_DLYDelay_us   		CODE           	1514	0000	17

DLY.c estimated size: 42

NVM.c
		_NVMWrite      		CODE           	0651	0000	191
		_NVMInit       		CODE           	14D1	0000	11
		_NVMRead       		CODE           	17D9	0000	39

NVM.c estimated size: 241

SYS.c
		_SYSTask       		CODE           	0A0E	0000	51
		_SYSInt        		CODE           	1498	0000	6
		_SYSInit       		CODE           	1746	0000	35

SYS.c estimated size: 92

C:\Programmi\Microchip\xc8\v1.21\sources\common\isdigit.c
		_isdigit       		CODE           	14E8	0000	14

C:\Programmi\Microchip\xc8\v1.21\sources\common\isdigit.c estimated size: 14

CC1.c
		_CC1Strobe     		CODE           	1594	0000	20
		_CC1Write      		CODE           	16C6	0000	31
		_CC1Init       		CODE           	09AA	0000	50
		_CC1Read       		CODE           	1769	0000	36

CC1.c estimated size: 137

C:\Programmi\Microchip\xc8\v1.21\sources\common\itoa.c
		_itoa          		CODE           	0850	0000	40
		_utoa          		CODE           	0DBA	0000	116

C:\Programmi\Microchip\xc8\v1.21\sources\common\itoa.c estimated size: 156

Base.c
		_main          		CODE           	0BB9	0000	78
		_INTIsr        		CODE           	0004	0000	13

Base.c estimated size: 91

C:\Programmi\Microchip\xc8\v1.21\sources\pic\ftoa.c
		_ftoa          		CODE           	0EB5	0000	163

C:\Programmi\Microchip\xc8\v1.21\sources\pic\ftoa.c estimated size: 163

C:\Programmi\Microchip\xc8\v1.21\sources\pic\llmod.c
		___llmod       		CODE           	0B30	0000	67

C:\Programmi\Microchip\xc8\v1.21\sources\pic\llmod.c estimated size: 67

SPI.c
		_SPIRead       		CODE           	17B3	0000	38
		_SPIWrite      		CODE           	166E	0000	29
		_SPIInit       		CODE           	16A8	0000	30

SPI.c estimated size: 97

C:\Programmi\Microchip\xc8\v1.21\sources\pic\lldiv.c
		___lldiv       		CODE           	0C07	0000	83

C:\Programmi\Microchip\xc8\v1.21\sources\pic\lldiv.c estimated size: 83

C:\Programmi\Microchip\xc8\v1.21\sources\pic\ftsub.c
		___ftsub       		CODE           	1603	0000	25

C:\Programmi\Microchip\xc8\v1.21\sources\pic\ftsub.c estimated size: 25

C:\Programmi\Microchip\xc8\v1.21\sources\pic\ftneg.c
		___ftneg       		CODE           	14B6	0000	8

C:\Programmi\Microchip\xc8\v1.21\sources\pic\ftneg.c estimated size: 8

RTX.c
		_RTXSndPkt     		CODE           	0D03	0000	87
		_RTXReadPkt    		CODE           	0F58	0000	168
		_RTXRcvPkt     		CODE           	14F6	0000	14
		_RTXSup        		CODE           	0921	0000	44
		_RTXVisDec     		CODE           	058B	0000	198
		_RTXUpdateDispl		CODE           	0040	0000	633
		_RTXTick       		CODE           	07C4	0000	59
		_RTXTask       		CODE           	14A4	0000	6
		_RTXInit       		CODE           	08A0	0000	42
		_RTXSendPgm    		CODE           	16E5	0000	31
		_RTXSendRData  		CODE           	1724	0000	34
		_RTXPgmOn      		CODE           	1493	0000	5
		_RTXPgmOff     		CODE           	149E	0000	6
		_RTXSelDown    		CODE           	1637	0000	27

RTX.c estimated size: 1354

C:\Programmi\Microchip\xc8\v1.21\sources\pic\ftge.c
		___ftge        		CODE           	0A77	0000	59

C:\Programmi\Microchip\xc8\v1.21\sources\pic\ftge.c estimated size: 59

C:\Programmi\Microchip\xc8\v1.21\sources\pic\wmul.c
		___wmul        		CODE           	168B	0000	29

C:\Programmi\Microchip\xc8\v1.21\sources\pic\wmul.c estimated size: 29

DPY.c
		_DPYDrawChar   		CODE           	08F5	0000	44
		_DPYWriteByte  		CODE           	0CAD	0000	86
		_DPYInit       		CODE           	1548	0000	19
		_DPYSendStr    		CODE           	0B73	0000	70
		_DPYSendChar   		CODE           	14BE	0000	9
		_DPYIsBusy     		CODE           	0AF0	0000	64
		_DPYWriteNibble		CODE           	09DC	0000	50
		_DPYInitDisplay		CODE           	0AB2	0000	62
		_DPYSetCur     		CODE           	15BD	0000	22

DPY.c estimated size: 426

C:\Programmi\Microchip\xc8\v1.21\sources\pic\ftmul.c
		___ftmul       		CODE           	0710	0000	180

C:\Programmi\Microchip\xc8\v1.21\sources\pic\ftmul.c estimated size: 180

C:\Programmi\Microchip\xc8\v1.21\sources\pic\fttol.c
		___fttol       		CODE           	0E2E	0000	135

C:\Programmi\Microchip\xc8\v1.21\sources\pic\fttol.c estimated size: 135

OUT.c
		_OUTSetHTCDataN		CODE           	1652	0000	28
		_OUTInit       		CODE           	0839	0000	23

OUT.c estimated size: 51

PGM.c
		_PGMPgmOff     		CODE           	14C7	0000	10
		_PGMSelDown    		CODE           	15A8	0000	21
		_PGMCheckNvm   		CODE           	14DC	0000	12
		_PGMReadNvm    		CODE           	155B	0000	19
		_PGMNvmReset   		CODE           	1581	0000	19
		_PGMTick       		CODE           	1504	0000	16
		_PGMSelLong    		CODE           	1704	0000	32
		_PGMWriteNvm   		CODE           	156E	0000	19
		_PGMInit       		CODE           	161C	0000	27

PGM.c estimated size: 175

