Microchip MPLAB XC8 Compiler V1.21 ()

Linker command line:

--edf=C:\Programmi\Microchip\xc8\v1.21\dat\en_msgs.txt -cs \
  -h+dist/default/debug\Sensore.X.debug.sym \
  --cmf=dist/default/debug\Sensore.X.debug.cmf -z -Q16F1518 \
  -oC:\DOCUME~1\User\IMPOST~1\Temp\s524.6 \
  -Mdist/default/debug/Sensore.X.debug.map -E1 -ver=XC8 -ACONST=00h-0FFhx64 \
  -ACODE=00h-07FFhx8 -ASTRCODE=00h-03FFFh -AENTRY=00h-0FFhx64 \
  -ASTRING=00h-0FFhx64 -ACOMMON=070h-07Fh -ABANK0=020h-06Fh \
  -ABANK1=0A0h-0EFh -ABANK2=0120h-016Fh -ABANK3=01A0h-01EFh \
  -ABANK4=0220h-026Fh -ABANK5=02A0h-02EFh -ABANK6=0320h-036Fh \
  -ABANK7=03A0h-03EFh -ABANK8=0420h-046Fh -ABANK9=04A0h-04EFh \
  -ABANK10=0520h-056Fh -ABANK11=05A0h-05EFh -ABANK12=0620h-064Fh \
  -ABIGRAM=02000h-023EFh \
  -ARAM=020h-06Fh,0A0h-0EFh,0120h-016Fh,01A0h-01EFh,0220h-026Fh,02A0h-02EFh,0320h-036Fh,03A0h-03EFh,0420h-046Fh,04A0h-04EFh,0520h-056Fh,05A0h-05EFh,0620h-064Fh \
  -AABS1=020h-07Fh,0A0h-0EFh,0120h-016Fh,01A0h-01EFh,0220h-026Fh,02A0h-02EFh,0320h-036Fh,03A0h-03EFh,0420h-046Fh,04A0h-04EFh,0520h-056Fh,05A0h-05EFh,0620h-064Fh \
  -ASFR0=00h-01Fh -ASFR1=080h-09Fh -ASFR2=0100h-011Fh -ASFR3=0180h-019Fh \
  -ASFR4=0200h-021Fh -ASFR5=0280h-029Fh -ASFR6=0300h-031Fh \
  -ASFR7=0380h-039Fh -ASFR8=0400h-041Fh -ASFR9=0480h-049Fh \
  -ASFR10=0500h-051Fh -ASFR11=0580h-059Fh -ASFR12=0600h-061Fh \
  -ASFR13=0680h-06EFh -ASFR14=0700h-076Fh -ASFR15=0780h-07EFh \
  -ASFR16=0800h-086Fh -ASFR17=0880h-08EFh -ASFR18=0900h-096Fh \
  -ASFR19=0980h-09EFh -ASFR20=0A00h-0A6Fh -ASFR21=0A80h-0AEFh \
  -ASFR22=0B00h-0B6Fh -ASFR23=0B80h-0BEFh -ASFR24=0C00h-0C6Fh \
  -ASFR25=0C80h-0CEFh -ASFR26=0D00h-0D6Fh -ASFR27=0D80h-0DEFh \
  -ASFR28=0E00h-0E6Fh -ASFR29=0E80h-0EEFh -ASFR30=0F00h-0F6Fh \
  -ASFR31=0F80h-0FEFh -preset_vec=00h,intentry=04h,init,end_init \
  -ppowerup=CODE -pcinit=CODE -pfunctab=CODE -ACONFIG=08007h-08008h \
  -pconfig=CONFIG -DCONFIG=2 -AIDLOC=08000h-08003h -pidloc=IDLOC -DIDLOC=2 \
  -DCODE=2 -DSTRCODE=2 -DSTRING=2 -DCONST=2 -DENTRY=2 -k \
  C:\DOCUME~1\User\IMPOST~1\Temp\s524.obj \
  dist/default/debug\Sensore.X.debug.obj 

Object code version is 3.11

Machine type is 16F1518



                Name                               Link     Load   Length Selector   Space Scale
C:\DOCUME~1\User\IMPOST~1\Temp\s524.obj
                end_init                             14       14        2        8       0
                reset_vec                             0        0        3        0       0
                config                             8007     8007        2    1000E       0
dist/default/debug\Sensore.X.debug.obj
                cinit                                16       16       2B        8       0
                functab                             100      100        7        2       0
                intentry                              4        4       10        8       0
                text66                             16DE     16DE        6     2DBC       0
                text64                              B5F      B5F       3B     16BE       0
                text63                              DBA      DBA       60     1B74       0
                text62                              757      757       A9        2       0
                text61                             17E9     17E9       17     2FD2       0
                text60                              A18      A18       24     1430       0
                text59                              938      938       1E     1270       0
                text58                              AD3      AD3       2A     15A6       0
                text57                             1717     1717        B     2E2E       0
                text56                             1722     1722        B     2E44       0
                text55                             1767     1767       11     2ECE       0
                text54                              8FE      8FE       1D     11FC       0
                text53                              A60      A60       26     14C0       0
                text52                             1789     1789       13     2F12       0
                text51                              533      533       BE        2       0
                text50                             179C     179C       13     2F38       0
                text49                             17AF     17AF       13     2F5E       0
                text48                              83F      83F        C     107E       0
                text47                              84B      84B       18     1096       0
                text46                              87B      87B       19     10F6       0
                text45                              956      956       1E     12AC       0
                text44                              9B2      9B2       21     1364       0
                text43                              BD5      BD5       3D     17AA       0
                text42                              43D      43D       F6        2       0
                text41                              B9A      B9A       3B     1734       0
                text40                              F79      F79       87     1EF2       0
                text39                              EF4      EF4       85     1DE8       0
                text38                             1778     1778       11     2EF0       0
                text37                              5F1      5F1       B4        2       0
                text36                              D5E      D5E       5C     1ABC       0
                text35                             16F6     16F6        8     2DEC       0
                text34                               41       41       88        8       0
                text33                              894      894       19     1128       0
                text32                              319      319      124        2       0
                text31                              6A5      6A5       B2        2       0
                text30                               C9       C9       36        8       0
                text29                              107      107      212        2       0
                text28                              C12      C12       4C     1824       0
                text27                              974      974       1E     12E8       0
                text26                              91B      91B       1D     1236       0
                text25                             17D5     17D5       14     2FAA       0
                text24                              992      992       20     1324       0
                text23                              8E2      8E2       1C     11C4       0
                text22                              9F5      9F5       23     13EA       0
                text21                              D07      D07       57     1A0E       0
                text20                              E84      E84       70     1D08       0
                text19                             1748     1748        F     2E90       0
                text18                             173A     173A        E     2E74       0
                text17                              9D3      9D3       22     13A6       0
                text16                              CB1      CB1       56     1962       0
                text15                             16E4     16E4        6     2DC8       0
                text14                              A86      A86       26     150C       0
                text13                              AAC      AAC       27     1558       0
                text12                             16FE     16FE        8     2DFC       0
                text11                              E1A      E1A       6A     1C34       0
                text10                             1757     1757       10     2EAE       0
                text9                              16DA     16DA        4     2DB4       0
                text8                              17C2     17C2       13     2F84       0
                text7                              170E     170E        9     2E1C       0
                text6                              172D     172D        D     2E5A       0
                text5                               863      863       18     10C6       0
                text4                               8C7      8C7       1B     118E       0
                text3                               A3C      A3C       24     1478       0
                text2                               8AD      8AD       1A     115A       0
                text1                               B2C      B2C       33     1658       0
                maintext                            C5E      C5E       53     18BC       0
                cstackBANK0                          20       20       49       20       1
                cstackCOMMON                         70       70        C       70       1
                cstackBANK1                          CF       CF       14       A0       1
                inittext                           16EA     16EA        6     2DD4       0
                clrtext                            16F0     16F0        6     2DE0       0
                dataBANK2                           120      120       2F      120       1
                dataBANK1                            E3       E3        8       A0       1
                bssBANK1                             A0       A0       2F       A0       1
                bssBANK0                             69       69        7       20       1
                bssCOMMON                            7C       7C        1       70       1
                strings                             800      800       3F     1000       0
                idataBANK2                          AFD      AFD       2F     15FA       0
                idataBANK1                         1706     1706        8     2E0C       0

TOTAL           Name                               Link     Load   Length     Space
        CLASS   CONST          

        CLASS   CODE           
                end_init                             14       14        2         0
                cinit                                16       16       2B         0
                functab                             100      100        7         0
                intentry                              4        4       10         0
                reset_vec                             0        0        3         0
                text66                             16DE     16DE        6         0
                text64                              B5F      B5F       3B         0
                text63                              DBA      DBA       60         0
                text62                              757      757       A9         0
                text61                             17E9     17E9       17         0
                text60                              A18      A18       24         0
                text59                              938      938       1E         0
                text58                              AD3      AD3       2A         0
                text57                             1717     1717        B         0
                text56                             1722     1722        B         0
                text55                             1767     1767       11         0
                text54                              8FE      8FE       1D         0
                text53                              A60      A60       26         0
                text52                             1789     1789       13         0
                text51                              533      533       BE         0
                text50                             179C     179C       13         0
                text49                             17AF     17AF       13         0
                text48                              83F      83F        C         0
                text47                              84B      84B       18         0
                text46                              87B      87B       19         0
                text45                              956      956       1E         0
                text44                              9B2      9B2       21         0
                text43                              BD5      BD5       3D         0
                text42                              43D      43D       F6         0
                text41                              B9A      B9A       3B         0
                text40                              F79      F79       87         0
                text39                              EF4      EF4       85         0
                text38                             1778     1778       11         0
                text37                              5F1      5F1       B4         0
                text36                              D5E      D5E       5C         0
                text35                             16F6     16F6        8         0
                text34                               41       41       88         0
                text33                              894      894       19         0
                text32                              319      319      124         0
                text31                              6A5      6A5       B2         0
                text30                               C9       C9       36         0
                text29                              107      107      212         0
                text28                              C12      C12       4C         0
                text27                              974      974       1E         0
                text26                              91B      91B       1D         0
                text25                             17D5     17D5       14         0
                text24                              992      992       20         0
                text23                              8E2      8E2       1C         0
                text22                              9F5      9F5       23         0
                text21                              D07      D07       57         0
                text20                              E84      E84       70         0
                text19                             1748     1748        F         0
                text18                             173A     173A        E         0
                text17                              9D3      9D3       22         0
                text16                              CB1      CB1       56         0
                text15                             16E4     16E4        6         0
                text14                              A86      A86       26         0
                text13                              AAC      AAC       27         0
                text12                             16FE     16FE        8         0
                text11                              E1A      E1A       6A         0
                text10                             1757     1757       10         0
                text9                              16DA     16DA        4         0
                text8                              17C2     17C2       13         0
                text7                              170E     170E        9         0
                text6                              172D     172D        D         0
                text5                               863      863       18         0
                text4                               8C7      8C7       1B         0
                text3                               A3C      A3C       24         0
                text2                               8AD      8AD       1A         0
                text1                               B2C      B2C       33         0
                maintext                            C5E      C5E       53         0
                inittext                           16EA     16EA        6         0
                clrtext                            16F0     16F0        6         0
                idataBANK2                          AFD      AFD       2F         0
                idataBANK1                         1706     1706        8         0

        CLASS   STRCODE        

        CLASS   ENTRY          

        CLASS   STRING         
                strings                             800      800       3F         0

        CLASS   COMMON         
                cstackCOMMON                         70       70        C         1
                bssCOMMON                            7C       7C        1         1

        CLASS   BANK0          
                cstackBANK0                          20       20       49         1
                bssBANK0                             69       69        7         1

        CLASS   BANK1          
                cstackBANK1                          CF       CF       14         1
                dataBANK1                            E3       E3        8         1
                bssBANK1                             A0       A0       2F         1

        CLASS   BANK2          
                dataBANK2                           120      120       2F         1

        CLASS   BANK3          

        CLASS   BANK4          

        CLASS   BANK5          

        CLASS   BANK6          

        CLASS   BANK7          

        CLASS   BANK8          

        CLASS   BANK9          

        CLASS   BANK10         

        CLASS   BANK11         

        CLASS   BANK12         

        CLASS   BIGRAM         

        CLASS   RAM            

        CLASS   ABS1           
                abs_s1                               7E       7E        2         1

        CLASS   SFR0           

        CLASS   SFR1           

        CLASS   SFR2           

        CLASS   SFR3           

        CLASS   SFR4           

        CLASS   SFR5           

        CLASS   SFR6           

        CLASS   SFR7           

        CLASS   SFR8           

        CLASS   SFR9           

        CLASS   SFR10          

        CLASS   SFR11          

        CLASS   SFR12          

        CLASS   SFR13          

        CLASS   SFR14          

        CLASS   SFR15          

        CLASS   SFR16          

        CLASS   SFR17          

        CLASS   SFR18          

        CLASS   SFR19          

        CLASS   SFR20          

        CLASS   SFR21          

        CLASS   SFR22          

        CLASS   SFR23          

        CLASS   SFR24          

        CLASS   SFR25          

        CLASS   SFR26          

        CLASS   SFR27          

        CLASS   SFR28          

        CLASS   SFR29          

        CLASS   SFR30          

        CLASS   SFR31          

        CLASS   CONFIG         
                config                             8007     8007        2         0

        CLASS   IDLOC          

        CLASS   BANK31         

        CLASS   BANK30         

        CLASS   BANK29         

        CLASS   BANK28         

        CLASS   BANK27         

        CLASS   BANK26         

        CLASS   BANK25         

        CLASS   BANK24         

        CLASS   BANK23         

        CLASS   BANK22         

        CLASS   BANK21         

        CLASS   BANK20         

        CLASS   BANK19         

        CLASS   BANK18         

        CLASS   BANK17         

        CLASS   BANK16         

        CLASS   BANK15         

        CLASS   BANK14         

        CLASS   BANK13         

        CLASS   EEDATA         



SEGMENTS        Name                           Load    Length   Top    Selector   Space  Class     Delta

                reset_vec                      000000  000003  000003         0       0  CODE        2
                intentry                       000004  0000FB  0000FF         8       0  CODE        2
                cstackBANK0                    000020  000050  000070        20       1  BANK0       1
                cstackCOMMON                   000070  00000D  00007D        70       1  COMMON      1
                bssBANK1                       0000A0  00004B  0000EB        A0       1  BANK1       1
                dataBANK2                      000120  00002F  00014F       120       1  BANK2       1
                functab                        000100  000700  000800         2       0  CODE        2
                strings                        000800  00003F  00083F      1000       0  STRING      2
                text48                         00083F  00000C  00084B      107E       0  CODE        2
                text47                         00084B  000018  000863      1096       0  CODE        2
                text5                          000863  000018  00087B      10C6       0  CODE        2
                text46                         00087B  000019  000894      10F6       0  CODE        2
                text33                         000894  000019  0008AD      1128       0  CODE        2
                text2                          0008AD  00001A  0008C7      115A       0  CODE        2
                text4                          0008C7  00001B  0008E2      118E       0  CODE        2
                text23                         0008E2  00001C  0008FE      11C4       0  CODE        2
                text54                         0008FE  00001D  00091B      11FC       0  CODE        2
                text26                         00091B  00001D  000938      1236       0  CODE        2
                text59                         000938  00001E  000956      1270       0  CODE        2
                text45                         000956  00001E  000974      12AC       0  CODE        2
                text27                         000974  00001E  000992      12E8       0  CODE        2
                text24                         000992  000020  0009B2      1324       0  CODE        2
                text44                         0009B2  000021  0009D3      1364       0  CODE        2
                text17                         0009D3  000022  0009F5      13A6       0  CODE        2
                text22                         0009F5  000023  000A18      13EA       0  CODE        2
                text60                         000A18  000024  000A3C      1430       0  CODE        2
                text3                          000A3C  000024  000A60      1478       0  CODE        2
                text53                         000A60  000026  000A86      14C0       0  CODE        2
                text14                         000A86  000026  000AAC      150C       0  CODE        2
                text13                         000AAC  000027  000AD3      1558       0  CODE        2
                text58                         000AD3  00002A  000AFD      15A6       0  CODE        2
                idataBANK2                     000AFD  00002F  000B2C      15FA       0  CODE        2
                text1                          000B2C  000033  000B5F      1658       0  CODE        2
                text64                         000B5F  00003B  000B9A      16BE       0  CODE        2
                text41                         000B9A  00003B  000BD5      1734       0  CODE        2
                text43                         000BD5  00003D  000C12      17AA       0  CODE        2
                text28                         000C12  00004C  000C5E      1824       0  CODE        2
                maintext                       000C5E  000053  000CB1      18BC       0  CODE        2
                text16                         000CB1  000056  000D07      1962       0  CODE        2
                text21                         000D07  000057  000D5E      1A0E       0  CODE        2
                text36                         000D5E  00005C  000DBA      1ABC       0  CODE        2
                text63                         000DBA  000060  000E1A      1B74       0  CODE        2
                text11                         000E1A  00006A  000E84      1C34       0  CODE        2
                text20                         000E84  000070  000EF4      1D08       0  CODE        2
                text39                         000EF4  000085  000F79      1DE8       0  CODE        2
                text40                         000F79  000087  001000      1EF2       0  CODE        2
                text9                          0016DA  000004  0016DE      2DB4       0  CODE        2
                text66                         0016DE  000006  0016E4      2DBC       0  CODE        2
                text15                         0016E4  000006  0016EA      2DC8       0  CODE        2
                inittext                       0016EA  000006  0016F0      2DD4       0  CODE        2
                clrtext                        0016F0  000006  0016F6      2DE0       0  CODE        2
                text35                         0016F6  000008  0016FE      2DEC       0  CODE        2
                text12                         0016FE  000008  001706      2DFC       0  CODE        2
                idataBANK1                     001706  000008  00170E      2E0C       0  CODE        2
                text7                          00170E  000009  001717      2E1C       0  CODE        2
                text57                         001717  00000B  001722      2E2E       0  CODE        2
                text56                         001722  00000B  00172D      2E44       0  CODE        2
                text6                          00172D  00000D  00173A      2E5A       0  CODE        2
                text18                         00173A  00000E  001748      2E74       0  CODE        2
                text19                         001748  00000F  001757      2E90       0  CODE        2
                text10                         001757  000010  001767      2EAE       0  CODE        2
                text55                         001767  000011  001778      2ECE       0  CODE        2
                text38                         001778  000011  001789      2EF0       0  CODE        2
                text52                         001789  000013  00179C      2F12       0  CODE        2
                text50                         00179C  000013  0017AF      2F38       0  CODE        2
                text49                         0017AF  000013  0017C2      2F5E       0  CODE        2
                text8                          0017C2  000013  0017D5      2F84       0  CODE        2
                text25                         0017D5  000014  0017E9      2FAA       0  CODE        2
                text61                         0017E9  000017  001800      2FD2       0  CODE        2
                config                         008007  000002  008009     1000E       0  CONFIG      2


UNUSED ADDRESS RANGES

        Name                Unused          Largest block    Delta
        BANK1            000EB-000EF               5           1
        BANK10           00520-0056F              50           1
        BANK11           005A0-005EF              50           1
        BANK12           00620-0064F              30           1
        BANK2            0014F-0016F              21           1
        BANK3            001A0-001EF              50           1
        BANK4            00220-0026F              50           1
        BANK5            002A0-002EF              50           1
        BANK6            00320-0036F              50           1
        BANK7            003A0-003EF              50           1
        BANK8            00420-0046F              50           1
        BANK9            004A0-004EF              50           1
        BIGRAM           02000-023EF             3F0           1
        CODE             00003-00003               1           2
                         000FF-000FF               1
                         01000-016D9             6DA
                         01800-03FFF             800
        COMMON           0007D-0007D               1           1
        CONST            00003-00003               1           2
                         000FF-000FF               1
                         01000-016D9             100
                         01800-03FFF             100
        ENTRY            00003-00003               1           2
                         000FF-000FF               1
                         01000-016D9             100
                         01800-03FFF             100
        IDLOC            08000-08003               4           2
        RAM              000EB-000EF               5           1
                         0014F-0016F              21
                         001A0-001EF              50
                         00220-0026F              50
                         002A0-002EF              50
                         00320-0036F              50
                         003A0-003EF              50
                         00420-0046F              50
                         004A0-004EF              50
                         00520-0056F              50
                         005A0-005EF              50
                         00620-0064F              30
        SFR0             00000-0001F              20           1
        SFR1             00080-0009F              20           1
        SFR10            00500-0051F              20           1
        SFR11            00580-0059F              20           1
        SFR12            00600-0061F              20           1
        SFR13            00680-006EF              70           1
        SFR14            00700-0076F              70           1
        SFR15            00780-007EF              70           1
        SFR16            00800-0086F              70           1
        SFR17            00880-008EF              70           1
        SFR18            00900-0096F              70           1
        SFR19            00980-009EF              70           1
        SFR2             00100-0011F              20           1
        SFR20            00A00-00A6F              70           1
        SFR21            00A80-00AEF              70           1
        SFR22            00B00-00B6F              70           1
        SFR23            00B80-00BEF              70           1
        SFR24            00C00-00C6F              70           1
        SFR25            00C80-00CEF              70           1
        SFR26            00D00-00D6F              70           1
        SFR27            00D80-00DEF              70           1
        SFR28            00E00-00E6F              70           1
        SFR29            00E80-00EEF              70           1
        SFR3             00180-0019F              20           1
        SFR30            00F00-00F6F              70           1
        SFR31            00F80-00FEF              70           1
        SFR4             00200-0021F              20           1
        SFR5             00280-0029F              20           1
        SFR6             00300-0031F              20           1
        SFR7             00380-0039F              20           1
        SFR8             00400-0041F              20           1
        SFR9             00480-0049F              20           1
        STRCODE          00003-00003               1           2
                         000FF-000FF               1
                         01000-016D9             6DA
                         01800-03FFF            2800
        STRING           00003-00003               1           2
                         000FF-000FF               1
                         01000-016D9             100
                         01800-03FFF             100

                                  Symbol Table

?_ADCGetTempCCal           cstackBANK0  00040
?_CC1Read                  cstackCOMMON 00077
?_CC1Write                 cstackCOMMON 00077
?_DLYDelay_ms              cstackCOMMON 00071
?_NVMRead                  cstackCOMMON 00071
?_NVMWrite                 cstackCOMMON 00071
?_RTXRcvPkt                cstackBANK0  00020
?_RTXSndPkt                cstackBANK0  00022
?_SPIRead                  cstackCOMMON 00071
?_SPIWrite                 cstackCOMMON 00071
?___altoft                 cstackBANK0  00026
?___awtoft                 cstackCOMMON 00079
?___bmul                   cstackCOMMON 00071
?___ftadd                  cstackBANK0  00033
?___ftdiv                  cstackBANK0  00040
?___ftge                   cstackCOMMON 00071
?___ftmul                  cstackBANK0  00023
?___ftneg                  cstackCOMMON 00071
?___ftpack                 cstackCOMMON 00071
?___ftsub                  cstackBANK0  00040
?___fttol                  cstackCOMMON 00071
?___lwdiv                  cstackCOMMON 00071
?_eval_poly                cstackBANK0  00040
?_exp                      cstackBANK0  00054
?_floor                    cstackBANK0  00040
?_frexp                    cstackCOMMON 00071
?_ldexp                    cstackBANK0  0004A
?_log                      cstackBANK0  00050
ADCConv@Rntc               cstackBANK1  000CF
ADCConv@cntSum             cstackBANK1  000E2
ADCConv@sumBatt            cstackBANK1  000DB
ADCConv@sumTemp            cstackBANK1  000DD
ADCConv@tempV              cstackBANK1  000DF
ADCInit@state              cstackCOMMON 00072
CC1Init@state              cstackBANK0  00022
CC1Read@addr               cstackCOMMON 0007A
CC1Read@cc1Addr            cstackCOMMON 0007B
CC1Read@dst                cstackCOMMON 00077
CC1Read@len                cstackCOMMON 00078
CC1Strobe@cc1Stb           cstackCOMMON 00079
CC1Strobe@e_stb            cstackCOMMON 00078
CC1Write@addr              cstackBANK0  00020
CC1Write@cc1Addr           cstackBANK0  00021
CC1Write@len               cstackCOMMON 00079
CC1Write@src               cstackCOMMON 00077
DINInit@sta                cstackCOMMON 00071
DLYDelay_ms@i              cstackCOMMON 00075
DLYDelay_ms@val            cstackCOMMON 00071
INInit@sta                 cstackCOMMON 00072
LEDFastFlash@i             cstackCOMMON 00079
LEDFastFlash@num           cstackCOMMON 00078
LEDInit@sta                cstackCOMMON 00071
LEDNormalFlash@i           cstackCOMMON 00079
LEDNormalFlash@num         cstackCOMMON 00078
NVMInit@sta                cstackCOMMON 00071
NVMRead@addr               cstackCOMMON 00071
NVMRead@dest               cstackCOMMON 00073
NVMRead@i                  cstackCOMMON 00077
NVMRead@len                cstackCOMMON 00074
NVMWrite@addr              cstackCOMMON 00071
NVMWrite@bufTmpRow         cstackBANK0  00020
NVMWrite@i                 cstackBANK0  00062
NVMWrite@j                 cstackBANK0  00064
NVMWrite@latchAddr         cstackBANK0  00063
NVMWrite@len               cstackCOMMON 00074
NVMWrite@rowAddr           cstackBANK0  00060
NVMWrite@source            cstackCOMMON 00073
OUTInit@sta                cstackCOMMON 00072
PGMInit@state              cstackBANK0  00066
RTXInit@state              cstackBANK0  00063
RTXRcvPkt@dst              cstackBANK0  00023
RTXRcvPkt@len              cstackBANK0  00020
RTXReadPkt@numRxByte       cstackBANK0  00066
RTXSendData@valBatt        cstackBANK0  00047
RTXSendData@valTemp        cstackBANK0  00044
RTXSndPkt@len              cstackBANK0  00022
RTXSndPkt@numRxByte        cstackBANK0  00025
RTXSndPkt@numTxByte        cstackBANK0  00026
RTXSndPkt@src              cstackBANK0  00024
RTXSndPkt@sta              cstackBANK0  00027
SLPSleep@ADCON0Tmp         cstackBANK0  00026
SLPSleep@FVRCONTmp         cstackBANK0  00025
SLPSleep@INTCONTmp         cstackBANK0  00021
SLPSleep@IOCBNTmp          cstackBANK0  00020
SLPSleep@OPTION_REGTmp     cstackBANK0  00024
SLPSleep@TESTBATTtmp       cstackBANK0  00027
SLPSleep@WDTCONTmp         cstackBANK0  00023
SLPSleep@WPUBTmp           cstackBANK0  00022
SPIInit@state              cstackCOMMON 00072
SPIRead@dstPtr             cstackCOMMON 00074
SPIRead@i                  cstackCOMMON 00075
SPIRead@len                cstackCOMMON 00071
SPIWrite@i                 cstackCOMMON 00076
SPIWrite@len               cstackCOMMON 00073
SPIWrite@srcPtr            cstackCOMMON 00071
SYSInit@state              cstackCOMMON 00072
_ADCConv                   text29       00107
_ADCConv$1529              cstackBANK1  000D2
_ADCConv$1530              cstackBANK1  000D5
_ADCConv$1531              cstackBANK1  000D8
_ADCGetTempCCal            text28       00C12
_ADCInit                   text58       00AD3
_ADCON0                    (abs)        0009D
_ADCON0bits                (abs)        0009D
_ADCON1                    (abs)        0009E
_ADRESH                    (abs)        0009C
_ANSELA                    (abs)        0018C
_ANSELB                    (abs)        0018D
_ANSELC                    (abs)        0018E
_CC1Init                   text4        008C7
_CC1LoadREG                text5        00863
_CC1Read                   text23       008E2
_CC1Sleep                  text12       016FE
_CC1Strobe                 text25       017D5
_CC1Write                  text22       009F5
_DINInit                   text55       01767
_DINTask                   text54       008FE
_DINTick                   text13       00AAC
_DLYDelay_ms               text46       0087B
_FVRCON                    (abs)        00117
_INInit                    text61       017E9
_INTCON                    (abs)        0000B
_INTCONbits                (abs)        0000B
_INTIsr                    intentry     00004
_IOCBFbits                 (abs)        00396
_IOCBN                     (abs)        00395
_IOCBP                     (abs)        00394
_LATAbits                  (abs)        0010C
_LATBbits                  (abs)        0010D
_LATCbits                  (abs)        0010E
_LEDFastFlash              text27       00974
_LEDInit                   text57       01717
_LEDNormalFlash            text45       00956
_NVMInit                   text56       01722
_NVMRead                   text53       00A60
_NVMWrite                  text51       00533
_OPTION_REG                (abs)        00095
_OSCCON                    (abs)        00099
_OUTInit                   text60       00A18
_PGMCheckNvm               text48       0083F
_PGMInit                   text47       0084B
_PGMNvmReset               text49       017AF
_PGMPgmOff                 text9        016DA
_PGMReadNvm                text52       01789
_PGMSelDown                text8        017C2
_PGMSelLong                text7        0170E
_PGMTick                   text10       01757
_PGMWriteNvm               text50       0179C
_PIE1                      (abs)        00091
_PIE2                      (abs)        00092
_PIR1                      (abs)        00011
_PIR1bits                  (abs)        00011
_PIR2                      (abs)        00012
_PMADR                     (abs)        00191
_PMCON1                    (abs)        00195
_PMCON1bits                (abs)        00195
_PMCON2                    (abs)        00196
_PMDAT                     (abs)        00193
_PORTB                     (abs)        0000D
_PORTBbits                 (abs)        0000D
_PORTC                     (abs)        0000E
_RTXAwake                  text2        008AD
_RTXInit                   text3        00A3C
_RTXRcvPkt                 text18       0173A
_RTXReadPkt                text16       00CB1
_RTXSendData               text20       00E84
_RTXSendRPgm               text17       009D3
_RTXSndPkt                 text21       00D07
_RTXStartSendData          text19       01748
_RTXTask                   text15       016E4
_RTXTick                   text6        0172D
_Rinf                      bssBANK1     000A0
_SLPSleep                  text11       00E1A
_SPIInit                   text59       00938
_SPIRead                   text24       00992
_SPIWrite                  text26       0091B
_SSPBUF                    (abs)        00211
_SSPCON1                   (abs)        00215
_SSPCON2                   (abs)        00216
_SSPCONbits                (abs)        00215
_SSPSTAT                   (abs)        00214
_SYSInit                   text14       00A86
_SYSInt                    text66       016DE
_SYSTask                   text1        00B2C
_T1CON                     (abs)        00018
_TMR0                      (abs)        00015
_TMR1H                     (abs)        00017
_TMR1L                     (abs)        00016
_TRISA                     (abs)        0008C
_TRISB                     (abs)        0008D
_TRISC                     (abs)        0008E
_WDTCON                    (abs)        00097
_WPUB                      (abs)        0020D
__CFG_BOREN$ON             (abs)        00000
__CFG_BORV$LO              (abs)        00000
__CFG_CLKOUTEN$OFF         (abs)        00000
__CFG_CP$ON                (abs)        00000
__CFG_FCMEN$ON             (abs)        00000
__CFG_FOSC$INTOSC          (abs)        00000
__CFG_IESO$OFF             (abs)        00000
__CFG_LPBOR$ON             (abs)        00000
__CFG_LVP$OFF              (abs)        00000
__CFG_MCLRE$OFF            (abs)        00000
__CFG_PWRTE$ON             (abs)        00000
__CFG_STVREN$ON            (abs)        00000
__CFG_VCAPEN$OFF           (abs)        00000
__CFG_WDTE$ON              (abs)        00000
__CFG_WRT$OFF              (abs)        00000
__Habs1                    abs1         00000
__Hbank0                   bank0        00000
__Hbank1                   bank1        00000
__Hbank10                  bank10       00000
__Hbank11                  bank11       00000
__Hbank12                  bank12       00000
__Hbank13                  bank13       00000
__Hbank14                  bank14       00000
__Hbank15                  bank15       00000
__Hbank16                  bank16       00000
__Hbank17                  bank17       00000
__Hbank18                  bank18       00000
__Hbank19                  bank19       00000
__Hbank2                   bank2        00000
__Hbank20                  bank20       00000
__Hbank21                  bank21       00000
__Hbank22                  bank22       00000
__Hbank23                  bank23       00000
__Hbank24                  bank24       00000
__Hbank25                  bank25       00000
__Hbank26                  bank26       00000
__Hbank27                  bank27       00000
__Hbank28                  bank28       00000
__Hbank29                  bank29       00000
__Hbank3                   bank3        00000
__Hbank30                  bank30       00000
__Hbank31                  bank31       00000
__Hbank4                   bank4        00000
__Hbank5                   bank5        00000
__Hbank6                   bank6        00000
__Hbank7                   bank7        00000
__Hbank8                   bank8        00000
__Hbank9                   bank9        00000
__Hbigram                  bigram       00000
__HbssBANK0                bssBANK0     00000
__HbssBANK1                bssBANK1     00000
__HbssCOMMON               bssCOMMON    00000
__Hcinit                   cinit        00041
__Hclrtext                 clrtext      00000
__Hcode                    code         00000
__Hcommon                  common       00000
__Hconfig                  config       08009
__HcstackBANK0             cstackBANK0  00000
__HcstackBANK1             cstackBANK1  00000
__HcstackCOMMON            cstackCOMMON 00000
__HdataBANK1               dataBANK1    00000
__HdataBANK2               dataBANK2    00000
__Heeprom_data             eeprom_data  00000
__Hend_init                end_init     00016
__Hfunctab                 functab      00107
__HidataBANK1              idataBANK1   00000
__HidataBANK2              idataBANK2   00000
__Hidloc                   idloc        00000
__Hinit                    init         00014
__Hinittext                inittext     00000
__Hintentry                intentry     00014
__Hmaintext                maintext     00000
__Hpowerup                 powerup      00000
__Hram                     ram          00000
__Hreset_vec               reset_vec    00003
__Hsfr0                    sfr0         00000
__Hsfr1                    sfr1         00000
__Hsfr10                   sfr10        00000
__Hsfr11                   sfr11        00000
__Hsfr12                   sfr12        00000
__Hsfr13                   sfr13        00000
__Hsfr14                   sfr14        00000
__Hsfr15                   sfr15        00000
__Hsfr16                   sfr16        00000
__Hsfr17                   sfr17        00000
__Hsfr18                   sfr18        00000
__Hsfr19                   sfr19        00000
__Hsfr2                    sfr2         00000
__Hsfr20                   sfr20        00000
__Hsfr21                   sfr21        00000
__Hsfr22                   sfr22        00000
__Hsfr23                   sfr23        00000
__Hsfr24                   sfr24        00000
__Hsfr25                   sfr25        00000
__Hsfr26                   sfr26        00000
__Hsfr27                   sfr27        00000
__Hsfr28                   sfr28        00000
__Hsfr29                   sfr29        00000
__Hsfr3                    sfr3         00000
__Hsfr30                   sfr30        00000
__Hsfr31                   sfr31        00000
__Hsfr4                    sfr4         00000
__Hsfr5                    sfr5         00000
__Hsfr6                    sfr6         00000
__Hsfr7                    sfr7         00000
__Hsfr8                    sfr8         00000
__Hsfr9                    sfr9         00000
__Hstrings                 strings      00000
__Htext                    text         00000
__Labs1                    abs1         00000
__Lbank0                   bank0        00000
__Lbank1                   bank1        00000
__Lbank10                  bank10       00000
__Lbank11                  bank11       00000
__Lbank12                  bank12       00000
__Lbank13                  bank13       00000
__Lbank14                  bank14       00000
__Lbank15                  bank15       00000
__Lbank16                  bank16       00000
__Lbank17                  bank17       00000
__Lbank18                  bank18       00000
__Lbank19                  bank19       00000
__Lbank2                   bank2        00000
__Lbank20                  bank20       00000
__Lbank21                  bank21       00000
__Lbank22                  bank22       00000
__Lbank23                  bank23       00000
__Lbank24                  bank24       00000
__Lbank25                  bank25       00000
__Lbank26                  bank26       00000
__Lbank27                  bank27       00000
__Lbank28                  bank28       00000
__Lbank29                  bank29       00000
__Lbank3                   bank3        00000
__Lbank30                  bank30       00000
__Lbank31                  bank31       00000
__Lbank4                   bank4        00000
__Lbank5                   bank5        00000
__Lbank6                   bank6        00000
__Lbank7                   bank7        00000
__Lbank8                   bank8        00000
__Lbank9                   bank9        00000
__Lbigram                  bigram       00000
__LbssBANK0                bssBANK0     00000
__LbssBANK1                bssBANK1     00000
__LbssCOMMON               bssCOMMON    00000
__Lcinit                   cinit        00016
__Lclrtext                 clrtext      00000
__Lcode                    code         00000
__Lcommon                  common       00000
__Lconfig                  config       08007
__LcstackBANK0             cstackBANK0  00000
__LcstackBANK1             cstackBANK1  00000
__LcstackCOMMON            cstackCOMMON 00000
__LdataBANK1               dataBANK1    00000
__LdataBANK2               dataBANK2    00000
__Leeprom_data             eeprom_data  00000
__Lend_init                end_init     00014
__Lfunctab                 functab      00100
__LidataBANK1              idataBANK1   00000
__LidataBANK2              idataBANK2   00000
__Lidloc                   idloc        00000
__Linit                    init         00014
__Linittext                inittext     00000
__Lintentry                intentry     00004
__Lmaintext                maintext     00000
__Lpowerup                 powerup      00000
__Lram                     ram          00000
__Lreset_vec               reset_vec    00000
__Lsfr0                    sfr0         00000
__Lsfr1                    sfr1         00000
__Lsfr10                   sfr10        00000
__Lsfr11                   sfr11        00000
__Lsfr12                   sfr12        00000
__Lsfr13                   sfr13        00000
__Lsfr14                   sfr14        00000
__Lsfr15                   sfr15        00000
__Lsfr16                   sfr16        00000
__Lsfr17                   sfr17        00000
__Lsfr18                   sfr18        00000
__Lsfr19                   sfr19        00000
__Lsfr2                    sfr2         00000
__Lsfr20                   sfr20        00000
__Lsfr21                   sfr21        00000
__Lsfr22                   sfr22        00000
__Lsfr23                   sfr23        00000
__Lsfr24                   sfr24        00000
__Lsfr25                   sfr25        00000
__Lsfr26                   sfr26        00000
__Lsfr27                   sfr27        00000
__Lsfr28                   sfr28        00000
__Lsfr29                   sfr29        00000
__Lsfr3                    sfr3         00000
__Lsfr30                   sfr30        00000
__Lsfr31                   sfr31        00000
__Lsfr4                    sfr4         00000
__Lsfr5                    sfr5         00000
__Lsfr6                    sfr6         00000
__Lsfr7                    sfr7         00000
__Lsfr8                    sfr8         00000
__Lsfr9                    sfr9         00000
__Lstrings                 strings      00000
__Ltext                    text         00000
__S0                       (abs)        08009
__S1                       (abs)        0014F
___altoft                  text43       00BD5
___altoft@c                cstackBANK0  00026
___altoft@exp              cstackBANK0  0002A
___altoft@sign             cstackBANK0  0002B
___awtoft                  text44       009B2
___awtoft@c                cstackCOMMON 00079
___awtoft@sign             cstackBANK0  00022
___bmul                    text38       01778
___bmul@multiplicand       cstackCOMMON 00071
___bmul@multiplier         cstackCOMMON 00074
___bmul@product            cstackCOMMON 00073
___ftadd                   text42       0043D
___ftadd@exp1              cstackBANK0  0003F
___ftadd@exp2              cstackBANK0  0003E
___ftadd@f1                cstackBANK0  00033
___ftadd@f2                cstackBANK0  00036
___ftadd@sign              cstackBANK0  0003D
___ftdiv                   text62       00757
___ftdiv@cntr              cstackBANK0  0004A
___ftdiv@exp               cstackBANK0  0004E
___ftdiv@f1                cstackBANK0  00043
___ftdiv@f2                cstackBANK0  00040
___ftdiv@f3                cstackBANK0  0004B
___ftdiv@sign              cstackBANK0  0004F
___ftge                    text41       00B9A
___ftge@ff1                cstackCOMMON 00071
___ftge@ff2                cstackCOMMON 00074
___ftmul                   text37       005F1
___ftmul@cntr              cstackBANK0  00031
___ftmul@exp               cstackBANK0  0002D
___ftmul@f1                cstackBANK0  00023
___ftmul@f2                cstackBANK0  00026
___ftmul@f3_as_product     cstackBANK0  0002E
___ftmul@sign              cstackBANK0  00032
___ftneg                   text35       016F6
___ftneg@f1                cstackCOMMON 00071
___ftpack                  text63       00DBA
___ftpack@arg              cstackCOMMON 00071
___ftpack@exp              cstackCOMMON 00074
___ftpack@sign             cstackCOMMON 00075
___ftsub                   text33       00894
___ftsub@f1                cstackBANK0  00043
___ftsub@f2                cstackBANK0  00040
___fttol                   text40       00F79
___fttol@exp1              cstackBANK0  00025
___fttol@f1                cstackCOMMON 00071
___fttol@lval              cstackBANK0  00021
___fttol@sign1             cstackBANK0  00020
___latbits                 (abs)        00003
___lwdiv                   text30       000C9
___lwdiv@counter           cstackCOMMON 00078
___lwdiv@dividend          cstackCOMMON 00073
___lwdiv@divisor           cstackCOMMON 00071
___lwdiv@quotient          cstackCOMMON 00076
__end_of_ADCConv           text29       00319
__end_of_ADCGetTempCCal    text28       00C5E
__end_of_ADCInit           text58       00AFD
__end_of_CC1Init           text4        008E2
__end_of_CC1LoadREG        text5        0087B
__end_of_CC1Read           text23       008FE
__end_of_CC1Sleep          text12       01706
__end_of_CC1Strobe         text25       017E9
__end_of_CC1Write          text22       00A18
__end_of_DINInit           text55       01778
__end_of_DINTask           text54       0091B
__end_of_DINTick           text13       00AD3
__end_of_DLYDelay_ms       text46       00894
__end_of_INInit            text61       01800
__end_of_INTIsr            intentry     00014
__end_of_LEDFastFlash      text27       00992
__end_of_LEDInit           text57       01722
__end_of_LEDNormalFlash    text45       00974
__end_of_NVMInit           text56       0172D
__end_of_NVMRead           text53       00A86
__end_of_NVMWrite          text51       005F1
__end_of_OUTInit           text60       00A3C
__end_of_PGMCheckNvm       text48       0084B
__end_of_PGMInit           text47       00863
__end_of_PGMNvmReset       text49       017C2
__end_of_PGMPgmOff         text9        016DE
__end_of_PGMReadNvm        text52       0179C
__end_of_PGMSelDown        text8        017D5
__end_of_PGMSelLong        text7        01717
__end_of_PGMTick           text10       01767
__end_of_PGMWriteNvm       text50       017AF
__end_of_RTXAwake          text2        008C7
__end_of_RTXInit           text3        00A60
__end_of_RTXRcvPkt         text18       01748
__end_of_RTXReadPkt        text16       00D07
__end_of_RTXSendData       text20       00EF4
__end_of_RTXSendRPgm       text17       009F5
__end_of_RTXSndPkt         text21       00D5E
__end_of_RTXStartSendData  text19       01757
__end_of_RTXTask           text15       016EA
__end_of_RTXTick           text6        0173A
__end_of_SLPSleep          text11       00E84
__end_of_SPIInit           text59       00956
__end_of_SPIRead           text24       009B2
__end_of_SPIWrite          text26       00938
__end_of_SYSInit           text14       00AAC
__end_of_SYSInt            text66       016E4
__end_of_SYSTask           text1        00B5F
__end_of___altoft          text43       00C12
__end_of___awtoft          text44       009D3
__end_of___bmul            text38       01789
__end_of___ftadd           text42       00533
__end_of___ftdiv           text62       00800
__end_of___ftge            text41       00BD5
__end_of___ftmul           text37       006A5
__end_of___ftneg           text35       016FE
__end_of___ftpack          text63       00E1A
__end_of___ftsub           text33       008AD
__end_of___fttol           text40       01000
__end_of___lwdiv           text30       000FF
__end_of__fptable          functab      00107
__end_of__initialization   cinit        0003E
__end_of__stringtab        strings      00801
__end_of_eval_poly         text36       00DBA
__end_of_exp               text32       0043D
__end_of_floor             text39       00F79
__end_of_frexp             text64       00B9A
__end_of_ldexp             text34       000C9
__end_of_log               text31       00757
__end_of_main              maintext     00CB1
__end_of_nvm_pgm_cfg       strings      0083F
__end_ofexp@coeff          strings      0081F
__end_oflog@coeff          strings      0083A
__fptable                  functab      00100
__initialization           cinit        00016
__pbssBANK0                bssBANK0     00069
__pbssBANK1                bssBANK1     000A0
__pbssCOMMON               bssCOMMON    0007C
__pcstackBANK0             cstackBANK0  00020
__pcstackBANK1             cstackBANK1  000CF
__pcstackCOMMON            cstackCOMMON 00070
__pdataBANK1               dataBANK1    000E3
__pdataBANK2               dataBANK2    00120
__pfunctab                 functab      00100
__pidataBANK1              idataBANK1   01706
__pidataBANK2              idataBANK2   00AFD
__pintentry                intentry     00004
__pmaintext                maintext     00C5E
__pstrings                 strings      00800
__ptext1                   text1        00B2C
__ptext10                  text10       01757
__ptext11                  text11       00E1A
__ptext12                  text12       016FE
__ptext13                  text13       00AAC
__ptext14                  text14       00A86
__ptext15                  text15       016E4
__ptext16                  text16       00CB1
__ptext17                  text17       009D3
__ptext18                  text18       0173A
__ptext19                  text19       01748
__ptext2                   text2        008AD
__ptext20                  text20       00E84
__ptext21                  text21       00D07
__ptext22                  text22       009F5
__ptext23                  text23       008E2
__ptext24                  text24       00992
__ptext25                  text25       017D5
__ptext26                  text26       0091B
__ptext27                  text27       00974
__ptext28                  text28       00C12
__ptext29                  text29       00107
__ptext3                   text3        00A3C
__ptext30                  text30       000C9
__ptext31                  text31       006A5
__ptext32                  text32       00319
__ptext33                  text33       00894
__ptext34                  text34       00041
__ptext35                  text35       016F6
__ptext36                  text36       00D5E
__ptext37                  text37       005F1
__ptext38                  text38       01778
__ptext39                  text39       00EF4
__ptext4                   text4        008C7
__ptext40                  text40       00F79
__ptext41                  text41       00B9A
__ptext42                  text42       0043D
__ptext43                  text43       00BD5
__ptext44                  text44       009B2
__ptext45                  text45       00956
__ptext46                  text46       0087B
__ptext47                  text47       0084B
__ptext48                  text48       0083F
__ptext49                  text49       017AF
__ptext5                   text5        00863
__ptext50                  text50       0179C
__ptext51                  text51       00533
__ptext52                  text52       01789
__ptext53                  text53       00A60
__ptext54                  text54       008FE
__ptext55                  text55       01767
__ptext56                  text56       01722
__ptext57                  text57       01717
__ptext58                  text58       00AD3
__ptext59                  text59       00938
__ptext6                   text6        0172D
__ptext60                  text60       00A18
__ptext61                  text61       017E9
__ptext62                  text62       00757
__ptext63                  text63       00DBA
__ptext64                  text64       00B5F
__ptext66                  text66       016DE
__ptext7                   text7        0170E
__ptext8                   text8        017C2
__ptext9                   text9        016DA
__size_of_ADCConv          (abs)        00000
__size_of_ADCGetTempCCal   (abs)        00000
__size_of_ADCInit          (abs)        00000
__size_of_CC1Init          (abs)        00000
__size_of_CC1LoadREG       (abs)        00000
__size_of_CC1Read          (abs)        00000
__size_of_CC1Sleep         (abs)        00000
__size_of_CC1Strobe        (abs)        00000
__size_of_CC1Write         (abs)        00000
__size_of_DINInit          (abs)        00000
__size_of_DINTask          (abs)        00000
__size_of_DINTick          (abs)        00000
__size_of_DLYDelay_ms      (abs)        00000
__size_of_INInit           (abs)        00000
__size_of_INTIsr           (abs)        00000
__size_of_LEDFastFlash     (abs)        00000
__size_of_LEDInit          (abs)        00000
__size_of_LEDNormalFlash   (abs)        00000
__size_of_NVMInit          (abs)        00000
__size_of_NVMRead          (abs)        00000
__size_of_NVMWrite         (abs)        00000
__size_of_OUTInit          (abs)        00000
__size_of_PGMCheckNvm      (abs)        00000
__size_of_PGMInit          (abs)        00000
__size_of_PGMNvmReset      (abs)        00000
__size_of_PGMPgmOff        (abs)        00000
__size_of_PGMReadNvm       (abs)        00000
__size_of_PGMSelDown       (abs)        00000
__size_of_PGMSelLong       (abs)        00000
__size_of_PGMTick          (abs)        00000
__size_of_PGMWriteNvm      (abs)        00000
__size_of_RTXAwake         (abs)        00000
__size_of_RTXInit          (abs)        00000
__size_of_RTXRcvPkt        (abs)        00000
__size_of_RTXReadPkt       (abs)        00000
__size_of_RTXSendData      (abs)        00000
__size_of_RTXSendRPgm      (abs)        00000
__size_of_RTXSndPkt        (abs)        00000
__size_of_RTXStartSendData (abs)        00000
__size_of_RTXTask          (abs)        00000
__size_of_RTXTick          (abs)        00000
__size_of_SLPSleep         (abs)        00000
__size_of_SPIInit          (abs)        00000
__size_of_SPIRead          (abs)        00000
__size_of_SPIWrite         (abs)        00000
__size_of_SYSInit          (abs)        00000
__size_of_SYSInt           (abs)        00000
__size_of_SYSTask          (abs)        00000
__size_of___altoft         (abs)        00000
__size_of___awtoft         (abs)        00000
__size_of___bmul           (abs)        00000
__size_of___ftadd          (abs)        00000
__size_of___ftdiv          (abs)        00000
__size_of___ftge           (abs)        00000
__size_of___ftmul          (abs)        00000
__size_of___ftneg          (abs)        00000
__size_of___ftpack         (abs)        00000
__size_of___ftsub          (abs)        00000
__size_of___fttol          (abs)        00000
__size_of___lwdiv          (abs)        00000
__size_of__fptable         (abs)        00000
__size_of_eval_poly        (abs)        00000
__size_of_exp              (abs)        00000
__size_of_floor            (abs)        00000
__size_of_frexp            (abs)        00000
__size_of_ldexp            (abs)        00000
__size_of_log              (abs)        00000
__size_of_main             (abs)        00000
__stringtab                strings      00800
_adc_ch                    bssBANK1     000AD
_batt                      bssBANK1     000AE
_battV                     bssBANK1     000A3
_cc1InitVal                dataBANK2    00120
_cc1PaTable                dataBANK1    000E3
_cntSndData                bssBANK0     00069
_errno                     bssBANK1     000A9
_eval_poly                 text36       00D5E
_exp                       text32       00319
_exp$1092                  cstackBANK0  0005B
_exp$1532                  cstackBANK0  00058
_flg_slp                   bssBANK1     000AF
_floor                     text39       00EF4
_frexp                     text64       00B5F
_ldexp                     text34       00041
_ldexp$1133                cstackBANK0  00051
_log                       text31       006A5
_main                      maintext     00C5E
_nvm_pgm_cfg               strings      0083A
_pgm_cfg                   bssBANK1     000CA
_pgm_flg                   bssBANK0     0006A
_pktRx                     bssBANK1     000B8
_pktTx                     bssBANK1     000C1
_rtx_flg                   bssBANK1     000B0
_s_CC1_FLG                 bssBANK1     000B1
_sys_pgm_sta               bssBANK1     000B2
_temp                      bssBANK1     000B3
_tempC                     bssBANK1     000A6
_tmrDbncSel                bssBANK0     0006B
_tmrLongSel                bssBANK1     000AB
_tmrPgm                    bssBANK0     0006C
_tmrRcvPkt                 bssBANK0     0006D
_u_SYS_STA                 bssBANK1     000B4
_u_flg_din                 bssBANK0     0006E
_u_in_ev_down              bssBANK1     000B5
_u_in_ev_long              bssBANK1     000B6
_u_in_ev_up                bssBANK1     000B7
_u_in_sta_currTask         bssCOMMON    0007C
_u_in_sta_tmpTask          bssBANK0     0006F
btemp                      (abs)        0007E
clear_ram0                 clrtext      016F0
end_of_initialization      cinit        0003E
entry__exp                 functab      00103
entry__log                 functab      00105
eval_poly@d                cstackBANK0  00043
eval_poly@n                cstackBANK0  00044
eval_poly@res              cstackBANK0  00047
eval_poly@x                cstackBANK0  00040
exp@coeff                  strings      00801
exp@exponent               cstackBANK0  0005E
exp@sign                   cstackBANK0  00060
exp@x                      cstackBANK0  00054
floor@expon                cstackBANK0  00047
floor@i                    cstackBANK0  00044
floor@x                    cstackBANK0  00040
fpbase                     functab      00102
fptable                    functab      00100
fptotal                    (abs)        00002
frexp@eptr                 cstackCOMMON 00074
frexp@value                cstackCOMMON 00071
init_ram                   inittext     016EA
intlevel0                  functab      00100
intlevel1                  functab      00100
intlevel2                  functab      00100
intlevel3                  functab      00100
intlevel4                  functab      00100
intlevel5                  functab      00100
ldexp@newexp               cstackBANK0  0004D
ldexp@value                cstackBANK0  0004A
log@coeff                  strings      0081F
log@exponent               cstackBANK0  00054
log@x                      cstackBANK0  00050
main@i                     cstackBANK0  00068
reset_vec                  reset_vec    00000
start                      init         00014
start_initialization       cinit        00016
wtemp0                     (abs)        0007E


FUNCTION INFORMATION:

 *************** function _main *****************
 Defined at:
		line 55 in file "Sensore.c"
 Parameters:    Size  Location     Type
		None
 Auto vars:     Size  Location     Type
  i               1   72[BANK0 ] unsigned char 
 Return value:  Size  Location     Type
		None               void
 Registers used:
		wreg, fsr0l, fsr0h, fsr1l, fsr1h, fsr1l, fsr1h, status,2, status,0, btemp+1, pclath, cstack
 Tracked objects:
		On entry : 
		On exit  : 
		Unchanged: 
 Data sizes:     COMMON   BANK0   BANK1   BANK2   BANK3   BANK4   BANK5   BANK6   BANK7   BANK8   BANK9  BANK10  BANK11  BANK12
      Params:         0       0       0       0       0       0       0       0       0       0       0       0       0       0
      Locals:         0       1       0       0       0       0       0       0       0       0       0       0       0       0
      Temps:          0       1       0       0       0       0       0       0       0       0       0       0       0       0
      Totals:         0       2       0       0       0       0       0       0       0       0       0       0       0       0
Total ram usage:        2 bytes
 Hardware stack levels required when called:   11
 This function calls:
		_INInit
		_OUTInit
		_SPIInit
		_ADCInit
		_CC1Init
		_LEDInit
		_NVMInit
		_DINInit
		_DINTask
		_PGMInit
		_RTXInit
		_RTXTask
		_SYSInit
		_SYSTask
 This function is called by:
		Startup code after reset
 This function uses a non-reentrant model


 *************** function _SYSTask *****************
 Defined at:
		line 45 in file "SYS.c"
 Parameters:    Size  Location     Type
		None
 Auto vars:     Size  Location     Type
		None
 Return value:  Size  Location     Type
		None               void
 Registers used:
		wreg, fsr0l, fsr0h, fsr1l, fsr1h, fsr1l, fsr1h, status,2, status,0, btemp+1, pclath, cstack
 Tracked objects:
		On entry : 
		On exit  : 
		Unchanged: 
 Data sizes:     COMMON   BANK0   BANK1   BANK2   BANK3   BANK4   BANK5   BANK6   BANK7   BANK8   BANK9  BANK10  BANK11  BANK12
      Params:         0       0       0       0       0       0       0       0       0       0       0       0       0       0
      Locals:         0       0       0       0       0       0       0       0       0       0       0       0       0       0
      Temps:          0       0       0       0       0       0       0       0       0       0       0       0       0       0
      Totals:         0       0       0       0       0       0       0       0       0       0       0       0       0       0
Total ram usage:        0 bytes
 Hardware stack levels used:    1
 Hardware stack levels required when called:   10
 This function calls:
		_DINTick
		_SLPSleep
		_PGMTick
		_PGMPgmOff
		_PGMSelDown
		_PGMSelLong
		_RTXTick
		_RTXAwake
 This function is called by:
		_main
 This function uses a non-reentrant model


 *************** function _RTXAwake *****************
 Defined at:
		line 90 in file "RTX.c"
 Parameters:    Size  Location     Type
		None
 Auto vars:     Size  Location     Type
		None
 Return value:  Size  Location     Type
		None               void
 Registers used:
		wreg, fsr0l, fsr0h, fsr1l, fsr1h, fsr1l, fsr1h, status,2, status,0, btemp+1, pclath, cstack
 Tracked objects:
		On entry : 
		On exit  : 
		Unchanged: 
 Data sizes:     COMMON   BANK0   BANK1   BANK2   BANK3   BANK4   BANK5   BANK6   BANK7   BANK8   BANK9  BANK10  BANK11  BANK12
      Params:         0       0       0       0       0       0       0       0       0       0       0       0       0       0
      Locals:         0       0       0       0       0       0       0       0       0       0       0       0       0       0
      Temps:          0       0       0       0       0       0       0       0       0       0       0       0       0       0
      Totals:         0       0       0       0       0       0       0       0       0       0       0       0       0       0
Total ram usage:        0 bytes
 Hardware stack levels used:    1
 Hardware stack levels required when called:    9
 This function calls:
		_DLYDelay_ms
		_CC1Init
		_RTXInit
 This function is called by:
		_SYSTask
 This function uses a non-reentrant model


 *************** function _RTXInit *****************
 Defined at:
		line 49 in file "RTX.c"
 Parameters:    Size  Location     Type
  state           1    wreg     unsigned char 
 Auto vars:     Size  Location     Type
  state           1   67[BANK0 ] unsigned char 
 Return value:  Size  Location     Type
		None               void
 Registers used:
		wreg, fsr0l, fsr0h, fsr1l, fsr1h, fsr1l, fsr1h, status,2, status,0, btemp+1, pclath, cstack
 Tracked objects:
		On entry : 
		On exit  : 
		Unchanged: 
 Data sizes:     COMMON   BANK0   BANK1   BANK2   BANK3   BANK4   BANK5   BANK6   BANK7   BANK8   BANK9  BANK10  BANK11  BANK12
      Params:         0       0       0       0       0       0       0       0       0       0       0       0       0       0
      Locals:         0       1       0       0       0       0       0       0       0       0       0       0       0       0
      Temps:          0       0       0       0       0       0       0       0       0       0       0       0       0       0
      Totals:         0       1       0       0       0       0       0       0       0       0       0       0       0       0
Total ram usage:        1 bytes
 Hardware stack levels used:    1
 Hardware stack levels required when called:    8
 This function calls:
		_CC1Strobe
		_RTXStartSendData
 This function is called by:
		_RTXAwake
		_main
 This function uses a non-reentrant model


 *************** function _CC1Init *****************
 Defined at:
		line 75 in file "CC1.c"
 Parameters:    Size  Location     Type
  state           1    wreg     unsigned char 
 Auto vars:     Size  Location     Type
  state           1    2[BANK0 ] unsigned char 
 Return value:  Size  Location     Type
		None               void
 Registers used:
		wreg, fsr0l, fsr0h, fsr1l, fsr1h, status,2, status,0, pclath, cstack
 Tracked objects:
		On entry : 
		On exit  : 
		Unchanged: 
 Data sizes:     COMMON   BANK0   BANK1   BANK2   BANK3   BANK4   BANK5   BANK6   BANK7   BANK8   BANK9  BANK10  BANK11  BANK12
      Params:         0       0       0       0       0       0       0       0       0       0       0       0       0       0
      Locals:         0       1       0       0       0       0       0       0       0       0       0       0       0       0
      Temps:          0       0       0       0       0       0       0       0       0       0       0       0       0       0
      Totals:         0       1       0       0       0       0       0       0       0       0       0       0       0       0
Total ram usage:        1 bytes
 Hardware stack levels used:    1
 Hardware stack levels required when called:    5
 This function calls:
		_DLYDelay_ms
		_CC1Strobe
		_CC1LoadREG
 This function is called by:
		_RTXAwake
		_main
 This function uses a non-reentrant model


 *************** function _CC1LoadREG *****************
 Defined at:
		line 156 in file "CC1.c"
 Parameters:    Size  Location     Type
		None
 Auto vars:     Size  Location     Type
		None
 Return value:  Size  Location     Type
		None               void
 Registers used:
		wreg, fsr1l, fsr1h, status,2, status,0, pclath, cstack
 Tracked objects:
		On entry : 
		On exit  : 
		Unchanged: 
 Data sizes:     COMMON   BANK0   BANK1   BANK2   BANK3   BANK4   BANK5   BANK6   BANK7   BANK8   BANK9  BANK10  BANK11  BANK12
      Params:         0       0       0       0       0       0       0       0       0       0       0       0       0       0
      Locals:         0       0       0       0       0       0       0       0       0       0       0       0       0       0
      Temps:          1       0       0       0       0       0       0       0       0       0       0       0       0       0
      Totals:         1       0       0       0       0       0       0       0       0       0       0       0       0       0
Total ram usage:        1 bytes
 Hardware stack levels used:    1
 Hardware stack levels required when called:    4
 This function calls:
		_CC1Write
 This function is called by:
		_CC1Init
 This function uses a non-reentrant model


 *************** function _RTXTick *****************
 Defined at:
		line 72 in file "RTX.c"
 Parameters:    Size  Location     Type
		None
 Auto vars:     Size  Location     Type
		None
 Return value:  Size  Location     Type
		None               void
 Registers used:
		wreg, fsr1l, fsr1h, status,2, status,0, pclath, cstack
 Tracked objects:
		On entry : 
		On exit  : 
		Unchanged: 
 Data sizes:     COMMON   BANK0   BANK1   BANK2   BANK3   BANK4   BANK5   BANK6   BANK7   BANK8   BANK9  BANK10  BANK11  BANK12
      Params:         0       0       0       0       0       0       0       0       0       0       0       0       0       0
      Locals:         0       0       0       0       0       0       0       0       0       0       0       0       0       0
      Temps:          0       0       0       0       0       0       0       0       0       0       0       0       0       0
      Totals:         0       0       0       0       0       0       0       0       0       0       0       0       0       0
Total ram usage:        0 bytes
 Hardware stack levels used:    1
 Hardware stack levels required when called:    6
 This function calls:
		_RTXSendData
 This function is called by:
		_SYSTask
 This function uses a non-reentrant model


 *************** function _PGMSelLong *****************
 Defined at:
		line 116 in file "PGM.c"
 Parameters:    Size  Location     Type
		None
 Auto vars:     Size  Location     Type
		None
 Return value:  Size  Location     Type
		None               void
 Registers used:
		wreg, fsr1l, fsr1h, status,2, status,0, pclath, cstack
 Tracked objects:
		On entry : 
		On exit  : 
		Unchanged: 
 Data sizes:     COMMON   BANK0   BANK1   BANK2   BANK3   BANK4   BANK5   BANK6   BANK7   BANK8   BANK9  BANK10  BANK11  BANK12
      Params:         0       0       0       0       0       0       0       0       0       0       0       0       0       0
      Locals:         0       0       0       0       0       0       0       0       0       0       0       0       0       0
      Temps:          0       0       0       0       0       0       0       0       0       0       0       0       0       0
      Totals:         0       0       0       0       0       0       0       0       0       0       0       0       0       0
Total ram usage:        0 bytes
 Hardware stack levels used:    1
 Hardware stack levels required when called:    4
 This function calls:
		_LEDNormalFlash
		_PGMWriteNvm
 This function is called by:
		_SYSTask
 This function uses a non-reentrant model


 *************** function _PGMSelDown *****************
 Defined at:
		line 102 in file "PGM.c"
 Parameters:    Size  Location     Type
		None
 Auto vars:     Size  Location     Type
		None
 Return value:  Size  Location     Type
		None               void
 Registers used:
		wreg, fsr1l, fsr1h, status,2, status,0, pclath, cstack
 Tracked objects:
		On entry : 
		On exit  : 
		Unchanged: 
 Data sizes:     COMMON   BANK0   BANK1   BANK2   BANK3   BANK4   BANK5   BANK6   BANK7   BANK8   BANK9  BANK10  BANK11  BANK12
      Params:         0       0       0       0       0       0       0       0       0       0       0       0       0       0
      Locals:         0       0       0       0       0       0       0       0       0       0       0       0       0       0
      Temps:          0       1       0       0       0       0       0       0       0       0       0       0       0       0
      Totals:         0       1       0       0       0       0       0       0       0       0       0       0       0       0
Total ram usage:        1 bytes
 Hardware stack levels used:    1
 Hardware stack levels required when called:    4
 This function calls:
		_PGMWriteNvm
 This function is called by:
		_SYSTask
 This function uses a non-reentrant model


 *************** function _PGMPgmOff *****************
 Defined at:
		line 94 in file "PGM.c"
 Parameters:    Size  Location     Type
		None
 Auto vars:     Size  Location     Type
		None
 Return value:  Size  Location     Type
		None               void
 Registers used:
		status,2
 Tracked objects:
		On entry : 
		On exit  : 
		Unchanged: 
 Data sizes:     COMMON   BANK0   BANK1   BANK2   BANK3   BANK4   BANK5   BANK6   BANK7   BANK8   BANK9  BANK10  BANK11  BANK12
      Params:         0       0       0       0       0       0       0       0       0       0       0       0       0       0
      Locals:         0       0       0       0       0       0       0       0       0       0       0       0       0       0
      Temps:          0       0       0       0       0       0       0       0       0       0       0       0       0       0
      Totals:         0       0       0       0       0       0       0       0       0       0       0       0       0       0
Total ram usage:        0 bytes
 Hardware stack levels used:    1
 Hardware stack levels required when called:    2
 This function calls:
		Nothing
 This function is called by:
		_SYSTask
[...]
Total ram usage:        1 bytes
 Hardware stack levels used:    1
 Hardware stack levels required when called:    2
 This function calls:
		Nothing
 This function is called by:
		_main
 This function uses a non-reentrant model


 *************** function _LEDInit *****************
 Defined at:
		line 8 in file "LED.c"
 Parameters:    Size  Location     Type
  sta             1    wreg     unsigned char 
 Auto vars:     Size  Location     Type
  sta             1    1[COMMON] unsigned char 
 Return value:  Size  Location     Type
		None               void
 Registers used:
		wreg, fsr0l, fsr0h, status,2, status,0
 Tracked objects:
		On entry : 
		On exit  : 
		Unchanged: 
 Data sizes:     COMMON   BANK0   BANK1   BANK2   BANK3   BANK4   BANK5   BANK6   BANK7   BANK8   BANK9  BANK10  BANK11  BANK12
      Params:         0       0       0       0       0       0       0       0       0       0       0       0       0       0
      Locals:         1       0       0       0       0       0       0       0       0       0       0       0       0       0
      Temps:          0       0       0       0       0       0       0       0       0       0       0       0       0       0
      Totals:         1       0       0       0       0       0       0       0       0       0       0       0       0       0
Total ram usage:        1 bytes
 Hardware stack levels used:    1
 Hardware stack levels required when called:    2
 This function calls:
		Nothing
 This function is called by:
		_main
 This function uses a non-reentrant model


 *************** function _ADCInit *****************
 Defined at:
		line 36 in file "ADC.c"
 Parameters:    Size  Location     Type
  state           1    wreg     unsigned char 
 Auto vars:     Size  Location     Type
  state           1    2[COMMON] unsigned char 
 Return value:  Size  Location     Type
		None               void
 Registers used:
		wreg, fsr0l, fsr0h, status,2, status,0
 Tracked objects:
		On entry : 
		On exit  : 
		Unchanged: 
 Data sizes:     COMMON   BANK0   BANK1   BANK2   BANK3   BANK4   BANK5   BANK6   BANK7   BANK8   BANK9  BANK10  BANK11  BANK12
      Params:         0       0       0       0       0       0       0       0       0       0       0       0       0       0
      Locals:         1       0       0       0       0       0       0       0       0       0       0       0       0       0
      Temps:          1       0       0       0       0       0       0       0       0       0       0       0       0       0
      Totals:         2       0       0       0       0       0       0       0       0       0       0       0       0       0
Total ram usage:        2 bytes
 Hardware stack levels used:    1
 Hardware stack levels required when called:    2
 This function calls:
		Nothing
 This function is called by:
		_main
 This function uses a non-reentrant model


 *************** function _SPIInit *****************
 Defined at:
		line 9 in file "SPI.c"
 Parameters:    Size  Location     Type
  state           1    wreg     unsigned char 
 Auto vars:     Size  Location     Type
  state           1    2[COMMON] unsigned char 
 Return value:  Size  Location     Type
		None               void
 Registers used:
		wreg, fsr0l, fsr0h, status,2, status,0
 Tracked objects:
		On entry : 
		On exit  : 
		Unchanged: 
 Data sizes:     COMMON   BANK0   BANK1   BANK2   BANK3   BANK4   BANK5   BANK6   BANK7   BANK8   BANK9  BANK10  BANK11  BANK12
      Params:         0       0       0       0       0       0       0       0       0       0       0       0       0       0
      Locals:         1       0       0       0       0       0       0       0       0       0       0       0       0       0
      Temps:          1       0       0       0       0       0       0       0       0       0       0       0       0       0
      Totals:         2       0       0       0       0       0       0       0       0       0       0       0       0       0
Total ram usage:        2 bytes
 Hardware stack levels used:    1
 Hardware stack levels required when called:    2
 This function calls:
		Nothing
 This function is called by:
		_main
 This function uses a non-reentrant model


 *************** function _OUTInit *****************
 Defined at:
		line 7 in file "OUT.c"
 Parameters:    Size  Location     Type
  sta             1    wreg     unsigned char 
 Auto vars:     Size  Location     Type
  sta             1    2[COMMON] unsigned char 
 Return value:  Size  Location     Type
		None               void
 Registers used:
		wreg, fsr0l, fsr0h, status,2, status,0
 Tracked objects:
		On entry : 
		On exit  : 
		Unchanged: 
 Data sizes:     COMMON   BANK0   BANK1   BANK2   BANK3   BANK4   BANK5   BANK6   BANK7   BANK8   BANK9  BANK10  BANK11  BANK12
      Params:         0       0       0       0       0       0       0       0       0       0       0       0       0       0
      Locals:         1       0       0       0       0       0       0       0       0       0       0       0       0       0
      Temps:          1       0       0       0       0       0       0       0       0       0       0       0       0       0
      Totals:         2       0       0       0       0       0       0       0       0       0       0       0       0       0
Total ram usage:        2 bytes
 Hardware stack levels used:    1
 Hardware stack levels required when called:    2
 This function calls:
		Nothing
 This function is called by:
		_main
 This function uses a non-reentrant model


 *************** function _INInit *****************
 Defined at:
		line 7 in file "IN.c"
 Parameters:    Size  Location     Type
  sta             1    wreg     unsigned char 
 Auto vars:     Size  Location     Type
  sta             1    2[COMMON] unsigned char 
 Return value:  Size  Location     Type
		None               void
 Registers used:
		wreg, fsr0l, fsr0h, status,2, status,0
 Tracked objects:
		On entry : 
		On exit  : 
		Unchanged: 
 Data sizes:     COMMON   BANK0   BANK1   BANK2   BANK3   BANK4   BANK5   BANK6   BANK7   BANK8   BANK9  BANK10  BANK11  BANK12
      Params:         0       0       0       0       0       0       0       0       0       0       0       0       0       0
      Locals:         1       0       0       0       0       0       0       0       0       0       0       0       0       0
      Temps:          1       0       0       0       0       0       0       0       0       0       0       0       0       0
      Totals:         2       0       0       0       0       0       0       0       0       0       0       0       0       0
Total ram usage:        2 bytes
 Hardware stack levels used:    1
 Hardware stack levels required when called:    2
 This function calls:
		Nothing
 This function is called by:
		_main
 This function uses a non-reentrant model


 *************** function ___ftdiv *****************
 Defined at:
		line 50 in file "C:\Programmi\Microchip\xc8\v1.21\sources\pic\ftdiv.c"
 Parameters:    Size  Location     Type
  f2              3   32[BANK0 ] float 
  f1              3   35[BANK0 ] float 
 Auto vars:     Size  Location     Type
  f3              3   43[BANK0 ] float 
  sign            1   47[BANK0 ] unsigned char 
  exp             1   46[BANK0 ] unsigned char 
  cntr            1   42[BANK0 ] unsigned char 
 Return value:  Size  Location     Type
                  3   32[BANK0 ] float 
 Registers used:
		wreg, status,2, status,0, pclath, cstack
 Tracked objects:
		On entry : 
		On exit  : 
		Unchanged: 
 Data sizes:     COMMON   BANK0   BANK1   BANK2   BANK3   BANK4   BANK5   BANK6   BANK7   BANK8   BANK9  BANK10  BANK11  BANK12
      Params:         0       6       0       0       0       0       0       0       0       0       0       0       0       0
      Locals:         0       6       0       0       0       0       0       0       0       0       0       0       0       0
      Temps:          0       4       0       0       0       0       0       0       0       0       0       0       0       0
      Totals:         0      16       0       0       0       0       0       0       0       0       0       0       0       0
Total ram usage:       16 bytes
 Hardware stack levels used:    1
 Hardware stack levels required when called:    3
 This function calls:
		___ftpack
 This function is called by:
		_ADCConv
		_exp
 This function uses a non-reentrant model


 *************** function ___ftpack *****************
 Defined at:
		line 63 in file "C:\Programmi\Microchip\xc8\v1.21\sources\pic\float.c"
 Parameters:    Size  Location     Type
  arg             3    1[COMMON] unsigned um
  exp             1    4[COMMON] unsigned char 
  sign            1    5[COMMON] unsigned char 
 Auto vars:     Size  Location     Type
		None
 Return value:  Size  Location     Type
                  3    1[COMMON] float 
 Registers used:
		wreg, status,2, status,0
 Tracked objects:
		On entry : 
		On exit  : 
		Unchanged: 
 Data sizes:     COMMON   BANK0   BANK1   BANK2   BANK3   BANK4   BANK5   BANK6   BANK7   BANK8   BANK9  BANK10  BANK11  BANK12
      Params:         5       0       0       0       0       0       0       0       0       0       0       0       0       0
      Locals:         0       0       0       0       0       0       0       0       0       0       0       0       0       0
      Temps:          3       0       0       0       0       0       0       0       0       0       0       0       0       0
      Totals:         8       0       0       0       0       0       0       0       0       0       0       0       0       0
Total ram usage:        8 bytes
 Hardware stack levels used:    1
 Hardware stack levels required when called:    2
 This function calls:
		Nothing
 This function is called by:
		___altoft
		___awtoft
		___ftadd
		___ftdiv
		___ftmul
 This function uses a non-reentrant model


 *************** function _frexp *****************
 Defined at:
		line 255 in file "C:\Programmi\Microchip\xc8\v1.21\sources\common\frexp.c"
 Parameters:    Size  Location     Type
  value           3    1[COMMON] float 
  eptr            1    4[COMMON] PTR int 
		 -> log@exponent(2), floor@expon(2), 
 Auto vars:     Size  Location     Type
		None
 Return value:  Size  Location     Type
                  3    1[COMMON] PTR int 
 Registers used:
		wreg, fsr1l, fsr1h, status,2, status,0
 Tracked objects:
		On entry : 
		On exit  : 
		Unchanged: 
 Data sizes:     COMMON   BANK0   BANK1   BANK2   BANK3   BANK4   BANK5   BANK6   BANK7   BANK8   BANK9  BANK10  BANK11  BANK12
      Params:         4       0       0       0       0       0       0       0       0       0       0       0       0       0
      Locals:         0       0       0       0       0       0       0       0       0       0       0       0       0       0
      Temps:          2       0       0       0       0       0       0       0       0       0       0       0       0       0
      Totals:         6       0       0       0       0       0       0       0       0       0       0       0       0       0
Total ram usage:        6 bytes
 Hardware stack levels used:    1
 Hardware stack levels required when called:    2
 This function calls:
		Nothing
 This function is called by:
		_floor
		_log
 This function uses a non-reentrant model


 *************** function _INTIsr *****************
 Defined at:
		line 38 in file "Sensore.c"
 Parameters:    Size  Location     Type
		None
 Auto vars:     Size  Location     Type
		None
 Return value:  Size  Location     Type
		None               void
 Registers used:
		wreg, status,2, status,0, pclath, cstack
 Tracked objects:
		On entry : 
		On exit  : 
		Unchanged: 
 Data sizes:     COMMON   BANK0   BANK1   BANK2   BANK3   BANK4   BANK5   BANK6   BANK7   BANK8   BANK9  BANK10  BANK11  BANK12
      Params:         0       0       0       0       0       0       0       0       0       0       0       0       0       0
      Locals:         0       0       0       0       0       0       0       0       0       0       0       0       0       0
      Temps:          1       0       0       0       0       0       0       0       0       0       0       0       0       0
      Totals:         1       0       0       0       0       0       0       0       0       0       0       0       0       0
Total ram usage:        1 bytes
 Hardware stack levels used:    1
 Hardware stack levels required when called:    1
 This function calls:
		_SYSInt
 This function is called by:
		Interrupt level 1
 This function uses a non-reentrant model


 *************** function _SYSInt *****************
 Defined at:
		line 36 in file "SYS.c"
 Parameters:    Size  Location     Type
		None
 Auto vars:     Size  Location     Type
		None
 Return value:  Size  Location     Type
		None               void
 Registers used:
		wreg
 Tracked objects:
		On entry : 
		On exit  : 
		Unchanged: 
 Data sizes:     COMMON   BANK0   BANK1   BANK2   BANK3   BANK4   BANK5   BANK6   BANK7   BANK8   BANK9  BANK10  BANK11  BANK12
      Params:         0       0       0       0       0       0       0       0       0       0       0       0       0       0
      Locals:         0       0       0       0       0       0       0       0       0       0       0       0       0       0
      Temps:          0       0       0       0       0       0       0       0       0       0       0       0       0       0
      Totals:         0       0       0       0       0       0       0       0       0       0       0       0       0       0
Total ram usage:        0 bytes
 Hardware stack levels used:    1
 This function calls:
		Nothing
 This function is called by:
		_INTIsr
 This function uses a non-reentrant model



MODULE INFORMATION

Module		Function		Class		Link	Load	Size
C:\Programmi\Microchip\xc8\v1.21\sources\pic\awtoft.c
		___awtoft      		CODE           	09B2	0000	33

C:\Programmi\Microchip\xc8\v1.21\sources\pic\awtoft.c estimated size: 33

IN.c
		_INInit        		CODE           	17E9	0000	23

IN.c estimated size: 23

LED.c
		_LEDInit       		CODE           	1717	0000	11
		_LEDFastFlash  		CODE           	0974	0000	30
		_LEDNormalFlash		CODE           	0956	0000	30

LED.c estimated size: 71

C:\Programmi\Microchip\xc8\v1.21\sources\pic\ftadd.c
		___ftadd       		CODE           	043D	0000	246

C:\Programmi\Microchip\xc8\v1.21\sources\pic\ftadd.c estimated size: 246

ADC.c
		_ADCInit       		CODE           	0AD3	0000	42
		_ADCGetTempCCal		CODE           	0C12	0000	76
		_ADCConv       		CODE           	0107	0000	530

ADC.c estimated size: 648

C:\Programmi\Microchip\xc8\v1.21\sources\common\frexp.c
		_ldexp         		CODE           	0041	0000	136
		_frexp         		CODE           	0B5F	0000	59

C:\Programmi\Microchip\xc8\v1.21\sources\common\frexp.c estimated size: 195

C:\Programmi\Microchip\xc8\v1.21\sources\pic\lwdiv.c
		___lwdiv       		CODE           	00C9	0000	54

C:\Programmi\Microchip\xc8\v1.21\sources\pic\lwdiv.c estimated size: 54

C:\Programmi\Microchip\xc8\v1.21\sources\common\exp.c
		_exp           		CODE           	0319	0000	292

C:\Programmi\Microchip\xc8\v1.21\sources\common\exp.c estimated size: 292

C:\Programmi\Microchip\xc8\v1.21\sources\common\evalpoly.c
		_eval_poly     		CODE           	0D5E	0000	92

C:\Programmi\Microchip\xc8\v1.21\sources\common\evalpoly.c estimated size: 92

C:\Programmi\Microchip\xc8\v1.21\sources\pic\bmul.c
		___bmul        		CODE           	1778	0000	17

C:\Programmi\Microchip\xc8\v1.21\sources\pic\bmul.c estimated size: 17

DIN.c
		_DINTick       		CODE           	0AAC	0000	39
		_DINTask       		CODE           	08FE	0000	29
		_DINInit       		CODE           	1767	0000	17

DIN.c estimated size: 85

C:\Programmi\Microchip\xc8\v1.21\sources\pic\float.c
		___ftpack      		CODE           	0DBA	0000	96

C:\Programmi\Microchip\xc8\v1.21\sources\pic\float.c estimated size: 96

C:\Programmi\Microchip\xc8\v1.21\sources\common\log.c
		_log           		CODE           	06A5	0000	178

C:\Programmi\Microchip\xc8\v1.21\sources\common\log.c estimated size: 178

shared
		exp@coeff      		STRING         	0801	0000	30
		__stringtab    		STRING         	0800	0000	1
		_nvm_pgm_cfg   		STRING         	083A	0000	5
		__initializatio		CODE           	0016	0000	40
		__fptable      		CODE           	0100	0000	7
		log@coeff      		STRING         	081F	0000	27

shared estimated size: 110

DLY.c
		_DLYDelay_ms   		CODE           	087B	0000	25

DLY.c estimated size: 25

NVM.c
		_NVMWrite      		CODE           	0533	0000	190
		_NVMInit       		CODE           	1722	0000	11
		_NVMRead       		CODE           	0A60	0000	38

NVM.c estimated size: 239

SYS.c
		_SYSTask       		CODE           	0B2C	0000	51
		_SYSInt        		CODE           	16DE	0000	6
		_SYSInit       		CODE           	0A86	0000	38

SYS.c estimated size: 95

CC1.c
		_CC1Strobe     		CODE           	17D5	0000	20
		_CC1LoadREG    		CODE           	0863	0000	24
		_CC1Sleep      		CODE           	16FE	0000	8
		_CC1Write      		CODE           	09F5	0000	35
		_CC1Init       		CODE           	08C7	0000	27
		_CC1Read       		CODE           	08E2	0000	28

CC1.c estimated size: 142

SLP.c
		_SLPSleep      		CODE           	0E1A	0000	106

SLP.c estimated size: 106

SPI.c
		_SPIRead       		CODE           	0992	0000	32
		_SPIWrite      		CODE           	091B	0000	29
		_SPIInit       		CODE           	0938	0000	30

SPI.c estimated size: 91

C:\Programmi\Microchip\xc8\v1.21\sources\pic\ftdiv.c
		___ftdiv       		CODE           	0757	0000	169

C:\Programmi\Microchip\xc8\v1.21\sources\pic\ftdiv.c estimated size: 169

C:\Programmi\Microchip\xc8\v1.21\sources\common\floor.c
		_floor         		CODE           	0EF4	0000	133

C:\Programmi\Microchip\xc8\v1.21\sources\common\floor.c estimated size: 133

C:\Programmi\Microchip\xc8\v1.21\sources\pic\ftsub.c
		___ftsub       		CODE           	0894	0000	25

C:\Programmi\Microchip\xc8\v1.21\sources\pic\ftsub.c estimated size: 25

Sensore.c
		_main          		CODE           	0C5E	0000	83
		_INTIsr        		CODE           	0004	0000	16

Sensore.c estimated size: 99

C:\Programmi\Microchip\xc8\v1.21\sources\pic\ftneg.c
		___ftneg       		CODE           	16F6	0000	8

C:\Programmi\Microchip\xc8\v1.21\sources\pic\ftneg.c estimated size: 8

RTX.c
		_RTXSndPkt     		CODE           	0D07	0000	87
		_RTXReadPkt    		CODE           	0CB1	0000	86
		_RTXRcvPkt     		CODE           	173A	0000	14
		_RTXTick       		CODE           	172D	0000	13
		_RTXStartSendDa		CODE           	1748	0000	15
		_RTXAwake      		CODE           	08AD	0000	26
		_RTXTask       		CODE           	16E4	0000	6
		_RTXInit       		CODE           	0A3C	0000	36
		_RTXSendData   		CODE           	0E84	0000	112
		_RTXSendRPgm   		CODE           	09D3	0000	34

RTX.c estimated size: 429

C:\Programmi\Microchip\xc8\v1.21\sources\pic\ftge.c
		___ftge        		CODE           	0B9A	0000	59

C:\Programmi\Microchip\xc8\v1.21\sources\pic\ftge.c estimated size: 59

C:\Programmi\Microchip\xc8\v1.21\sources\pic\ftmul.c
		___ftmul       		CODE           	05F1	0000	180

C:\Programmi\Microchip\xc8\v1.21\sources\pic\ftmul.c estimated size: 180

C:\Programmi\Microchip\xc8\v1.21\sources\pic\fttol.c
		___fttol       		CODE           	0F79	0000	135

C:\Programmi\Microchip\xc8\v1.21\sources\pic\fttol.c estimated size: 135

OUT.c
		_OUTInit       		CODE           	0A18	0000	36

OUT.c estimated size: 36

PGM.c
		_PGMPgmOff     		CODE           	16DA	0000	4
		_PGMSelDown    		CODE           	17C2	0000	19
		_PGMCheckNvm   		CODE           	083F	0000	12
		_PGMReadNvm    		CODE           	1789	0000	19
		_PGMNvmReset   		CODE           	17AF	0000	19
		_PGMTick       		CODE           	1757	0000	16
		_PGMSelLong    		CODE           	170E	0000	9
		_PGMWriteNvm   		CODE           	179C	0000	19
		_PGMInit       		CODE           	084B	0000	24

PGM.c estimated size: 141

C:\Programmi\Microchip\xc8\v1.21\sources\pic\altoft.c
		___altoft      		CODE           	0BD5	0000	61

C:\Programmi\Microchip\xc8\v1.21\sources\pic\altoft.c estimated size: 61

