Microchip MPLAB XC8 Compiler V1.21 ()

Linker command line:

--edf=C:\Programmi\Microchip\xc8\v1.21\dat\en_msgs.txt -cs \
  -h+dist/default/debug\Base.X.debug.sym \
  --cmf=dist/default/debug\Base.X.debug.cmf -z -Q16F1518 \
  -oC:\DOCUME~1\User\IMPOST~1\Temp\s3m4.6 \
  -Mdist/default/debug/Base.X.debug.map -E1 -ver=XC8 -ACONST=00h-0FFhx64 \
  -ACODE=00h-07FFhx8 -ASTRCODE=00h-03FFFh -AENTRY=00h-0FFhx64 \
  -ASTRING=00h-0FFhx64 -ACOMMON=070h-07Fh -ABANK0=020h-06Fh \
  -ABANK1=0A0h-0EFh -ABANK2=0120h-016Fh -ABANK3=01A0h-01EFh \
  -ABANK4=0220h-026Fh -ABANK5=02A0h-02EFh -ABANK6=0320h-036Fh \
  -ABANK7=03A0h-03EFh -ABANK8=0420h-046Fh -ABANK9=04A0h-04EFh \
  -ABANK10=0520h-056Fh -ABANK11=05A0h-05EFh -ABANK12=0620h-064Fh \
  -ABIGRAM=02000h-023EFh \
  -ARAM=020h-06Fh,0A0h-0EFh,0120h-016Fh,01A0h-01EFh,0220h-026Fh,02A0h-02EFh,0320h-036Fh,03A0h-03EFh,0420h-046Fh,04A0h-04EFh,0520h-056Fh,05A0h-05EFh,0620h-064Fh \
  -AABS1=020h-07Fh,0A0h-0EFh,0120h-016Fh,01A0h-01EFh,0220h-026Fh,02A0h-02EFh,0320h-036Fh,03A0h-03EFh,0420h-046Fh,04A0h-04EFh,0520h-056Fh,05A0h-05EFh,0620h-064Fh \
  -ASFR0=00h-01Fh -ASFR1=080h-09Fh -ASFR2=0100h-011Fh -ASFR3=0180h-019Fh \
  -ASFR4=0200h-021Fh -ASFR5=0280h-029Fh -ASFR6=0300h-031Fh \
  -ASFR7=0380h-039Fh -ASFR8=0400h-041Fh -ASFR9=0480h-049Fh \
  -ASFR10=0500h-051Fh -ASFR11=0580h-059Fh -ASFR12=0600h-061Fh \
  -ASFR13=0680h-06EFh -ASFR14=0700h-076Fh -ASFR15=0780h-07EFh \
  -ASFR16=0800h-086Fh -ASFR17=0880h-08EFh -ASFR18=0900h-096Fh \
  -ASFR19=0980h-09EFh -ASFR20=0A00h-0A6Fh -ASFR21=0A80h-0AEFh \
  -ASFR22=0B00h-0B6Fh -ASFR23=0B80h-0BEFh -ASFR24=0C00h-0C6Fh \
  -ASFR25=0C80h-0CEFh -ASFR26=0D00h-0D6Fh -ASFR27=0D80h-0DEFh \
  -ASFR28=0E00h-0E6Fh -ASFR29=0E80h-0EEFh -ASFR30=0F00h-0F6Fh \
  -ASFR31=0F80h-0FEFh -preset_vec=00h,intentry=04h,init,end_init \
  -ppowerup=CODE -pcinit=CODE -pfunctab=CODE -ACONFIG=08007h-08008h \
  -pconfig=CONFIG -DCONFIG=2 -AIDLOC=08000h-08003h -pidloc=IDLOC -DIDLOC=2 \
  -DCODE=2 -DSTRCODE=2 -DSTRING=2 -DCONST=2 -DENTRY=2 -k \
  C:\DOCUME~1\User\IMPOST~1\Temp\s3m4.obj \
  dist/default/debug\Base.X.debug.obj 

Object code version is 3.11

Machine type is 16F1518



                Name                               Link     Load   Length Selector   Space Scale
C:\DOCUME~1\User\IMPOST~1\Temp\s3m4.obj
                end_init                             11       11        2        8       0
                reset_vec                             0        0        3        0       0
                config                             8007     8007        2    1000E       0
dist/default/debug\Base.X.debug.obj
                cinit                                13       13       33        8       0
                intentry                              4        4        D        8       0
                text65                              849      849        6     1092       0
                text63                              97F      97F       17     12FE       0
                text62                              996      996       17     132C       0
                text61                              AA1      AA1       1E     1542       0
                text60                              9AD      9AD       19     135A       0
                text59                              A4A      A4A       1D     1494       0
                text58                              955      955       14     12AA       0
                text57                              B23      B23       23     1646       0
                text56                              C5D      C5D       30     18BA       0
                text55                              87C      87C        B     10F8       0
                text54                              8F7      8F7       12     11EE       0
                text53                              A67      A67       1D     14CE       0
                text52                              A12      A12       1C     1424       0
                text51                              8D5      8D5       11     11AA       0
                text50                              C8D      C8D       32     191A       0
                text49                              F4D      F4D       56     1E9A       0
                text48                              C02      C02       2C     1804       0
                text47                              CFA      CFA       3E     19F4       0
                text46                              909      909       13     1212       0
                text45                              7DA      7DA       26        8       0
                text44                              91C      91C       13     1238       0
                text43                              4DE      4DE       BE        8       0
                text42                              92F      92F       13     125E       0
                text41                              942      942       13     1284       0
                text40                              887      887        C     110E       0
                text39                              9C6      9C6       19     138C       0
                text38                              969      969       16     12D2       0
                text37                              869      869        9     10D2       0
                text36                              D38      D38       40     1A70       0
                text35                              DBB      DBB       49     1B76       0
                text34                              8B9      8B9        E     1172       0
                text33                              E52      E52       53     1CA4       0
                text32                              D78      D78       43     1AF0       0
                text31                              A84      A84       1D     1508       0
                text30                               46       46      1DC        8       0
                text29                              CBF      CBF       3B     197E       0
                text28                              77A      77A       60        8       0
                text27                              59C      59C       B4        8       0
                text26                              861      861        8     10C2       0
                text25                              3E8      3E8       F6        8       0
                text24                              9DF      9DF       19     13BE       0
                text23                              6F3      6F3       87        8       0
                text22                              BD7      BD7       2B     17AE       0
                text21                              650      650       A3        8       0
                text20                              EA5      EA5       53     1D4A       0
                text19                              222      222      1C6        8       0
                text18                              B8C      B8C       24     1718       0
                text17                              ABF      ABF       20     157E       0
                text16                              A2E      A2E       1C     145C       0
                text15                              8C7      8C7        E     118E       0
                text14                              EF8      EF8       55     1DF0       0
                text13                              ADF      ADF       22     15BE       0
                text12                              9F8      9F8       1A     13F0       0
                text11                              FA3      FA3       5D     1F46       0
                text10                              84F      84F        6     109E       0
                text9                               B46      B46       23     168C       0
                text8                               BB0      BB0       27     1760       0
                text7                               89F      89F        D     113E       0
                text6                               844      844        5     1088       0
                text5                               872      872        A     10E4       0
                text4                               893      893        C     1126       0
                text3                               B69      B69       23     16D2       0
                text2                               8AC      8AC        D     1158       0
                text1                               B01      B01       22     1602       0
                maintext                            E04      E04       4E     1C08       0
                cstackBANK0                          20       20       49       20       1
                cstackCOMMON                         70       70        C       70       1
                cstackBANK1                          D1       D1       1A       A0       1
                inittext                            855      855        6     10AA       0
                clrtext                             85B      85B        6     10B6       0
                dataBANK3                           1A0      1A0       2F      1A0       1
                dataBANK2                           141      141       11      120       1
                bssBANK2                            120      120       21      120       1
                bssBANK1                             A0       A0       31       A0       1
                bssBANK0                             69       69        7       20       1
                bssCOMMON                            7C       7C        1       70       1
                strings                             800      800       39     1000       0
                idataBANK3                          C2E      C2E       2F     185C       0
                idataBANK2                          8E6      8E6       11     11CC       0

TOTAL           Name                               Link     Load   Length     Space
        CLASS   CONST          

        CLASS   CODE           
                end_init                             11       11        2         0
                cinit                                13       13       33         0
                intentry                              4        4        D         0
                reset_vec                             0        0        3         0
                text65                              849      849        6         0
                text63                              97F      97F       17         0
                text62                              996      996       17         0
                text61                              AA1      AA1       1E         0
                text60                              9AD      9AD       19         0
                text59                              A4A      A4A       1D         0
                text58                              955      955       14         0
                text57                              B23      B23       23         0
                text56                              C5D      C5D       30         0
                text55                              87C      87C        B         0
                text54                              8F7      8F7       12         0
                text53                              A67      A67       1D         0
                text52                              A12      A12       1C         0
                text51                              8D5      8D5       11         0
                text50                              C8D      C8D       32         0
                text49                              F4D      F4D       56         0
                text48                              C02      C02       2C         0
                text47                              CFA      CFA       3E         0
                text46                              909      909       13         0
                text45                              7DA      7DA       26         0
                text44                              91C      91C       13         0
                text43                              4DE      4DE       BE         0
                text42                              92F      92F       13         0
                text41                              942      942       13         0
                text40                              887      887        C         0
                text39                              9C6      9C6       19         0
                text38                              969      969       16         0
                text37                              869      869        9         0
                text36                              D38      D38       40         0
                text35                              DBB      DBB       49         0
                text34                              8B9      8B9        E         0
                text33                              E52      E52       53         0
                text32                              D78      D78       43         0
                text31                              A84      A84       1D         0
                text30                               46       46      1DC         0
                text29                              CBF      CBF       3B         0
                text28                              77A      77A       60         0
                text27                              59C      59C       B4         0
                text26                              861      861        8         0
                text25                              3E8      3E8       F6         0
                text24                              9DF      9DF       19         0
                text23                              6F3      6F3       87         0
                text22                              BD7      BD7       2B         0
                text21                              650      650       A3         0
                text20                              EA5      EA5       53         0
                text19                              222      222      1C6         0
                text18                              B8C      B8C       24         0
                text17                              ABF      ABF       20         0
                text16                              A2E      A2E       1C         0
                text15                              8C7      8C7        E         0
                text14                              EF8      EF8       55         0
                text13                              ADF      ADF       22         0
                text12                              9F8      9F8       1A         0
                text11                              FA3      FA3       5D         0
                text10                              84F      84F        6         0
                text9                               B46      B46       23         0
                text8                               BB0      BB0       27         0
                text7                               89F      89F        D         0
                text6                               844      844        5         0
                text5                               872      872        A         0
                text4                               893      893        C         0
                text3                               B69      B69       23         0
                text2                               8AC      8AC        D         0
                text1                               B01      B01       22         0
                maintext                            E04      E04       4E         0
                inittext                            855      855        6         0
                clrtext                             85B      85B        6         0
                idataBANK3                          C2E      C2E       2F         0
                idataBANK2                          8E6      8E6       11         0

        CLASS   STRCODE        

        CLASS   ENTRY          

        CLASS   STRING         
                strings                             800      800       39         0

        CLASS   COMMON         
                cstackCOMMON                         70       70        C         1
                bssCOMMON                            7C       7C        1         1

        CLASS   BANK0          
                cstackBANK0                          20       20       49         1
                bssBANK0                             69       69        7         1

        CLASS   BANK1          
                cstackBANK1                          D1       D1       1A         1
                bssBANK1                             A0       A0       31         1

        CLASS   BANK2          
                dataBANK2                           141      141       11         1
                bssBANK2                            120      120       21         1

        CLASS   BANK3          
                dataBANK3                           1A0      1A0       2F         1

        CLASS   BANK4          

        CLASS   BANK5          

        CLASS   BANK6          

        CLASS   BANK7          

        CLASS   BANK8          

        CLASS   BANK9          

        CLASS   BANK10         

        CLASS   BANK11         

        CLASS   BANK12         

        CLASS   BIGRAM         

        CLASS   RAM            

        CLASS   ABS1           
                abs_s1                               7E       7E        2         1

        CLASS   SFR0           

        CLASS   SFR1           

        CLASS   SFR2           

        CLASS   SFR3           

        CLASS   SFR4           

        CLASS   SFR5           

        CLASS   SFR6           

        CLASS   SFR7           

        CLASS   SFR8           

        CLASS   SFR9           

        CLASS   SFR10          

        CLASS   SFR11          

        CLASS   SFR12          

        CLASS   SFR13          

        CLASS   SFR14          

        CLASS   SFR15          

        CLASS   SFR16          

        CLASS   SFR17          

        CLASS   SFR18          

        CLASS   SFR19          

        CLASS   SFR20          

        CLASS   SFR21          

        CLASS   SFR22          

        CLASS   SFR23          

        CLASS   SFR24          

        CLASS   SFR25          

        CLASS   SFR26          

        CLASS   SFR27          

        CLASS   SFR28          

        CLASS   SFR29          

        CLASS   SFR30          

        CLASS   SFR31          

        CLASS   CONFIG         
                config                             8007     8007        2         0

        CLASS   IDLOC          

        CLASS   BANK31         

        CLASS   BANK30         

        CLASS   BANK29         

        CLASS   BANK28         

        CLASS   BANK27         

        CLASS   BANK26         

        CLASS   BANK25         

        CLASS   BANK24         

        CLASS   BANK23         

        CLASS   BANK22         

        CLASS   BANK21         

        CLASS   BANK20         

        CLASS   BANK19         

        CLASS   BANK18         

        CLASS   BANK17         

        CLASS   BANK16         

        CLASS   BANK15         

        CLASS   BANK14         

        CLASS   BANK13         

        CLASS   EEDATA         



SEGMENTS        Name                           Load    Length   Top    Selector   Space  Class     Delta

                reset_vec                      000000  000003  000003         0       0  CODE        2
                intentry                       000004  0007FC  000800         8       0  CODE        2
                cstackBANK0                    000020  000050  000070        20       1  BANK0       1
                cstackCOMMON                   000070  00000D  00007D        70       1  COMMON      1
                bssBANK1                       0000A0  00004B  0000EB        A0       1  BANK1       1
                bssBANK2                       000120  000032  000152       120       1  BANK2       1
                dataBANK3                      0001A0  00002F  0001CF       1A0       1  BANK3       1
                strings                        000800  000039  000839      1000       0  STRING      2
                text6                          000844  000005  000849      1088       0  CODE        2
                text65                         000849  000006  00084F      1092       0  CODE        2
                text10                         00084F  000006  000855      109E       0  CODE        2
                inittext                       000855  000006  00085B      10AA       0  CODE        2
                clrtext                        00085B  000006  000861      10B6       0  CODE        2
                text26                         000861  000008  000869      10C2       0  CODE        2
                text37                         000869  000009  000872      10D2       0  CODE        2
                text5                          000872  00000A  00087C      10E4       0  CODE        2
                text55                         00087C  00000B  000887      10F8       0  CODE        2
                text40                         000887  00000C  000893      110E       0  CODE        2
                text4                          000893  00000C  00089F      1126       0  CODE        2
                text7                          00089F  00000D  0008AC      113E       0  CODE        2
                text2                          0008AC  00000D  0008B9      1158       0  CODE        2
                text34                         0008B9  00000E  0008C7      1172       0  CODE        2
                text15                         0008C7  00000E  0008D5      118E       0  CODE        2
                text51                         0008D5  000011  0008E6      11AA       0  CODE        2
                idataBANK2                     0008E6  000011  0008F7      11CC       0  CODE        2
                text54                         0008F7  000012  000909      11EE       0  CODE        2
                text46                         000909  000013  00091C      1212       0  CODE        2
                text44                         00091C  000013  00092F      1238       0  CODE        2
                text42                         00092F  000013  000942      125E       0  CODE        2
                text41                         000942  000013  000955      1284       0  CODE        2
                text58                         000955  000014  000969      12AA       0  CODE        2
                text38                         000969  000016  00097F      12D2       0  CODE        2
                text63                         00097F  000017  000996      12FE       0  CODE        2
                text62                         000996  000017  0009AD      132C       0  CODE        2
                text60                         0009AD  000019  0009C6      135A       0  CODE        2
                text39                         0009C6  000019  0009DF      138C       0  CODE        2
                text24                         0009DF  000019  0009F8      13BE       0  CODE        2
                text12                         0009F8  00001A  000A12      13F0       0  CODE        2
                text52                         000A12  00001C  000A2E      1424       0  CODE        2
                text16                         000A2E  00001C  000A4A      145C       0  CODE        2
                text59                         000A4A  00001D  000A67      1494       0  CODE        2
                text53                         000A67  00001D  000A84      14CE       0  CODE        2
                text31                         000A84  00001D  000AA1      1508       0  CODE        2
                text61                         000AA1  00001E  000ABF      1542       0  CODE        2
                text17                         000ABF  000020  000ADF      157E       0  CODE        2
                text13                         000ADF  000022  000B01      15BE       0  CODE        2
                text1                          000B01  000022  000B23      1602       0  CODE        2
                text57                         000B23  000023  000B46      1646       0  CODE        2
                text9                          000B46  000023  000B69      168C       0  CODE        2
                text3                          000B69  000023  000B8C      16D2       0  CODE        2
                text18                         000B8C  000024  000BB0      1718       0  CODE        2
                text8                          000BB0  000027  000BD7      1760       0  CODE        2
                text22                         000BD7  00002B  000C02      17AE       0  CODE        2
                text48                         000C02  00002C  000C2E      1804       0  CODE        2
                idataBANK3                     000C2E  00002F  000C5D      185C       0  CODE        2
                text56                         000C5D  000030  000C8D      18BA       0  CODE        2
                text50                         000C8D  000032  000CBF      191A       0  CODE        2
                text29                         000CBF  00003B  000CFA      197E       0  CODE        2
                text47                         000CFA  00003E  000D38      19F4       0  CODE        2
                text36                         000D38  000040  000D78      1A70       0  CODE        2
                text32                         000D78  000043  000DBB      1AF0       0  CODE        2
                text35                         000DBB  000049  000E04      1B76       0  CODE        2
                maintext                       000E04  00004E  000E52      1C08       0  CODE        2
                text33                         000E52  000053  000EA5      1CA4       0  CODE        2
                text20                         000EA5  000053  000EF8      1D4A       0  CODE        2
                text14                         000EF8  000055  000F4D      1DF0       0  CODE        2
                text49                         000F4D  000056  000FA3      1E9A       0  CODE        2
                text11                         000FA3  00005D  001000      1F46       0  CODE        2
                config                         008007  000002  008009     1000E       0  CONFIG      2


UNUSED ADDRESS RANGES

        Name                Unused          Largest block    Delta
        BANK1            000EB-000EF               5           1
        BANK10           00520-0056F              50           1
        BANK11           005A0-005EF              50           1
        BANK12           00620-0064F              30           1
        BANK2            00152-0016F              1E           1
        BANK3            001CF-001EF              21           1
        BANK4            00220-0026F              50           1
        BANK5            002A0-002EF              50           1
        BANK6            00320-0036F              50           1
        BANK7            003A0-003EF              50           1
        BANK8            00420-0046F              50           1
        BANK9            004A0-004EF              50           1
        BIGRAM           02000-023EF             3F0           1
        CODE             00003-00003               1           2
                         00839-00843               B
                         01000-03FFF             800
        COMMON           0007D-0007D               1           1
        CONST            00003-00003               1           2
                         00839-00843               B
                         01000-03FFF             100
        ENTRY            00003-00003               1           2
                         00839-00843               B
                         01000-03FFF             100
        IDLOC            08000-08003               4           2
        RAM              000EB-000EF               5           1
                         00152-0016F              1E
                         001CF-001EF              21
                         00220-0026F              50
                         002A0-002EF              50
                         00320-0036F              50
                         003A0-003EF              50
                         00420-0046F              50
                         004A0-004EF              50
                         00520-0056F              50
                         005A0-005EF              50
                         00620-0064F              30
        SFR0             00000-0001F              20           1
        SFR1             00080-0009F              20           1
        SFR10            00500-0051F              20           1
        SFR11            00580-0059F              20           1
        SFR12            00600-0061F              20           1
        SFR13            00680-006EF              70           1
        SFR14            00700-0076F              70           1
        SFR15            00780-007EF              70           1
        SFR16            00800-0086F              70           1
        SFR17            00880-008EF              70           1
        SFR18            00900-0096F              70           1
        SFR19            00980-009EF              70           1
        SFR2             00100-0011F              20           1
        SFR20            00A00-00A6F              70           1
        SFR21            00A80-00AEF              70           1
        SFR22            00B00-00B6F              70           1
        SFR23            00B80-00BEF              70           1
        SFR24            00C00-00C6F              70           1
        SFR25            00C80-00CEF              70           1
        SFR26            00D00-00D6F              70           1
        SFR27            00D80-00DEF              70           1
        SFR28            00E00-00E6F              70           1
        SFR29            00E80-00EEF              70           1
        SFR3             00180-0019F              20           1
        SFR30            00F00-00F6F              70           1
        SFR31            00F80-00FEF              70           1
        SFR4             00200-0021F              20           1
        SFR5             00280-0029F              20           1
        SFR6             00300-0031F              20           1
        SFR7             00380-0039F              20           1
        SFR8             00400-0041F              20           1
        SFR9             00480-0049F              20           1
        STRCODE          00003-00003               1           2
                         00839-00843               B
                         01000-03FFF            3000
        STRING           00003-00003               1           2
                         00839-00843               B
                         01000-03FFF             100

                                  Symbol Table

?_CC1Read                     cstackCOMMON 00077
?_CC1Write                    cstackCOMMON 00077
?_DLYDelay_ms                 cstackCOMMON 00071
?_DLYDelay_us                 cstackCOMMON 00071
?_DPYDrawChar                 cstackCOMMON 00078
?_DPYSendStr                  cstackBANK0  00020
?_DPYSetCur                   cstackCOMMON 00078
?_DPYWriteByte                cstackCOMMON 00075
?_DPYWriteNibble              cstackCOMMON 00075
?_NVMRead                     cstackCOMMON 00071
?_NVMWrite                    cstackCOMMON 00071
?_RTXRcvPkt                   cstackBANK0  00020
?_RTXSndPkt                   cstackBANK0  00022
?_SPIRead                     cstackCOMMON 00071
?_SPIWrite                    cstackCOMMON 00071
?___awdiv                     cstackCOMMON 00071
?___ftadd                     cstackBANK0  00020
?___ftge                      cstackCOMMON 00071
?___ftmul                     cstackBANK0  00020
?___ftneg                     cstackCOMMON 00071
?___ftpack                    cstackCOMMON 00071
?___ftsub                     cstackBANK0  0002A
?___fttol                     cstackBANK0  00030
?___lbtoft                    cstackCOMMON 00079
?___lldiv                     cstackCOMMON 00071
?___llmod                     cstackBANK0  00025
?___lltoft                    cstackBANK0  00020
?___wmul                      cstackCOMMON 00071
?_ftoa                        cstackBANK0  00047
?_sprintf                     cstackBANK0  0002D
CC1Init@state                 cstackBANK0  00022
CC1Read@addr                  cstackCOMMON 0007A
CC1Read@cc1Addr               cstackCOMMON 0007B
CC1Read@dst                   cstackCOMMON 00077
CC1Read@len                   cstackCOMMON 00078
CC1Strobe@cc1Stb              cstackCOMMON 00079
CC1Strobe@e_stb               cstackCOMMON 00078
CC1Write@addr                 cstackBANK0  00020
CC1Write@cc1Addr              cstackBANK0  00021
CC1Write@len                  cstackCOMMON 00079
CC1Write@src                  cstackCOMMON 00077
DINInit@sta                   cstackCOMMON 00071
DLYDelay_ms@i                 cstackCOMMON 00075
DLYDelay_ms@val               cstackCOMMON 00071
DLYDelay_us@i                 cstackCOMMON 00073
DLYDelay_us@val               cstackCOMMON 00071
DPYDrawChar@addr              cstackBANK0  00020
DPYDrawChar@i                 cstackBANK0  00022
DPYDrawChar@p                 cstackCOMMON 00078
DPYDrawChar@tmpAddr           cstackBANK0  00021
DPYInit@sta                   cstackBANK0  00024
DPYInitDisplay@tmp            cstackBANK0  00023
DPYIsBusy@bf                  cstackCOMMON 00076
DPYSendChar@c                 cstackCOMMON 00079
DPYSendStr@col                cstackBANK0  00020
DPYSendStr@data               cstackBANK0  00021
DPYSendStr@i                  cstackBANK0  00026
DPYSendStr@len                cstackBANK0  00023
DPYSendStr@row                cstackBANK0  00027
DPYSetCur@addr                cstackCOMMON 0007B
DPYSetCur@col                 cstackCOMMON 00078
DPYSetCur@row                 cstackCOMMON 0007A
DPYWriteByte@rs               cstackCOMMON 00077
DPYWriteByte@val              cstackCOMMON 00075
DPYWriteNibble@rs             cstackCOMMON 00076
DPYWriteNibble@val            cstackCOMMON 00075
INInit@sta                    cstackCOMMON 00072
NVMInit@sta                   cstackCOMMON 00071
NVMRead@addr                  cstackCOMMON 00071
NVMRead@dest                  cstackCOMMON 00073
NVMRead@i                     cstackCOMMON 00077
NVMRead@len                   cstackCOMMON 00074
NVMWrite@addr                 cstackCOMMON 00071
NVMWrite@bufTmpRow            cstackBANK0  00020
NVMWrite@i                    cstackBANK0  00062
NVMWrite@j                    cstackBANK0  00064
NVMWrite@latchAddr            cstackBANK0  00063
NVMWrite@len                  cstackCOMMON 00074
NVMWrite@rowAddr              cstackBANK0  00060
NVMWrite@source               cstackCOMMON 00073
OUTInit@sta                   cstackCOMMON 00072
OUTSetHTCDataNibble@dataToSet cstackCOMMON 00073
OUTSetHTCDataNibble@val       cstackCOMMON 00072
PGMInit@state                 cstackBANK0  00066
RTXInit@state                 cstackBANK0  00059
RTXRcvPkt@dst                 cstackBANK0  00023
RTXRcvPkt@len                 cstackBANK0  00020
RTXReadPkt@numRxByte          cstackBANK0  00066
RTXSndPkt@len                 cstackBANK0  00022
RTXSndPkt@numRxByte           cstackBANK0  00025
RTXSndPkt@numTxByte           cstackBANK0  00026
RTXSndPkt@src                 cstackBANK0  00024
RTXSndPkt@sta                 cstackBANK0  00027
RTXUpdateDisplay@i            cstackBANK1  000EA
RTXUpdateDisplay@isDec        cstackBANK1  000E4
RTXUpdateDisplay@j            cstackBANK1  000E9
RTXUpdateDisplay@maxDigit     cstackBANK1  000E8
RTXUpdateDisplay@offset       cstackBANK1  000E7
RTXUpdateDisplay@p            cstackBANK1  000E6
RTXUpdateDisplay@posDec       cstackBANK1  000E3
RTXUpdateDisplay@status       cstackBANK1  000E1
RTXUpdateDisplay@strTmp       cstackBANK1  000D1
RTXUpdateDisplay@val          cstackBANK1  000E5
SPIInit@state                 cstackCOMMON 00072
SPIRead@dstPtr                cstackCOMMON 00074
SPIRead@i                     cstackCOMMON 00075
SPIRead@len                   cstackCOMMON 00071
SPIWrite@i                    cstackCOMMON 00076
SPIWrite@len                  cstackCOMMON 00073
SPIWrite@srcPtr               cstackCOMMON 00071
SYSInit@state                 cstackCOMMON 00072
_ANSELA                       (abs)        0018C
_ANSELB                       (abs)        0018D
_ANSELC                       (abs)        0018E
_CC1Init                      text56       00C5D
_CC1Read                      text16       00A2E
_CC1Strobe                    text58       00955
_CC1Write                     text57       00B23
_DINInit                      text54       008F7
_DINTask                      text53       00A67
_DINTick                      text8        00BB0
_DLYDelay_ms                  text60       009AD
_DLYDelay_us                  text51       008D5
_DPYDrawChar                  text48       00C02
_DPYInit                      text46       00909
_DPYInitDisplay               text47       00CFA
_DPYIsBusy                    text36       00D38
_DPYSendChar                  text37       00869
_DPYSendStr                   text35       00DBB
_DPYSetCur                    text38       00969
_DPYWriteByte                 text49       00F4D
_DPYWriteNibble               text50       00C8D
_INInit                       text63       0097F
_INTCON                       (abs)        0000B
_INTCONbits                   (abs)        0000B
_INTIsr                       intentry     00004
_LATA                         (abs)        0010C
_LATAbits                     (abs)        0010C
_LATCbits                     (abs)        0010E
_NVMInit                      text55       0087C
_NVMRead                      text45       007DA
_NVMWrite                     text43       004DE
_OPTION_REG                   (abs)        00095
_OSCCON                       (abs)        00099
_OUTInit                      text62       00996
_OUTSetHTCDataNibble          text52       00A12
_PGMCheckNvm                  text40       00887
_PGMInit                      text39       009C6
_PGMNvmReset                  text41       00942
_PGMPgmOff                    text6        00844
_PGMReadNvm                   text44       0091C
_PGMSelDown                   text5        00872
_PGMSelLong                   text4        00893
_PGMTick                      text7        0089F
_PGMWriteNvm                  text42       0092F
_PIE1                         (abs)        00091
_PIE2                         (abs)        00092
_PIR1                         (abs)        00011
_PIR1bits                     (abs)        00011
_PIR2                         (abs)        00012
_PMADR                        (abs)        00191
_PMCON1                       (abs)        00195
_PMCON1bits                   (abs)        00195
_PMCON2                       (abs)        00196
_PMDAT                        (abs)        00193
_PORTAbits                    (abs)        0000C
_PORTBbits                    (abs)        0000D
_RTXInit                      text18       00B8C
_RTXRcvPkt                    text15       008C7
_RTXReadPkt                   text11       00FA3
_RTXSendPgm                   text3        00B69
_RTXSendRData                 text13       00ADF
_RTXSndPkt                    text14       00EF8
_RTXTask                      text10       0084F
_RTXTick                      text2        008AC
_RTXUpdateDisplay             text19       00222
_SPIInit                      text61       00AA1
_SPIRead                      text17       00ABF
_SPIWrite                     text59       00A4A
_SSPBUF                       (abs)        00211
_SSPCON1                      (abs)        00215
_SSPCON2                      (abs)        00216
_SSPCONbits                   (abs)        00215
_SSPSTAT                      (abs)        00214
_SYSInit                      text9        00B46
_SYSInt                       text65       00849
_SYSTask                      text1        00B01
_T1CON                        (abs)        00018
_TMR0                         (abs)        00015
_TMR1H                        (abs)        00017
_TMR1L                        (abs)        00016
_TRISA                        (abs)        0008C
_TRISB                        (abs)        0008D
_TRISC                        (abs)        0008E
_WDTCON                       (abs)        00097
_WPUB                         (abs)        0020D
__CFG_BOREN$ON                (abs)        00000
__CFG_BORV$LO                 (abs)        00000
__CFG_CLKOUTEN$OFF            (abs)        00000
__CFG_CP$ON                   (abs)        00000
__CFG_FCMEN$ON                (abs)        00000
__CFG_FOSC$INTOSC             (abs)        00000
__CFG_IESO$OFF                (abs)        00000
__CFG_LPBOR$ON                (abs)        00000
__CFG_LVP$OFF                 (abs)        00000
__CFG_MCLRE$OFF               (abs)        00000
__CFG_PWRTE$ON                (abs)        00000
__CFG_STVREN$ON               (abs)        00000
__CFG_VCAPEN$OFF              (abs)        00000
__CFG_WDTE$ON                 (abs)        00000
__CFG_WRT$OFF                 (abs)        00000
__Habs1                       abs1         00000
__Hbank0                      bank0        00000
__Hbank1                      bank1        00000
__Hbank10                     bank10       00000
__Hbank11                     bank11       00000
__Hbank12                     bank12       00000
__Hbank13                     bank13       00000
__Hbank14                     bank14       00000
__Hbank15                     bank15       00000
__Hbank16                     bank16       00000
__Hbank17                     bank17       00000
__Hbank18                     bank18       00000
__Hbank19                     bank19       00000
__Hbank2                      bank2        00000
__Hbank20                     bank20       00000
__Hbank21                     bank21       00000
__Hbank22                     bank22       00000
__Hbank23                     bank23       00000
__Hbank24                     bank24       00000
__Hbank25                     bank25       00000
__Hbank26                     bank26       00000
__Hbank27                     bank27       00000
__Hbank28                     bank28       00000
__Hbank29                     bank29       00000
__Hbank3                      bank3        00000
__Hbank30                     bank30       00000
__Hbank31                     bank31       00000
__Hbank4                      bank4        00000
__Hbank5                      bank5        00000
__Hbank6                      bank6        00000
__Hbank7                      bank7        00000
__Hbank8                      bank8        00000
__Hbank9                      bank9        00000
__Hbigram                     bigram       00000
__HbssBANK0                   bssBANK0     00000
__HbssBANK1                   bssBANK1     00000
__HbssBANK2                   bssBANK2     00000
__HbssCOMMON                  bssCOMMON    00000
__Hcinit                      cinit        00046
__Hclrtext                    clrtext      00000
__Hcode                       code         00000
__Hcommon                     common       00000
__Hconfig                     config       08009
__HcstackBANK0                cstackBANK0  00000
__HcstackBANK1                cstackBANK1  00000
__HcstackCOMMON               cstackCOMMON 00000
__HdataBANK2                  dataBANK2    00000
__HdataBANK3                  dataBANK3    00000
__Heeprom_data                eeprom_data  00000
__Hend_init                   end_init     00013
__Hfunctab                    functab      00000
__HidataBANK2                 idataBANK2   00000
__HidataBANK3                 idataBANK3   00000
__Hidloc                      idloc        00000
__Hinit                       init         00011
__Hinittext                   inittext     00000
__Hintentry                   intentry     00011
__Hmaintext                   maintext     00000
__Hpowerup                    powerup      00000
__Hram                        ram          00000
__Hreset_vec                  reset_vec    00003
__Hsfr0                       sfr0         00000
__Hsfr1                       sfr1         00000
__Hsfr10                      sfr10        00000
__Hsfr11                      sfr11        00000
__Hsfr12                      sfr12        00000
__Hsfr13                      sfr13        00000
__Hsfr14                      sfr14        00000
__Hsfr15                      sfr15        00000
__Hsfr16                      sfr16        00000
__Hsfr17                      sfr17        00000
__Hsfr18                      sfr18        00000
__Hsfr19                      sfr19        00000
__Hsfr2                       sfr2         00000
__Hsfr20                      sfr20        00000
__Hsfr21                      sfr21        00000
__Hsfr22                      sfr22        00000
__Hsfr23                      sfr23        00000
__Hsfr24                      sfr24        00000
__Hsfr25                      sfr25        00000
__Hsfr26                      sfr26        00000
__Hsfr27                      sfr27        00000
__Hsfr28                      sfr28        00000
__Hsfr29                      sfr29        00000
__Hsfr3                       sfr3         00000
__Hsfr30                      sfr30        00000
__Hsfr31                      sfr31        00000
__Hsfr4                       sfr4         00000
__Hsfr5                       sfr5         00000
__Hsfr6                       sfr6         00000
__Hsfr7                       sfr7         00000
__Hsfr8                       sfr8         00000
__Hsfr9                       sfr9         00000
__Hstrings                    strings      00000
__Htext                       text         00000
__Labs1                       abs1         00000
__Lbank0                      bank0        00000
__Lbank1                      bank1        00000
__Lbank10                     bank10       00000
__Lbank11                     bank11       00000
__Lbank12                     bank12       00000
__Lbank13                     bank13       00000
__Lbank14                     bank14       00000
__Lbank15                     bank15       00000
__Lbank16                     bank16       00000
__Lbank17                     bank17       00000
__Lbank18                     bank18       00000
__Lbank19                     bank19       00000
__Lbank2                      bank2        00000
__Lbank20                     bank20       00000
__Lbank21                     bank21       00000
__Lbank22                     bank22       00000
__Lbank23                     bank23       00000
__Lbank24                     bank24       00000
__Lbank25                     bank25       00000
__Lbank26                     bank26       00000
__Lbank27                     bank27       00000
__Lbank28                     bank28       00000
__Lbank29                     bank29       00000
__Lbank3                      bank3        00000
__Lbank30                     bank30       00000
__Lbank31                     bank31       00000
__Lbank4                      bank4        00000
__Lbank5                      bank5        00000
__Lbank6                      bank6        00000
__Lbank7                      bank7        00000
__Lbank8                      bank8        00000
__Lbank9                      bank9        00000
__Lbigram                     bigram       00000
__LbssBANK0                   bssBANK0     00000
__LbssBANK1                   bssBANK1     00000
__LbssBANK2                   bssBANK2     00000
__LbssCOMMON                  bssCOMMON    00000
__Lcinit                      cinit        00013
__Lclrtext                    clrtext      00000
__Lcode                       code         00000
__Lcommon                     common       00000
__Lconfig                     config       08007
__LcstackBANK0                cstackBANK0  00000
__LcstackBANK1                cstackBANK1  00000
__LcstackCOMMON               cstackCOMMON 00000
__LdataBANK2                  dataBANK2    00000
__LdataBANK3                  dataBANK3    00000
__Leeprom_data                eeprom_data  00000
__Lend_init                   end_init     00011
__Lfunctab                    functab      00000
__LidataBANK2                 idataBANK2   00000
__LidataBANK3                 idataBANK3   00000
__Lidloc                      idloc        00000
__Linit                       init         00011
__Linittext                   inittext     00000
__Lintentry                   intentry     00004
__Lmaintext                   maintext     00000
__Lpowerup                    powerup      00000
__Lram                        ram          00000
__Lreset_vec                  reset_vec    00000
__Lsfr0                       sfr0         00000
__Lsfr1                       sfr1         00000
__Lsfr10                      sfr10        00000
__Lsfr11                      sfr11        00000
__Lsfr12                      sfr12        00000
__Lsfr13                      sfr13        00000
__Lsfr14                      sfr14        00000
__Lsfr15                      sfr15        00000
__Lsfr16                      sfr16        00000
__Lsfr17                      sfr17        00000
__Lsfr18                      sfr18        00000
__Lsfr19                      sfr19        00000
__Lsfr2                       sfr2         00000
__Lsfr20                      sfr20        00000
__Lsfr21                      sfr21        00000
__Lsfr22                      sfr22        00000
__Lsfr23                      sfr23        00000
__Lsfr24                      sfr24        00000
__Lsfr25                      sfr25        00000
__Lsfr26                      sfr26        00000
__Lsfr27                      sfr27        00000
__Lsfr28                      sfr28        00000
__Lsfr29                      sfr29        00000
__Lsfr3                       sfr3         00000
__Lsfr30                      sfr30        00000
__Lsfr31                      sfr31        00000
__Lsfr4                       sfr4         00000
__Lsfr5                       sfr5         00000
__Lsfr6                       sfr6         00000
__Lsfr7                       sfr7         00000
__Lsfr8                       sfr8         00000
__Lsfr9                       sfr9         00000
__Lstrings                    strings      00000
__Ltext                       text         00000
__S0                          (abs)        08009
__S1                          (abs)        001CF
___awdiv                      text20       00EA5
___awdiv@counter              cstackCOMMON 00076
___awdiv@dividend             cstackCOMMON 00073
___awdiv@divisor              cstackCOMMON 00071
___awdiv@quotient             cstackCOMMON 00078
___awdiv@sign                 cstackCOMMON 00077
___ftadd                      text25       003E8
___ftadd@exp1                 cstackCOMMON 0007B
___ftadd@exp2                 cstackCOMMON 0007A
___ftadd@f1                   cstackBANK0  00020
___ftadd@f2                   cstackBANK0  00023
___ftadd@sign                 cstackCOMMON 00079
___ftge                       text29       00CBF
___ftge@ff1                   cstackCOMMON 00071
___ftge@ff2                   cstackCOMMON 00074
___ftmul                      text27       0059C
___ftmul@cntr                 cstackBANK0  0002E
___ftmul@exp                  cstackBANK0  0002A
___ftmul@f1                   cstackBANK0  00020
___ftmul@f2                   cstackBANK0  00023
___ftmul@f3_as_product        cstackBANK0  0002B
___ftmul@sign                 cstackBANK0  0002F
___ftneg                      text26       00861
___ftneg@f1                   cstackCOMMON 00071
___ftpack                     text28       0077A
___ftpack@arg                 cstackCOMMON 00071
___ftpack@exp                 cstackCOMMON 00074
___ftpack@sign                cstackCOMMON 00075
___ftsub                      text24       009DF
___ftsub@f1                   cstackBANK0  0002D
___ftsub@f2                   cstackBANK0  0002A
___fttol                      text23       006F3
___fttol@exp1                 cstackBANK0  0003D
___fttol@f1                   cstackBANK0  00030
___fttol@lval                 cstackBANK0  00039
___fttol@sign1                cstackBANK0  00038
___latbits                    (abs)        00003
___lbtoft                     text12       009F8
___lbtoft@c                   cstackBANK0  00024
___lldiv                      text33       00E52
___lldiv@counter              cstackBANK0  00024
___lldiv@dividend             cstackCOMMON 00075
___lldiv@divisor              cstackCOMMON 00071
___lldiv@quotient             cstackBANK0  00020
___llmod                      text32       00D78
___llmod@counter              cstackCOMMON 0007B
___llmod@dividend             cstackBANK0  00029
___llmod@divisor              cstackBANK0  00025
___lltoft                     text22       00BD7
___lltoft@c                   cstackBANK0  00020
___lltoft@exp                 cstackCOMMON 0007A
___wmul                       text31       00A84
___wmul@multiplicand          cstackCOMMON 00073
___wmul@multiplier            cstackCOMMON 00071
___wmul@product               cstackCOMMON 00075
__end_of_CC1Init              text56       00C8D
__end_of_CC1Read              text16       00A4A
__end_of_CC1Strobe            text58       00969
__end_of_CC1Write             text57       00B46
__end_of_DINInit              text54       00909
__end_of_DINTask              text53       00A84
__end_of_DINTick              text8        00BD7
__end_of_DLYDelay_ms          text60       009C6
__end_of_DLYDelay_us          text51       008E6
__end_of_DPYDrawChar          text48       00C2E
__end_of_DPYInit              text46       0091C
__end_of_DPYInitDisplay       text47       00D38
__end_of_DPYIsBusy            text36       00D78
__end_of_DPYSendChar          text37       00872
__end_of_DPYSendStr           text35       00E04
__end_of_DPYSetCur            text38       0097F
__end_of_DPYWriteByte         text49       00FA3
__end_of_DPYWriteNibble       text50       00CBF
__end_of_INInit               text63       00996
__end_of_INTIsr               intentry     00011
__end_of_NVMInit              text55       00887
__end_of_NVMRead              text45       00800
__end_of_NVMWrite             text43       0059C
__end_of_OUTInit              text62       009AD
__end_of_OUTSetHTCDataNibble  text52       00A2E
__end_of_PGMCheckNvm          text40       00893
__end_of_PGMInit              text39       009DF
__end_of_PGMNvmReset          text41       00955
__end_of_PGMPgmOff            text6        00849
__end_of_PGMReadNvm           text44       0092F
__end_of_PGMSelDown           text5        0087C
__end_of_PGMSelLong           text4        0089F
__end_of_PGMTick              text7        008AC
__end_of_PGMWriteNvm          text42       00942
__end_of_RTXInit              text18       00BB0
__end_of_RTXRcvPkt            text15       008D5
__end_of_RTXReadPkt           text11       01000
__end_of_RTXSendPgm           text3        00B8C
__end_of_RTXSendRData         text13       00B01
__end_of_RTXSndPkt            text14       00F4D
__end_of_RTXTask              text10       00855
__end_of_RTXTick              text2        008B9
__end_of_RTXUpdateDisplay     text19       003E8
__end_of_SPIInit              text61       00ABF
__end_of_SPIRead              text17       00ADF
__end_of_SPIWrite             text59       00A67
__end_of_SYSInit              text9        00B69
__end_of_SYSInt               text65       0084F
__end_of_SYSTask              text1        00B23
__end_of___awdiv              text20       00EF8
__end_of___ftadd              text25       004DE
__end_of___ftge               text29       00CFA
__end_of___ftmul              text27       00650
__end_of___ftneg              text26       00869
__end_of___ftpack             text28       007DA
__end_of___ftsub              text24       009F8
__end_of___fttol              text23       0077A
__end_of___lbtoft             text12       00A12
__end_of___lldiv              text33       00EA5
__end_of___llmod              text32       00DBB
__end_of___lltoft             text22       00C02
__end_of___wmul               text31       00AA1
__end_of__initialization      cinit        00043
__end_of__stringdata          strings      00839
__end_of__stringtab           strings      00801
__end_of_dpowers              strings      00829
__end_of_ftoa                 text21       006F3
__end_of_isdigit              text34       008C7
__end_of_main                 maintext     00E52
__end_of_nvm_pgm_cfg          strings      0082E
__end_of_sprintf              text30       00222
__initialization              cinit        00013
__pbssBANK0                   bssBANK0     00069
__pbssBANK1                   bssBANK1     000A0
__pbssBANK2                   bssBANK2     00120
__pbssCOMMON                  bssCOMMON    0007C
__pcstackBANK0                cstackBANK0  00020
__pcstackBANK1                cstackBANK1  000D1
__pcstackCOMMON               cstackCOMMON 00070
__pdataBANK2                  dataBANK2    00141
__pdataBANK3                  dataBANK3    001A0
__pidataBANK2                 idataBANK2   008E6
__pidataBANK3                 idataBANK3   00C2E
__pintentry                   intentry     00004
__pmaintext                   maintext     00E04
__pstrings                    strings      00800
__ptext1                      text1        00B01
__ptext10                     text10       0084F
__ptext11                     text11       00FA3
__ptext12                     text12       009F8
__ptext13                     text13       00ADF
__ptext14                     text14       00EF8
__ptext15                     text15       008C7
__ptext16                     text16       00A2E
__ptext17                     text17       00ABF
__ptext18                     text18       00B8C
__ptext19                     text19       00222
__ptext2                      text2        008AC
__ptext20                     text20       00EA5
__ptext21                     text21       00650
__ptext22                     text22       00BD7
__ptext23                     text23       006F3
__ptext24                     text24       009DF
__ptext25                     text25       003E8
__ptext26                     text26       00861
__ptext27                     text27       0059C
__ptext28                     text28       0077A
__ptext29                     text29       00CBF
__ptext3                      text3        00B69
__ptext30                     text30       00046
__ptext31                     text31       00A84
__ptext32                     text32       00D78
__ptext33                     text33       00E52
__ptext34                     text34       008B9
__ptext35                     text35       00DBB
__ptext36                     text36       00D38
__ptext37                     text37       00869
__ptext38                     text38       00969
__ptext39                     text39       009C6
__ptext4                      text4        00893
__ptext40                     text40       00887
__ptext41                     text41       00942
__ptext42                     text42       0092F
__ptext43                     text43       004DE
__ptext44                     text44       0091C
__ptext45                     text45       007DA
__ptext46                     text46       00909
__ptext47                     text47       00CFA
__ptext48                     text48       00C02
__ptext49                     text49       00F4D
__ptext5                      text5        00872
__ptext50                     text50       00C8D
__ptext51                     text51       008D5
__ptext52                     text52       00A12
__ptext53                     text53       00A67
__ptext54                     text54       008F7
__ptext55                     text55       0087C
__ptext56                     text56       00C5D
__ptext57                     text57       00B23
__ptext58                     text58       00955
__ptext59                     text59       00A4A
__ptext6                      text6        00844
__ptext60                     text60       009AD
__ptext61                     text61       00AA1
__ptext62                     text62       00996
__ptext63                     text63       0097F
__ptext65                     text65       00849
__ptext7                      text7        0089F
__ptext8                      text8        00BB0
__ptext9                      text9        00B46
__size_of_CC1Init             (abs)        00000
__size_of_CC1Read             (abs)        00000
__size_of_CC1Strobe           (abs)        00000
__size_of_CC1Write            (abs)        00000
__size_of_DINInit             (abs)        00000
__size_of_DINTask             (abs)        00000
__size_of_DINTick             (abs)        00000
__size_of_DLYDelay_ms         (abs)        00000
__size_of_DLYDelay_us         (abs)        00000
__size_of_DPYDrawChar         (abs)        00000
__size_of_DPYInit             (abs)        00000
__size_of_DPYInitDisplay      (abs)        00000
__size_of_DPYIsBusy           (abs)        00000
__size_of_DPYSendChar         (abs)        00000
__size_of_DPYSendStr          (abs)        00000
__size_of_DPYSetCur           (abs)        00000
__size_of_DPYWriteByte        (abs)        00000
__size_of_DPYWriteNibble      (abs)        00000
__size_of_INInit              (abs)        00000
__size_of_INTIsr              (abs)        00000
__size_of_NVMInit             (abs)        00000
__size_of_NVMRead             (abs)        00000
__size_of_NVMWrite            (abs)        00000
__size_of_OUTInit             (abs)        00000
__size_of_OUTSetHTCDataNibble (abs)        00000
__size_of_PGMCheckNvm         (abs)        00000
__size_of_PGMInit             (abs)        00000
__size_of_PGMNvmReset         (abs)        00000
__size_of_PGMPgmOff           (abs)        00000
__size_of_PGMReadNvm          (abs)        00000
__size_of_PGMSelDown          (abs)        00000
__size_of_PGMSelLong          (abs)        00000
__size_of_PGMTick             (abs)        00000
__size_of_PGMWriteNvm         (abs)        00000
__size_of_RTXInit             (abs)        00000
__size_of_RTXRcvPkt           (abs)        00000
__size_of_RTXReadPkt          (abs)        00000
__size_of_RTXSendPgm          (abs)        00000
__size_of_RTXSendRData        (abs)        00000
__size_of_RTXSndPkt           (abs)        00000
__size_of_RTXTask             (abs)        00000
__size_of_RTXTick             (abs)        00000
__size_of_RTXUpdateDisplay    (abs)        00000
__size_of_SPIInit             (abs)        00000
__size_of_SPIRead             (abs)        00000
__size_of_SPIWrite            (abs)        00000
__size_of_SYSInit             (abs)        00000
__size_of_SYSInt              (abs)        00000
__size_of_SYSTask             (abs)        00000
__size_of___awdiv             (abs)        00000
__size_of___ftadd             (abs)        00000
__size_of___ftge              (abs)        00000
__size_of___ftmul             (abs)        00000
__size_of___ftneg             (abs)        00000
__size_of___ftpack            (abs)        00000
__size_of___ftsub             (abs)        00000
__size_of___fttol             (abs)        00000
__size_of___lbtoft            (abs)        00000
__size_of___lldiv             (abs)        00000
__size_of___llmod             (abs)        00000
__size_of___lltoft            (abs)        00000
__size_of___wmul              (abs)        00000
__size_of_ftoa                (abs)        00000
__size_of_isdigit             (abs)        00000
__size_of_main                (abs)        00000
__size_of_sprintf             (abs)        00000
__stringdata                  strings      0082E
__stringtab                   strings      00800
_batt                         bssBANK1     000A0
_cc1InitVal                   dataBANK3    001A0
_cc1PaTable                   dataBANK2    0014A
_dpowers                      strings      00801
_ftoa                         text21       00650
_isdigit                      text34       008B9
_isdigit$1010                 cstackCOMMON 00071
_main                         maintext     00E04
_nvm_pgm_cfg                  strings      00829
_pgm_cfg                      bssBANK1     000CC
_pgm_flg                      bssBANK1     000A8
_picBatt                      dataBANK2    00141
_pktRx                        bssBANK1     000BA
_pktTx                        bssBANK1     000C3
_rtx_flg                      bssBANK1     000A9
_s_CC1_FLG                    bssBANK1     000AA
_sprintf                      text30       00046
_strTemp                      bssBANK2     00131
_strTitle                     bssBANK1     000AE
_sys_pgm_sta                  bssBANK1     000AB
_temp                         bssBANK1     000A3
_tmrDbncSel                   bssBANK0     00069
_tmrLongSel                   bssBANK1     000A6
_tmrPgm                       bssBANK0     0006A
_tmrRcvPkt                    bssBANK0     0006B
_u_SYS_STA                    bssBANK1     000AC
_u_flg_din                    bssBANK0     0006C
_u_in_ev_down                 bssBANK0     0006D
_u_in_ev_long                 bssBANK0     0006E
_u_in_ev_up                   bssBANK1     000AD
_u_in_sta_currTask            bssCOMMON    0007C
_u_in_sta_tmpTask             bssBANK0     0006F
btemp                         (abs)        0007E
clear_ram0                    clrtext      0085B
end_of_initialization         cinit        00043
ftoa@buf                      bssBANK2     00120
ftoa@cp                       cstackBANK0  00054
ftoa@f                        cstackBANK0  00047
ftoa@l                        cstackBANK0  00050
ftoa@rem                      cstackBANK0  0004C
init_ram                      inittext     00855
intlevel0                     functab      00000
intlevel1                     functab      00000
intlevel2                     functab      00000
intlevel3                     functab      00000
intlevel4                     functab      00000
intlevel5                     functab      00000
isdigit@c                     cstackCOMMON 00072
main@i                        cstackBANK0  00068
reset_vec                     reset_vec    00000
sprintf@_val                  cstackBANK0  0003D
sprintf@ap                    cstackBANK0  0003C
sprintf@c                     cstackBANK0  00046
sprintf@f                     cstackBANK0  0002D
sprintf@flag                  cstackBANK0  0003B
sprintf@prec                  cstackBANK0  00044
sprintf@sp                    cstackBANK0  00041
sprintf@width                 cstackBANK0  00042
start                         init         00011
start_initialization          cinit        00013
wtemp0                        (abs)        0007E


FUNCTION INFORMATION:

 *************** function _main *****************
 Defined at:
		line 51 in file "Base.c"
 Parameters:    Size  Location     Type
		None
 Auto vars:     Size  Location     Type
  i               1   72[BANK0 ] unsigned char 
 Return value:  Size  Location     Type
		None               void
 Registers used:
		wreg, fsr0l, fsr0h, fsr1l, fsr1h, fsr1l, fsr1h, status,2, status,0, btemp+1, pclath, cstack
 Tracked objects:
		On entry : 
		On exit  : 
		Unchanged: 
 Data sizes:     COMMON   BANK0   BANK1   BANK2   BANK3   BANK4   BANK5   BANK6   BANK7   BANK8   BANK9  BANK10  BANK11  BANK12
      Params:         0       0       0       0       0       0       0       0       0       0       0       0       0       0
      Locals:         0       1       0       0       0       0       0       0       0       0       0       0       0       0
      Temps:          0       1       0       0       0       0       0       0       0       0       0       0       0       0
      Totals:         0       2       0       0       0       0       0       0       0       0       0       0       0       0
Total ram usage:        2 bytes
 Hardware stack levels required when called:    9
 This function calls:
		_INInit
		_OUTInit
		_SPIInit
		_CC1Init
		_NVMInit
		_DINInit
		_DINTask
		_DPYInit
		_PGMInit
		_RTXInit
		_RTXTask
		_SYSInit
		_SYSTask
 This function is called by:
		Startup code after reset
 This function uses a non-reentrant model


 *************** function _SYSTask *****************
 Defined at:
		line 42 in file "SYS.c"
 Parameters:    Size  Location     Type
		None
 Auto vars:     Size  Location     Type
  i               1    0        unsigned char 
 Return value:  Size  Location     Type
		None               void
 Registers used:
		wreg, fsr1l, fsr1h, status,2, status,0, pclath, cstack
 Tracked objects:
		On entry : 
		On exit  : 
		Unchanged: 
 Data sizes:     COMMON   BANK0   BANK1   BANK2   BANK3   BANK4   BANK5   BANK6   BANK7   BANK8   BANK9  BANK10  BANK11  BANK12
      Params:         0       0       0       0       0       0       0       0       0       0       0       0       0       0
      Locals:         0       0       0       0       0       0       0       0       0       0       0       0       0       0
      Temps:          0       0       0       0       0       0       0       0       0       0       0       0       0       0
      Totals:         0       0       0       0       0       0       0       0       0       0       0       0       0       0
Total ram usage:        0 bytes
 Hardware stack levels used:    1
 Hardware stack levels required when called:    7
 This function calls:
		_DINTick
		_PGMTick
		_PGMPgmOff
		_PGMSelDown
		_PGMSelLong
		_RTXTick
 This function is called by:
		_main
 This function uses a non-reentrant model


 *************** function _RTXTick *****************
 Defined at:
		line 77 in file "RTX.c"
 Parameters:    Size  Location     Type
		None
 Auto vars:     Size  Location     Type
		None
 Return value:  Size  Location     Type
		None               void
 Registers used:
		wreg, fsr1l, fsr1h, status,2, status,0, pclath, cstack
 Tracked objects:
		On entry : 
		On exit  : 
		Unchanged: 
 Data sizes:     COMMON   BANK0   BANK1   BANK2   BANK3   BANK4   BANK5   BANK6   BANK7   BANK8   BANK9  BANK10  BANK11  BANK12
      Params:         0       0       0       0       0       0       0       0       0       0       0       0       0       0
      Locals:         0       0       0       0       0       0       0       0       0       0       0       0       0       0
      Temps:          0       0       0       0       0       0       0       0       0       0       0       0       0       0
      Totals:         0       0       0       0       0       0       0       0       0       0       0       0       0       0
Total ram usage:        0 bytes
 Hardware stack levels used:    1
 Hardware stack levels required when called:    6
 This function calls:
		_RTXSendPgm
 This function is called by:
		_SYSTask
 This function uses a non-reentrant model


 *************** function _RTXSendPgm *****************
 Defined at:
		line 280 in file "RTX.c"
 Parameters:    Size  Location     Type
		None
 Auto vars:     Size  Location     Type
		None
 Return value:  Size  Location     Type
		None               void
 Registers used:
		wreg, fsr1l, fsr1h, status,2, status,0, pclath, cstack
 Tracked objects:
		On entry : 
		On exit  : 
		Unchanged: 
 Data sizes:     COMMON   BANK0   BANK1   BANK2   BANK3   BANK4   BANK5   BANK6   BANK7   BANK8   BANK9  BANK10  BANK11  BANK12
      Params:         0       0       0       0       0       0       0       0       0       0       0       0       0       0
      Locals:         0       0       0       0       0       0       0       0       0       0       0       0       0       0
      Temps:          0       1       0       0       0       0       0       0       0       0       0       0       0       0
      Totals:         0       1       0       0       0       0       0       0       0       0       0       0       0       0
Total ram usage:        1 bytes
 Hardware stack levels used:    1
 Hardware stack levels required when called:    5
 This function calls:
		_RTXSndPkt
 This function is called by:
		_RTXTick
 This function uses a non-reentrant model


 *************** function _PGMSelLong *****************
 Defined at:
		line 103 in file "PGM.c"
 Parameters:    Size  Location     Type
		None
 Auto vars:     Size  Location     Type
		None
 Return value:  Size  Location     Type
		None               void
 Registers used:
		wreg, fsr1l, fsr1h, status,2, status,0, pclath, cstack
 Tracked objects:
		On entry : 
		On exit  : 
		Unchanged: 
 Data sizes:     COMMON   BANK0   BANK1   BANK2   BANK3   BANK4   BANK5   BANK6   BANK7   BANK8   BANK9  BANK10  BANK11  BANK12
      Params:         0       0       0       0       0       0       0       0       0       0       0       0       0       0
      Locals:         0       0       0       0       0       0       0       0       0       0       0       0       0       0
      Temps:          0       1       0       0       0       0       0       0       0       0       0       0       0       0
      Totals:         0       1       0       0       0       0       0       0       0       0       0       0       0       0
Total ram usage:        1 bytes
 Hardware stack levels used:    1
 Hardware stack levels required when called:    4
 This function calls:
		_PGMWriteNvm
 This function is called by:
		_SYSTask
 This function uses a non-reentrant model


 *************** function _PGMSelDown *****************
 Defined at:
		line 93 in file "PGM.c"
 Parameters:    Size  Location     Type
		None
 Auto vars:     Size  Location     Type
		None
 Return value:  Size  Location     Type
		None               void
 Registers used:
		wreg
 Tracked objects:
		On entry : 
		On exit  : 
		Unchanged: 
 Data sizes:     COMMON   BANK0   BANK1   BANK2   BANK3   BANK4   BANK5   BANK6   BANK7   BANK8   BANK9  BANK10  BANK11  BANK12
      Params:         0       0       0       0       0       0       0       0       0       0       0       0       0       0
      Locals:         0       0       0       0       0       0       0       0       0       0       0       0       0       0
      Temps:          1       0       0       0       0       0       0       0       0       0       0       0       0       0
      Totals:         1       0       0       0       0       0       0       0       0       0       0       0       0       0
Total ram usage:        1 bytes
 Hardware stack levels used:    1
 Hardware stack levels required when called:    2
 This function calls:
		Nothing
 This function is called by:
		_SYSTask
 This function uses a non-reentrant model


 *************** function _PGMPgmOff *****************
 Defined at:
		line 85 in file "PGM.c"
 Parameters:    Size  Location     Type
		None
 Auto vars:     Size  Location     Type
		None
 Return value:  Size  Location     Type
		None               void
 Registers used:
		status,2
 Tracked objects:
		On entry : 
		On exit  : 
		Unchanged: 
 Data sizes:     COMMON   BANK0   BANK1   BANK2   BANK3   BANK4   BANK5   BANK6   BANK7   BANK8   BANK9  BANK10  BANK11  BANK12
      Params:         0       0       0       0       0       0       0       0       0       0       0       0       0       0
      Locals:         0       0       0       0       0       0       0       0       0       0       0       0       0       0
      Temps:          0       0       0       0       0       0       0       0       0       0       0       0       0       0
      Totals:         0       0       0       0       0       0       0       0       0       0       0       0       0       0
Total ram usage:        0 bytes
 Hardware stack levels used:    1
 Hardware stack levels required when called:    2
 This function calls:
		Nothing
 This function is called by:
		_SYSTask
 This function uses a non-reentrant model


 *************** function _PGMTick *****************
 Defined at:
		line 44 in file "PGM.c"
 Parameters:    Size  Location     Type
		None
 Auto vars:     Size  Location     Type
		None
 Return value:  Size  Location     Type
		None               void
 Registers used:
		wreg, status,2, status,0
 Tracked objects:
		On entry : 
		On exit  : 
		Unchanged: 
 Data sizes:     COMMON   BANK0   BANK1   BANK2   BANK3   BANK4   BANK5   BANK6   BANK7   BANK8   BANK9  BANK10  BANK11  BANK12
      Params:         0       0       0       0       0       0       0       0       0       0       0       0       0       0
      Locals:         0       0       0       0       0       0       0       0       0       0       0       0       0       0
      Temps:          0       0       0       0       0       0       0       0       0       0       0       0       0       0
      Totals:         0       0       0       0       0       0       0       0       0       0       0       0       0       0
Total ram usage:        0 bytes
 Hardware stack levels used:    1
 Hardware stack levels required when called:    2
 This function calls:
		Nothing
 This function is called by:
		_SYSTask
 This function uses a non-reentrant model


 *************** function _DINTick *****************
 Defined at:
		line 47 in file "DIN.c"
 Parameters:    Size  Location     Type
		None
 Auto vars:     Size  Location     Type
		None
 Return value:  Size  Location     Type
		None               void
 Registers used:
		wreg, status,2, status,0
 Tracked objects:
		On entry : 
		On exit  : 
		Unchanged: 
 Data sizes:     COMMON   BANK0   BANK1   BANK2   BANK3   BANK4   BANK5   BANK6   BANK7   BANK8   BANK9  BANK10  BANK11  BANK12
      Params:         0       0       0       0       0       0       0       0       0       0       0       0       0       0
      Locals:         0       0       0       0       0       0       0       0       0       0       0       0       0       0
      Temps:          1       0       0       0       0       0       0       0       0       0       0       0       0       0
      Totals:         1       0       0       0       0       0       0       0       0       0       0       0       0       0
Total ram usage:        1 bytes
 Hardware stack levels used:    1
 Hardware stack levels required when called:    2
 This function calls:
		Nothing
 This function is called by:
		_SYSTask
 This function uses a non-reentrant model


 *************** function _SYSInit *****************
 Defined at:
		line 15 in file "SYS.c"
 Parameters:    Size  Location     Type
  state           1    wreg     unsigned char 
 Auto vars:     Size  Location     Type
  state           1    2[COMMON] unsigned char 
 Return value:  Size  Location     Type
		None               void
 Registers used:
		wreg, fsr0l, fsr0h, status,2, status,0
 Tracked objects:
		On entry : 
		On exit  : 
		Unchanged: 
 Data sizes:     COMMON   BANK0   BANK1   BANK2   BANK3   BANK4   BANK5   BANK6   BANK7   BANK8   BANK9  BANK10  BANK11  BANK12
      Params:         0       0       0       0       0       0       0       0       0       0       0       0       0       0
[...]
      Totals:         1       0       0       0       0       0       0       0       0       0       0       0       0       0
Total ram usage:        1 bytes
 Hardware stack levels used:    1
 Hardware stack levels required when called:    2
 This function calls:
		Nothing
 This function is called by:
		_main
 This function uses a non-reentrant model


 *************** function _CC1Init *****************
 Defined at:
		line 75 in file "CC1.c"
 Parameters:    Size  Location     Type
  state           1    wreg     unsigned char 
 Auto vars:     Size  Location     Type
  state           1    2[BANK0 ] unsigned char 
 Return value:  Size  Location     Type
		None               void
 Registers used:
		wreg, fsr0l, fsr0h, fsr1l, fsr1h, status,2, status,0, pclath, cstack
 Tracked objects:
		On entry : 
		On exit  : 
		Unchanged: 
 Data sizes:     COMMON   BANK0   BANK1   BANK2   BANK3   BANK4   BANK5   BANK6   BANK7   BANK8   BANK9  BANK10  BANK11  BANK12
      Params:         0       0       0       0       0       0       0       0       0       0       0       0       0       0
      Locals:         0       1       0       0       0       0       0       0       0       0       0       0       0       0
      Temps:          1       0       0       0       0       0       0       0       0       0       0       0       0       0
      Totals:         1       1       0       0       0       0       0       0       0       0       0       0       0       0
Total ram usage:        2 bytes
 Hardware stack levels used:    1
 Hardware stack levels required when called:    4
 This function calls:
		_DLYDelay_ms
		_CC1Strobe
		_CC1Write
 This function is called by:
		_main
 This function uses a non-reentrant model


 *************** function _CC1Write *****************
 Defined at:
		line 128 in file "CC1.c"
 Parameters:    Size  Location     Type
  addr            1    wreg     unsigned char 
  src             2    7[COMMON] PTR unsigned char 
		 -> pktTx(9), cc1PaTable(8), cc1InitVal(47), 
  len             1    9[COMMON] unsigned char 
 Auto vars:     Size  Location     Type
  addr            1    0[BANK0 ] unsigned char 
  cc1Addr         1    1[BANK0 ] unsigned char 
 Return value:  Size  Location     Type
		None               void
 Registers used:
		wreg, fsr1l, fsr1h, status,2, status,0, pclath, cstack
 Tracked objects:
		On entry : 
		On exit  : 
		Unchanged: 
 Data sizes:     COMMON   BANK0   BANK1   BANK2   BANK3   BANK4   BANK5   BANK6   BANK7   BANK8   BANK9  BANK10  BANK11  BANK12
      Params:         3       0       0       0       0       0       0       0       0       0       0       0       0       0
      Locals:         0       2       0       0       0       0       0       0       0       0       0       0       0       0
      Temps:          1       0       0       0       0       0       0       0       0       0       0       0       0       0
      Totals:         4       2       0       0       0       0       0       0       0       0       0       0       0       0
Total ram usage:        6 bytes
 Hardware stack levels used:    1
 Hardware stack levels required when called:    3
 This function calls:
		_SPIWrite
 This function is called by:
		_CC1Init
		_RTXSndPkt
 This function uses a non-reentrant model


 *************** function _CC1Strobe *****************
 Defined at:
		line 95 in file "CC1.c"
 Parameters:    Size  Location     Type
  e_stb           1    wreg     enum E1827
 Auto vars:     Size  Location     Type
  e_stb           1    8[COMMON] enum E1827
  cc1Stb          1    9[COMMON] unsigned char 
  i               1    0        unsigned char 
 Return value:  Size  Location     Type
		None               void
 Registers used:
		wreg, fsr1l, fsr1h, status,2, status,0, pclath, cstack
 Tracked objects:
		On entry : 
		On exit  : 
		Unchanged: 
 Data sizes:     COMMON   BANK0   BANK1   BANK2   BANK3   BANK4   BANK5   BANK6   BANK7   BANK8   BANK9  BANK10  BANK11  BANK12
      Params:         0       0       0       0       0       0       0       0       0       0       0       0       0       0
      Locals:         2       0       0       0       0       0       0       0       0       0       0       0       0       0
      Temps:          1       0       0       0       0       0       0       0       0       0       0       0       0       0
      Totals:         3       0       0       0       0       0       0       0       0       0       0       0       0       0
Total ram usage:        3 bytes
 Hardware stack levels used:    1
 Hardware stack levels required when called:    3
 This function calls:
		_SPIWrite
 This function is called by:
		_CC1Init
		_RTXInit
		_RTXSndPkt
 This function uses a non-reentrant model


 *************** function _SPIWrite *****************
 Defined at:
		line 40 in file "SPI.c"
 Parameters:    Size  Location     Type
  srcPtr          2    1[COMMON] PTR unsigned char 
		 -> pktTx(9), CC1Write@cc1Addr(1), CC1Read@cc1Addr(1), CC1Strobe@cc1Stb(1), 
		 -> cc1PaTable(8), cc1InitVal(47), 
  len             1    3[COMMON] unsigned char 
 Auto vars:     Size  Location     Type
  i               1    6[COMMON] unsigned char 
 Return value:  Size  Location     Type
		None               void
 Registers used:
		wreg, fsr1l, fsr1h, status,2, status,0
 Tracked objects:
		On entry : 
		On exit  : 
		Unchanged: 
 Data sizes:     COMMON   BANK0   BANK1   BANK2   BANK3   BANK4   BANK5   BANK6   BANK7   BANK8   BANK9  BANK10  BANK11  BANK12
      Params:         3       0       0       0       0       0       0       0       0       0       0       0       0       0
      Locals:         1       0       0       0       0       0       0       0       0       0       0       0       0       0
      Temps:          2       0       0       0       0       0       0       0       0       0       0       0       0       0
      Totals:         6       0       0       0       0       0       0       0       0       0       0       0       0       0
Total ram usage:        6 bytes
 Hardware stack levels used:    1
 Hardware stack levels required when called:    2
 This function calls:
		Nothing
 This function is called by:
		_CC1Strobe
		_CC1Read
		_CC1Write
 This function uses a non-reentrant model


 *************** function _DLYDelay_ms *****************
 Defined at:
		line 18 in file "DLY.c"
 Parameters:    Size  Location     Type
  val             2    1[COMMON] unsigned short 
 Auto vars:     Size  Location     Type
  i               2    5[COMMON] unsigned short 
 Return value:  Size  Location     Type
		None               void
 Registers used:
		wreg, status,2
 Tracked objects:
		On entry : 
		On exit  : 
		Unchanged: 
 Data sizes:     COMMON   BANK0   BANK1   BANK2   BANK3   BANK4   BANK5   BANK6   BANK7   BANK8   BANK9  BANK10  BANK11  BANK12
      Params:         2       0       0       0       0       0       0       0       0       0       0       0       0       0
      Locals:         2       0       0       0       0       0       0       0       0       0       0       0       0       0
      Temps:          2       0       0       0       0       0       0       0       0       0       0       0       0       0
      Totals:         6       0       0       0       0       0       0       0       0       0       0       0       0       0
Total ram usage:        6 bytes
 Hardware stack levels used:    1
 Hardware stack levels required when called:    2
 This function calls:
		Nothing
 This function is called by:
		_CC1Init
		_DPYInitDisplay
 This function uses a non-reentrant model


 *************** function _SPIInit *****************
 Defined at:
		line 9 in file "SPI.c"
 Parameters:    Size  Location     Type
  state           1    wreg     unsigned char 
 Auto vars:     Size  Location     Type
  state           1    2[COMMON] unsigned char 
 Return value:  Size  Location     Type
		None               void
 Registers used:
		wreg, fsr0l, fsr0h, status,2, status,0
 Tracked objects:
		On entry : 
		On exit  : 
		Unchanged: 
 Data sizes:     COMMON   BANK0   BANK1   BANK2   BANK3   BANK4   BANK5   BANK6   BANK7   BANK8   BANK9  BANK10  BANK11  BANK12
      Params:         0       0       0       0       0       0       0       0       0       0       0       0       0       0
      Locals:         1       0       0       0       0       0       0       0       0       0       0       0       0       0
      Temps:          1       0       0       0       0       0       0       0       0       0       0       0       0       0
      Totals:         2       0       0       0       0       0       0       0       0       0       0       0       0       0
Total ram usage:        2 bytes
 Hardware stack levels used:    1
 Hardware stack levels required when called:    2
 This function calls:
		Nothing
 This function is called by:
		_main
 This function uses a non-reentrant model


 *************** function _OUTInit *****************
 Defined at:
		line 7 in file "OUT.c"
 Parameters:    Size  Location     Type
  sta             1    wreg     unsigned char 
 Auto vars:     Size  Location     Type
  sta             1    2[COMMON] unsigned char 
 Return value:  Size  Location     Type
		None               void
 Registers used:
		wreg, fsr0l, fsr0h, status,2, status,0
 Tracked objects:
		On entry : 
		On exit  : 
		Unchanged: 
 Data sizes:     COMMON   BANK0   BANK1   BANK2   BANK3   BANK4   BANK5   BANK6   BANK7   BANK8   BANK9  BANK10  BANK11  BANK12
      Params:         0       0       0       0       0       0       0       0       0       0       0       0       0       0
      Locals:         1       0       0       0       0       0       0       0       0       0       0       0       0       0
      Temps:          1       0       0       0       0       0       0       0       0       0       0       0       0       0
      Totals:         2       0       0       0       0       0       0       0       0       0       0       0       0       0
Total ram usage:        2 bytes
 Hardware stack levels used:    1
 Hardware stack levels required when called:    2
 This function calls:
		Nothing
 This function is called by:
		_main
 This function uses a non-reentrant model


 *************** function _INInit *****************
 Defined at:
		line 7 in file "IN.c"
 Parameters:    Size  Location     Type
  sta             1    wreg     unsigned char 
 Auto vars:     Size  Location     Type
  sta             1    2[COMMON] unsigned char 
 Return value:  Size  Location     Type
		None               void
 Registers used:
		wreg, fsr0l, fsr0h, status,2, status,0
 Tracked objects:
		On entry : 
		On exit  : 
		Unchanged: 
 Data sizes:     COMMON   BANK0   BANK1   BANK2   BANK3   BANK4   BANK5   BANK6   BANK7   BANK8   BANK9  BANK10  BANK11  BANK12
      Params:         0       0       0       0       0       0       0       0       0       0       0       0       0       0
      Locals:         1       0       0       0       0       0       0       0       0       0       0       0       0       0
      Temps:          1       0       0       0       0       0       0       0       0       0       0       0       0       0
      Totals:         2       0       0       0       0       0       0       0       0       0       0       0       0       0
Total ram usage:        2 bytes
 Hardware stack levels used:    1
 Hardware stack levels required when called:    2
 This function calls:
		Nothing
 This function is called by:
		_main
 This function uses a non-reentrant model


 *************** function _INTIsr *****************
 Defined at:
		line 38 in file "Base.c"
 Parameters:    Size  Location     Type
		None
 Auto vars:     Size  Location     Type
		None
 Return value:  Size  Location     Type
		None               void
 Registers used:
		wreg, status,2, status,0, pclath, cstack
 Tracked objects:
		On entry : 
		On exit  : 
		Unchanged: 
 Data sizes:     COMMON   BANK0   BANK1   BANK2   BANK3   BANK4   BANK5   BANK6   BANK7   BANK8   BANK9  BANK10  BANK11  BANK12
      Params:         0       0       0       0       0       0       0       0       0       0       0       0       0       0
      Locals:         0       0       0       0       0       0       0       0       0       0       0       0       0       0
      Temps:          1       0       0       0       0       0       0       0       0       0       0       0       0       0
      Totals:         1       0       0       0       0       0       0       0       0       0       0       0       0       0
Total ram usage:        1 bytes
 Hardware stack levels used:    1
 Hardware stack levels required when called:    1
 This function calls:
		_SYSInt
 This function is called by:
		Interrupt level 1
 This function uses a non-reentrant model


 *************** function _SYSInt *****************
 Defined at:
		line 33 in file "SYS.c"
 Parameters:    Size  Location     Type
		None
 Auto vars:     Size  Location     Type
		None
 Return value:  Size  Location     Type
		None               void
 Registers used:
		wreg
 Tracked objects:
		On entry : 
		On exit  : 
		Unchanged: 
 Data sizes:     COMMON   BANK0   BANK1   BANK2   BANK3   BANK4   BANK5   BANK6   BANK7   BANK8   BANK9  BANK10  BANK11  BANK12
      Params:         0       0       0       0       0       0       0       0       0       0       0       0       0       0
      Locals:         0       0       0       0       0       0       0       0       0       0       0       0       0       0
      Temps:          0       0       0       0       0       0       0       0       0       0       0       0       0       0
      Totals:         0       0       0       0       0       0       0       0       0       0       0       0       0       0
Total ram usage:        0 bytes
 Hardware stack levels used:    1
 This function calls:
		Nothing
 This function is called by:
		_INTIsr
 This function uses a non-reentrant model



MODULE INFORMATION

Module		Function		Class		Link	Load	Size
C:\Programmi\Microchip\xc8\v1.21\sources\pic\lbtoft.c
		___lbtoft      		CODE           	09F8	0000	26

C:\Programmi\Microchip\xc8\v1.21\sources\pic\lbtoft.c estimated size: 26

IN.c
		_INInit        		CODE           	097F	0000	23

IN.c estimated size: 23

C:\Programmi\Microchip\xc8\v1.21\sources\pic\lltoft.c
		___lltoft      		CODE           	0BD7	0000	43

C:\Programmi\Microchip\xc8\v1.21\sources\pic\lltoft.c estimated size: 43

C:\Programmi\Microchip\xc8\v1.21\sources\pic\awdiv.c
		___awdiv       		CODE           	0EA5	0000	83

C:\Programmi\Microchip\xc8\v1.21\sources\pic\awdiv.c estimated size: 83

C:\Programmi\Microchip\xc8\v1.21\sources\pic\ftadd.c
		___ftadd       		CODE           	03E8	0000	246

C:\Programmi\Microchip\xc8\v1.21\sources\pic\ftadd.c estimated size: 246

DIN.c
		_DINTick       		CODE           	0BB0	0000	39
		_DINTask       		CODE           	0A67	0000	29
		_DINInit       		CODE           	08F7	0000	18

DIN.c estimated size: 86

C:\Programmi\Microchip\xc8\v1.21\sources\pic\float.c
		___ftpack      		CODE           	077A	0000	96

C:\Programmi\Microchip\xc8\v1.21\sources\pic\float.c estimated size: 96

shared
		__stringtab    		STRING         	0800	0000	1
		__stringdata   		STRING         	082E	0000	11
		_dpowers       		STRING         	0801	0000	40
		_nvm_pgm_cfg   		STRING         	0829	0000	5
		__initializatio		CODE           	0013	0000	48

shared estimated size: 105

C:\Programmi\Microchip\xc8\v1.21\sources\common\doprnt.c
		_sprintf       		CODE           	0046	0000	476

C:\Programmi\Microchip\xc8\v1.21\sources\common\doprnt.c estimated size: 476

DLY.c
		_DLYDelay_ms   		CODE           	09AD	0000	25
		_DLYDelay_us   		CODE           	08D5	0000	17

DLY.c estimated size: 42

NVM.c
		_NVMWrite      		CODE           	04DE	0000	190
		_NVMInit       		CODE           	087C	0000	11
		_NVMRead       		CODE           	07DA	0000	38

NVM.c estimated size: 239

SYS.c
		_SYSTask       		CODE           	0B01	0000	34
		_SYSInt        		CODE           	0849	0000	6
		_SYSInit       		CODE           	0B46	0000	35

SYS.c estimated size: 75

C:\Programmi\Microchip\xc8\v1.21\sources\common\isdigit.c
		_isdigit       		CODE           	08B9	0000	14

C:\Programmi\Microchip\xc8\v1.21\sources\common\isdigit.c estimated size: 14

CC1.c
		_CC1Strobe     		CODE           	0955	0000	20
		_CC1Write      		CODE           	0B23	0000	35
		_CC1Init       		CODE           	0C5D	0000	48
		_CC1Read       		CODE           	0A2E	0000	28

CC1.c estimated size: 131

Base.c
		_main          		CODE           	0E04	0000	78
		_INTIsr        		CODE           	0004	0000	13

Base.c estimated size: 91

C:\Programmi\Microchip\xc8\v1.21\sources\pic\ftoa.c
		_ftoa          		CODE           	0650	0000	163

C:\Programmi\Microchip\xc8\v1.21\sources\pic\ftoa.c estimated size: 163

C:\Programmi\Microchip\xc8\v1.21\sources\pic\llmod.c
		___llmod       		CODE           	0D78	0000	67

C:\Programmi\Microchip\xc8\v1.21\sources\pic\llmod.c estimated size: 67

SPI.c
		_SPIRead       		CODE           	0ABF	0000	32
		_SPIWrite      		CODE           	0A4A	0000	29
		_SPIInit       		CODE           	0AA1	0000	30

SPI.c estimated size: 91

C:\Programmi\Microchip\xc8\v1.21\sources\pic\lldiv.c
		___lldiv       		CODE           	0E52	0000	83

C:\Programmi\Microchip\xc8\v1.21\sources\pic\lldiv.c estimated size: 83

C:\Programmi\Microchip\xc8\v1.21\sources\pic\ftsub.c
		___ftsub       		CODE           	09DF	0000	25

C:\Programmi\Microchip\xc8\v1.21\sources\pic\ftsub.c estimated size: 25

C:\Programmi\Microchip\xc8\v1.21\sources\pic\ftneg.c
		___ftneg       		CODE           	0861	0000	8

C:\Programmi\Microchip\xc8\v1.21\sources\pic\ftneg.c estimated size: 8

RTX.c
		_RTXSndPkt     		CODE           	0EF8	0000	85
		_RTXReadPkt    		CODE           	0FA3	0000	93
		_RTXRcvPkt     		CODE           	08C7	0000	14
		_RTXUpdateDispl		CODE           	0222	0000	454
		_RTXTick       		CODE           	08AC	0000	13
		_RTXTask       		CODE           	084F	0000	6
		_RTXInit       		CODE           	0B8C	0000	36
		_RTXSendPgm    		CODE           	0B69	0000	35
		_RTXSendRData  		CODE           	0ADF	0000	34

RTX.c estimated size: 770

C:\Programmi\Microchip\xc8\v1.21\sources\pic\ftge.c
		___ftge        		CODE           	0CBF	0000	59

C:\Programmi\Microchip\xc8\v1.21\sources\pic\ftge.c estimated size: 59

C:\Programmi\Microchip\xc8\v1.21\sources\pic\wmul.c
		___wmul        		CODE           	0A84	0000	29

C:\Programmi\Microchip\xc8\v1.21\sources\pic\wmul.c estimated size: 29

DPY.c
		_DPYDrawChar   		CODE           	0C02	0000	44
		_DPYWriteByte  		CODE           	0F4D	0000	86
		_DPYInit       		CODE           	0909	0000	19
		_DPYSendStr    		CODE           	0DBB	0000	73
		_DPYSendChar   		CODE           	0869	0000	9
		_DPYIsBusy     		CODE           	0D38	0000	64
		_DPYWriteNibble		CODE           	0C8D	0000	50
		_DPYInitDisplay		CODE           	0CFA	0000	62
		_DPYSetCur     		CODE           	0969	0000	22

DPY.c estimated size: 429

C:\Programmi\Microchip\xc8\v1.21\sources\pic\ftmul.c
		___ftmul       		CODE           	059C	0000	180

C:\Programmi\Microchip\xc8\v1.21\sources\pic\ftmul.c estimated size: 180

C:\Programmi\Microchip\xc8\v1.21\sources\pic\fttol.c
		___fttol       		CODE           	06F3	0000	135

C:\Programmi\Microchip\xc8\v1.21\sources\pic\fttol.c estimated size: 135

OUT.c
		_OUTSetHTCDataN		CODE           	0A12	0000	28
		_OUTInit       		CODE           	0996	0000	23

OUT.c estimated size: 51

PGM.c
		_PGMPgmOff     		CODE           	0844	0000	5
		_PGMSelDown    		CODE           	0872	0000	10
		_PGMCheckNvm   		CODE           	0887	0000	12
		_PGMReadNvm    		CODE           	091C	0000	19
		_PGMNvmReset   		CODE           	0942	0000	19
		_PGMTick       		CODE           	089F	0000	13
		_PGMSelLong    		CODE           	0893	0000	12
		_PGMWriteNvm   		CODE           	092F	0000	19
		_PGMInit       		CODE           	09C6	0000	25

PGM.c estimated size: 134

